Archive member included to satisfy reference by file (symbol)

c:/st/stm32cubeide_1.7.0/stm32cubeide/plugins/com.st.stm32cube.ide.mcu.externaltools.gnu-tools-for-stm32.9-2020-q2-update.win32_2.0.0.202105311346/tools/bin/../lib/gcc/arm-none-eabi/9.3.1/../../../../arm-none-eabi/lib/thumb/v7e-m+fp/hard\libc_nano.a(lib_a-exit.o)
                              c:/st/stm32cubeide_1.7.0/stm32cubeide/plugins/com.st.stm32cube.ide.mcu.externaltools.gnu-tools-for-stm32.9-2020-q2-update.win32_2.0.0.202105311346/tools/bin/../lib/gcc/arm-none-eabi/9.3.1/../../../../arm-none-eabi/lib/thumb/v7e-m+fp/hard/crt0.o (exit)
c:/st/stm32cubeide_1.7.0/stm32cubeide/plugins/com.st.stm32cube.ide.mcu.externaltools.gnu-tools-for-stm32.9-2020-q2-update.win32_2.0.0.202105311346/tools/bin/../lib/gcc/arm-none-eabi/9.3.1/../../../../arm-none-eabi/lib/thumb/v7e-m+fp/hard\libc_nano.a(lib_a-impure.o)
                              c:/st/stm32cubeide_1.7.0/stm32cubeide/plugins/com.st.stm32cube.ide.mcu.externaltools.gnu-tools-for-stm32.9-2020-q2-update.win32_2.0.0.202105311346/tools/bin/../lib/gcc/arm-none-eabi/9.3.1/../../../../arm-none-eabi/lib/thumb/v7e-m+fp/hard\libc_nano.a(lib_a-exit.o) (_global_impure_ptr)
c:/st/stm32cubeide_1.7.0/stm32cubeide/plugins/com.st.stm32cube.ide.mcu.externaltools.gnu-tools-for-stm32.9-2020-q2-update.win32_2.0.0.202105311346/tools/bin/../lib/gcc/arm-none-eabi/9.3.1/../../../../arm-none-eabi/lib/thumb/v7e-m+fp/hard\libc_nano.a(lib_a-init.o)
                              c:/st/stm32cubeide_1.7.0/stm32cubeide/plugins/com.st.stm32cube.ide.mcu.externaltools.gnu-tools-for-stm32.9-2020-q2-update.win32_2.0.0.202105311346/tools/bin/../lib/gcc/arm-none-eabi/9.3.1/../../../../arm-none-eabi/lib/thumb/v7e-m+fp/hard/crt0.o (__libc_init_array)
c:/st/stm32cubeide_1.7.0/stm32cubeide/plugins/com.st.stm32cube.ide.mcu.externaltools.gnu-tools-for-stm32.9-2020-q2-update.win32_2.0.0.202105311346/tools/bin/../lib/gcc/arm-none-eabi/9.3.1/../../../../arm-none-eabi/lib/thumb/v7e-m+fp/hard\libc_nano.a(lib_a-memset.o)
                              c:/st/stm32cubeide_1.7.0/stm32cubeide/plugins/com.st.stm32cube.ide.mcu.externaltools.gnu-tools-for-stm32.9-2020-q2-update.win32_2.0.0.202105311346/tools/bin/../lib/gcc/arm-none-eabi/9.3.1/../../../../arm-none-eabi/lib/thumb/v7e-m+fp/hard/crt0.o (memset)
c:/st/stm32cubeide_1.7.0/stm32cubeide/plugins/com.st.stm32cube.ide.mcu.externaltools.gnu-tools-for-stm32.9-2020-q2-update.win32_2.0.0.202105311346/tools/bin/../lib/gcc/arm-none-eabi/9.3.1/../../../../arm-none-eabi/lib/thumb/v7e-m+fp/hard\libc_nano.a(lib_a-strlen.o)
                              ./src/tiny_printf.o (strlen)
c:/st/stm32cubeide_1.7.0/stm32cubeide/plugins/com.st.stm32cube.ide.mcu.externaltools.gnu-tools-for-stm32.9-2020-q2-update.win32_2.0.0.202105311346/tools/bin/../lib/gcc/arm-none-eabi/9.3.1/../../../../arm-none-eabi/lib/thumb/v7e-m+fp/hard\libnosys.a(write.o)
                              ./src/tiny_printf.o (_write)
c:/st/stm32cubeide_1.7.0/stm32cubeide/plugins/com.st.stm32cube.ide.mcu.externaltools.gnu-tools-for-stm32.9-2020-q2-update.win32_2.0.0.202105311346/tools/bin/../lib/gcc/arm-none-eabi/9.3.1/../../../../arm-none-eabi/lib/thumb/v7e-m+fp/hard\libnosys.a(_exit.o)
                              c:/st/stm32cubeide_1.7.0/stm32cubeide/plugins/com.st.stm32cube.ide.mcu.externaltools.gnu-tools-for-stm32.9-2020-q2-update.win32_2.0.0.202105311346/tools/bin/../lib/gcc/arm-none-eabi/9.3.1/../../../../arm-none-eabi/lib/thumb/v7e-m+fp/hard\libc_nano.a(lib_a-exit.o) (_exit)
c:/st/stm32cubeide_1.7.0/stm32cubeide/plugins/com.st.stm32cube.ide.mcu.externaltools.gnu-tools-for-stm32.9-2020-q2-update.win32_2.0.0.202105311346/tools/bin/../lib/gcc/arm-none-eabi/9.3.1/../../../../arm-none-eabi/lib/thumb/v7e-m+fp/hard\libnosys.a(errno.o)
                              c:/st/stm32cubeide_1.7.0/stm32cubeide/plugins/com.st.stm32cube.ide.mcu.externaltools.gnu-tools-for-stm32.9-2020-q2-update.win32_2.0.0.202105311346/tools/bin/../lib/gcc/arm-none-eabi/9.3.1/../../../../arm-none-eabi/lib/thumb/v7e-m+fp/hard\libnosys.a(write.o) (errno)

Allocating common symbols
Common symbol       size              file

errno               0x4               c:/st/stm32cubeide_1.7.0/stm32cubeide/plugins/com.st.stm32cube.ide.mcu.externaltools.gnu-tools-for-stm32.9-2020-q2-update.win32_2.0.0.202105311346/tools/bin/../lib/gcc/arm-none-eabi/9.3.1/../../../../arm-none-eabi/lib/thumb/v7e-m+fp/hard\libnosys.a(errno.o)

Discarded input sections

 .text          0x0000000000000000        0x0 c:/st/stm32cubeide_1.7.0/stm32cubeide/plugins/com.st.stm32cube.ide.mcu.externaltools.gnu-tools-for-stm32.9-2020-q2-update.win32_2.0.0.202105311346/tools/bin/../lib/gcc/arm-none-eabi/9.3.1/thumb/v7e-m+fp/hard/crti.o
 .data          0x0000000000000000        0x0 c:/st/stm32cubeide_1.7.0/stm32cubeide/plugins/com.st.stm32cube.ide.mcu.externaltools.gnu-tools-for-stm32.9-2020-q2-update.win32_2.0.0.202105311346/tools/bin/../lib/gcc/arm-none-eabi/9.3.1/thumb/v7e-m+fp/hard/crti.o
 .bss           0x0000000000000000        0x0 c:/st/stm32cubeide_1.7.0/stm32cubeide/plugins/com.st.stm32cube.ide.mcu.externaltools.gnu-tools-for-stm32.9-2020-q2-update.win32_2.0.0.202105311346/tools/bin/../lib/gcc/arm-none-eabi/9.3.1/thumb/v7e-m+fp/hard/crti.o
 .data          0x0000000000000000        0x4 c:/st/stm32cubeide_1.7.0/stm32cubeide/plugins/com.st.stm32cube.ide.mcu.externaltools.gnu-tools-for-stm32.9-2020-q2-update.win32_2.0.0.202105311346/tools/bin/../lib/gcc/arm-none-eabi/9.3.1/thumb/v7e-m+fp/hard/crtbegin.o
 .text          0x0000000000000000       0x7c c:/st/stm32cubeide_1.7.0/stm32cubeide/plugins/com.st.stm32cube.ide.mcu.externaltools.gnu-tools-for-stm32.9-2020-q2-update.win32_2.0.0.202105311346/tools/bin/../lib/gcc/arm-none-eabi/9.3.1/../../../../arm-none-eabi/lib/thumb/v7e-m+fp/hard/crt0.o
 .data          0x0000000000000000        0x0 c:/st/stm32cubeide_1.7.0/stm32cubeide/plugins/com.st.stm32cube.ide.mcu.externaltools.gnu-tools-for-stm32.9-2020-q2-update.win32_2.0.0.202105311346/tools/bin/../lib/gcc/arm-none-eabi/9.3.1/../../../../arm-none-eabi/lib/thumb/v7e-m+fp/hard/crt0.o
 .bss           0x0000000000000000        0x0 c:/st/stm32cubeide_1.7.0/stm32cubeide/plugins/com.st.stm32cube.ide.mcu.externaltools.gnu-tools-for-stm32.9-2020-q2-update.win32_2.0.0.202105311346/tools/bin/../lib/gcc/arm-none-eabi/9.3.1/../../../../arm-none-eabi/lib/thumb/v7e-m+fp/hard/crt0.o
 .ARM.extab     0x0000000000000000        0x0 c:/st/stm32cubeide_1.7.0/stm32cubeide/plugins/com.st.stm32cube.ide.mcu.externaltools.gnu-tools-for-stm32.9-2020-q2-update.win32_2.0.0.202105311346/tools/bin/../lib/gcc/arm-none-eabi/9.3.1/../../../../arm-none-eabi/lib/thumb/v7e-m+fp/hard/crt0.o
 .ARM.exidx     0x0000000000000000       0x10 c:/st/stm32cubeide_1.7.0/stm32cubeide/plugins/com.st.stm32cube.ide.mcu.externaltools.gnu-tools-for-stm32.9-2020-q2-update.win32_2.0.0.202105311346/tools/bin/../lib/gcc/arm-none-eabi/9.3.1/../../../../arm-none-eabi/lib/thumb/v7e-m+fp/hard/crt0.o
 .ARM.attributes
                0x0000000000000000       0x1c c:/st/stm32cubeide_1.7.0/stm32cubeide/plugins/com.st.stm32cube.ide.mcu.externaltools.gnu-tools-for-stm32.9-2020-q2-update.win32_2.0.0.202105311346/tools/bin/../lib/gcc/arm-none-eabi/9.3.1/../../../../arm-none-eabi/lib/thumb/v7e-m+fp/hard/crt0.o
 .group         0x0000000000000000        0xc ./src/main.o
 .group         0x0000000000000000        0xc ./src/main.o
 .group         0x0000000000000000        0xc ./src/main.o
 .group         0x0000000000000000        0xc ./src/main.o
 .group         0x0000000000000000        0xc ./src/main.o
 .group         0x0000000000000000        0xc ./src/main.o
 .group         0x0000000000000000        0xc ./src/main.o
 .group         0x0000000000000000        0xc ./src/main.o
 .group         0x0000000000000000        0xc ./src/main.o
 .group         0x0000000000000000        0xc ./src/main.o
 .group         0x0000000000000000        0xc ./src/main.o
 .group         0x0000000000000000        0xc ./src/main.o
 .group         0x0000000000000000        0xc ./src/main.o
 .group         0x0000000000000000        0xc ./src/main.o
 .group         0x0000000000000000        0xc ./src/main.o
 .text          0x0000000000000000        0x0 ./src/main.o
 .data          0x0000000000000000        0x0 ./src/main.o
 .bss           0x0000000000000000        0x0 ./src/main.o
 .text          0x0000000000000000       0x14 ./src/startup_stm32f446xx.o
 .data          0x0000000000000000        0x0 ./src/startup_stm32f446xx.o
 .bss           0x0000000000000000        0x0 ./src/startup_stm32f446xx.o
 .group         0x0000000000000000        0xc ./src/system_stm32f4xx.o
 .group         0x0000000000000000        0xc ./src/system_stm32f4xx.o
 .group         0x0000000000000000        0xc ./src/system_stm32f4xx.o
 .group         0x0000000000000000        0xc ./src/system_stm32f4xx.o
 .group         0x0000000000000000        0xc ./src/system_stm32f4xx.o
 .group         0x0000000000000000        0xc ./src/system_stm32f4xx.o
 .group         0x0000000000000000        0xc ./src/system_stm32f4xx.o
 .group         0x0000000000000000        0xc ./src/system_stm32f4xx.o
 .group         0x0000000000000000        0xc ./src/system_stm32f4xx.o
 .group         0x0000000000000000        0xc ./src/system_stm32f4xx.o
 .group         0x0000000000000000        0xc ./src/system_stm32f4xx.o
 .group         0x0000000000000000        0xc ./src/system_stm32f4xx.o
 .group         0x0000000000000000        0xc ./src/system_stm32f4xx.o
 .group         0x0000000000000000        0xc ./src/system_stm32f4xx.o
 .group         0x0000000000000000        0xc ./src/system_stm32f4xx.o
 .text          0x0000000000000000        0x0 ./src/system_stm32f4xx.o
 .data          0x0000000000000000        0x0 ./src/system_stm32f4xx.o
 .bss           0x0000000000000000        0x0 ./src/system_stm32f4xx.o
 .data.SystemCoreClock
                0x0000000000000000        0x4 ./src/system_stm32f4xx.o
 .data.AHBPrescTable
                0x0000000000000000       0x10 ./src/system_stm32f4xx.o
 .text.SystemCoreClockUpdate
                0x0000000000000000      0x104 ./src/system_stm32f4xx.o
 .debug_macro   0x0000000000000000      0xa9c ./src/system_stm32f4xx.o
 .debug_macro   0x0000000000000000       0x2e ./src/system_stm32f4xx.o
 .debug_macro   0x0000000000000000       0x28 ./src/system_stm32f4xx.o
 .debug_macro   0x0000000000000000       0x3b ./src/system_stm32f4xx.o
 .debug_macro   0x0000000000000000       0x22 ./src/system_stm32f4xx.o
 .debug_macro   0x0000000000000000       0x8e ./src/system_stm32f4xx.o
 .debug_macro   0x0000000000000000       0x51 ./src/system_stm32f4xx.o
 .debug_macro   0x0000000000000000      0x103 ./src/system_stm32f4xx.o
 .debug_macro   0x0000000000000000       0x6a ./src/system_stm32f4xx.o
 .debug_macro   0x0000000000000000      0x1df ./src/system_stm32f4xx.o
 .debug_macro   0x0000000000000000       0x2d ./src/system_stm32f4xx.o
 .debug_macro   0x0000000000000000       0x26 ./src/system_stm32f4xx.o
 .debug_macro   0x0000000000000000      0xd39 ./src/system_stm32f4xx.o
 .debug_macro   0x0000000000000000     0x9ce3 ./src/system_stm32f4xx.o
 .debug_macro   0x0000000000000000       0x43 ./src/system_stm32f4xx.o
 .group         0x0000000000000000        0xc ./src/tiny_printf.o
 .group         0x0000000000000000        0xc ./src/tiny_printf.o
 .group         0x0000000000000000        0xc ./src/tiny_printf.o
 .group         0x0000000000000000        0xc ./src/tiny_printf.o
 .group         0x0000000000000000        0xc ./src/tiny_printf.o
 .group         0x0000000000000000        0xc ./src/tiny_printf.o
 .group         0x0000000000000000        0xc ./src/tiny_printf.o
 .group         0x0000000000000000        0xc ./src/tiny_printf.o
 .group         0x0000000000000000        0xc ./src/tiny_printf.o
 .group         0x0000000000000000        0xc ./src/tiny_printf.o
 .group         0x0000000000000000        0xc ./src/tiny_printf.o
 .group         0x0000000000000000        0xc ./src/tiny_printf.o
 .group         0x0000000000000000        0xc ./src/tiny_printf.o
 .group         0x0000000000000000        0xc ./src/tiny_printf.o
 .group         0x0000000000000000        0xc ./src/tiny_printf.o
 .group         0x0000000000000000        0xc ./src/tiny_printf.o
 .group         0x0000000000000000        0xc ./src/tiny_printf.o
 .group         0x0000000000000000        0xc ./src/tiny_printf.o
 .group         0x0000000000000000        0xc ./src/tiny_printf.o
 .group         0x0000000000000000        0xc ./src/tiny_printf.o
 .group         0x0000000000000000        0xc ./src/tiny_printf.o
 .group         0x0000000000000000        0xc ./src/tiny_printf.o
 .group         0x0000000000000000        0xc ./src/tiny_printf.o
 .group         0x0000000000000000        0xc ./src/tiny_printf.o
 .group         0x0000000000000000        0xc ./src/tiny_printf.o
 .group         0x0000000000000000        0xc ./src/tiny_printf.o
 .group         0x0000000000000000        0xc ./src/tiny_printf.o
 .group         0x0000000000000000        0xc ./src/tiny_printf.o
 .group         0x0000000000000000        0xc ./src/tiny_printf.o
 .group         0x0000000000000000        0xc ./src/tiny_printf.o
 .group         0x0000000000000000        0xc ./src/tiny_printf.o
 .group         0x0000000000000000        0xc ./src/tiny_printf.o
 .group         0x0000000000000000        0xc ./src/tiny_printf.o
 .group         0x0000000000000000        0xc ./src/tiny_printf.o
 .group         0x0000000000000000        0xc ./src/tiny_printf.o
 .group         0x0000000000000000        0xc ./src/tiny_printf.o
 .text          0x0000000000000000        0x0 ./src/tiny_printf.o
 .data          0x0000000000000000        0x0 ./src/tiny_printf.o
 .bss           0x0000000000000000        0x0 ./src/tiny_printf.o
 .text.ts_itoa  0x0000000000000000       0x94 ./src/tiny_printf.o
 .text.ts_formatstring
                0x0000000000000000      0x1ac ./src/tiny_printf.o
 .text.ts_formatlength
                0x0000000000000000      0x12c ./src/tiny_printf.o
 .text.siprintf
                0x0000000000000000       0x2c ./src/tiny_printf.o
 .text.fiprintf
                0x0000000000000000       0xa4 ./src/tiny_printf.o
 .text.iprintf  0x0000000000000000       0x9c ./src/tiny_printf.o
 .rodata        0x0000000000000000        0x2 ./src/tiny_printf.o
 .text.fputs    0x0000000000000000       0x68 ./src/tiny_printf.o
 .text.puts     0x0000000000000000       0x58 ./src/tiny_printf.o
 .text.fwrite   0x0000000000000000       0x38 ./src/tiny_printf.o
 .debug_info    0x0000000000000000      0xd3b ./src/tiny_printf.o
 .debug_abbrev  0x0000000000000000      0x2a8 ./src/tiny_printf.o
 .debug_aranges
                0x0000000000000000       0x60 ./src/tiny_printf.o
 .debug_ranges  0x0000000000000000       0x50 ./src/tiny_printf.o
 .debug_macro   0x0000000000000000      0x1c9 ./src/tiny_printf.o
 .debug_macro   0x0000000000000000      0xa9c ./src/tiny_printf.o
 .debug_macro   0x0000000000000000       0x58 ./src/tiny_printf.o
 .debug_macro   0x0000000000000000       0x22 ./src/tiny_printf.o
 .debug_macro   0x0000000000000000       0x4c ./src/tiny_printf.o
 .debug_macro   0x0000000000000000       0x18 ./src/tiny_printf.o
 .debug_macro   0x0000000000000000       0x94 ./src/tiny_printf.o
 .debug_macro   0x0000000000000000       0x3c ./src/tiny_printf.o
 .debug_macro   0x0000000000000000       0x34 ./src/tiny_printf.o
 .debug_macro   0x0000000000000000       0x16 ./src/tiny_printf.o
 .debug_macro   0x0000000000000000       0x57 ./src/tiny_printf.o
 .debug_macro   0x0000000000000000       0x97 ./src/tiny_printf.o
 .debug_macro   0x0000000000000000      0x339 ./src/tiny_printf.o
 .debug_macro   0x0000000000000000       0xfd ./src/tiny_printf.o
 .debug_macro   0x0000000000000000       0x16 ./src/tiny_printf.o
 .debug_macro   0x0000000000000000       0x43 ./src/tiny_printf.o
 .debug_macro   0x0000000000000000       0x34 ./src/tiny_printf.o
 .debug_macro   0x0000000000000000       0x10 ./src/tiny_printf.o
 .debug_macro   0x0000000000000000       0x58 ./src/tiny_printf.o
 .debug_macro   0x0000000000000000       0x71 ./src/tiny_printf.o
 .debug_macro   0x0000000000000000       0x1c ./src/tiny_printf.o
 .debug_macro   0x0000000000000000      0x12a ./src/tiny_printf.o
 .debug_macro   0x0000000000000000       0x10 ./src/tiny_printf.o
 .debug_macro   0x0000000000000000       0x6a ./src/tiny_printf.o
 .debug_macro   0x0000000000000000       0x1c ./src/tiny_printf.o
 .debug_macro   0x0000000000000000       0x52 ./src/tiny_printf.o
 .debug_macro   0x0000000000000000       0x22 ./src/tiny_printf.o
 .debug_macro   0x0000000000000000       0x10 ./src/tiny_printf.o
 .debug_macro   0x0000000000000000       0x40 ./src/tiny_printf.o
 .debug_macro   0x0000000000000000       0xd5 ./src/tiny_printf.o
 .debug_macro   0x0000000000000000       0x1c ./src/tiny_printf.o
 .debug_macro   0x0000000000000000       0x3d ./src/tiny_printf.o
 .debug_macro   0x0000000000000000       0x16 ./src/tiny_printf.o
 .debug_macro   0x0000000000000000      0x145 ./src/tiny_printf.o
 .debug_macro   0x0000000000000000       0x16 ./src/tiny_printf.o
 .debug_macro   0x0000000000000000       0x35 ./src/tiny_printf.o
 .debug_macro   0x0000000000000000       0x20 ./src/tiny_printf.o
 .debug_line    0x0000000000000000      0x7f6 ./src/tiny_printf.o
 .debug_str     0x0000000000000000     0x7935 ./src/tiny_printf.o
 .comment       0x0000000000000000       0x54 ./src/tiny_printf.o
 .debug_frame   0x0000000000000000      0x1ac ./src/tiny_printf.o
 .ARM.attributes
                0x0000000000000000       0x34 ./src/tiny_printf.o
 .text          0x0000000000000000        0x0 c:/st/stm32cubeide_1.7.0/stm32cubeide/plugins/com.st.stm32cube.ide.mcu.externaltools.gnu-tools-for-stm32.9-2020-q2-update.win32_2.0.0.202105311346/tools/bin/../lib/gcc/arm-none-eabi/9.3.1/../../../../arm-none-eabi/lib/thumb/v7e-m+fp/hard\libc_nano.a(lib_a-exit.o)
 .data          0x0000000000000000        0x0 c:/st/stm32cubeide_1.7.0/stm32cubeide/plugins/com.st.stm32cube.ide.mcu.externaltools.gnu-tools-for-stm32.9-2020-q2-update.win32_2.0.0.202105311346/tools/bin/../lib/gcc/arm-none-eabi/9.3.1/../../../../arm-none-eabi/lib/thumb/v7e-m+fp/hard\libc_nano.a(lib_a-exit.o)
 .bss           0x0000000000000000        0x0 c:/st/stm32cubeide_1.7.0/stm32cubeide/plugins/com.st.stm32cube.ide.mcu.externaltools.gnu-tools-for-stm32.9-2020-q2-update.win32_2.0.0.202105311346/tools/bin/../lib/gcc/arm-none-eabi/9.3.1/../../../../arm-none-eabi/lib/thumb/v7e-m+fp/hard\libc_nano.a(lib_a-exit.o)
 .text.exit     0x0000000000000000       0x28 c:/st/stm32cubeide_1.7.0/stm32cubeide/plugins/com.st.stm32cube.ide.mcu.externaltools.gnu-tools-for-stm32.9-2020-q2-update.win32_2.0.0.202105311346/tools/bin/../lib/gcc/arm-none-eabi/9.3.1/../../../../arm-none-eabi/lib/thumb/v7e-m+fp/hard\libc_nano.a(lib_a-exit.o)
 .debug_frame   0x0000000000000000       0x28 c:/st/stm32cubeide_1.7.0/stm32cubeide/plugins/com.st.stm32cube.ide.mcu.externaltools.gnu-tools-for-stm32.9-2020-q2-update.win32_2.0.0.202105311346/tools/bin/../lib/gcc/arm-none-eabi/9.3.1/../../../../arm-none-eabi/lib/thumb/v7e-m+fp/hard\libc_nano.a(lib_a-exit.o)
 .ARM.attributes
                0x0000000000000000       0x34 c:/st/stm32cubeide_1.7.0/stm32cubeide/plugins/com.st.stm32cube.ide.mcu.externaltools.gnu-tools-for-stm32.9-2020-q2-update.win32_2.0.0.202105311346/tools/bin/../lib/gcc/arm-none-eabi/9.3.1/../../../../arm-none-eabi/lib/thumb/v7e-m+fp/hard\libc_nano.a(lib_a-exit.o)
 .text          0x0000000000000000        0x0 c:/st/stm32cubeide_1.7.0/stm32cubeide/plugins/com.st.stm32cube.ide.mcu.externaltools.gnu-tools-for-stm32.9-2020-q2-update.win32_2.0.0.202105311346/tools/bin/../lib/gcc/arm-none-eabi/9.3.1/../../../../arm-none-eabi/lib/thumb/v7e-m+fp/hard\libc_nano.a(lib_a-impure.o)
 .data          0x0000000000000000        0x0 c:/st/stm32cubeide_1.7.0/stm32cubeide/plugins/com.st.stm32cube.ide.mcu.externaltools.gnu-tools-for-stm32.9-2020-q2-update.win32_2.0.0.202105311346/tools/bin/../lib/gcc/arm-none-eabi/9.3.1/../../../../arm-none-eabi/lib/thumb/v7e-m+fp/hard\libc_nano.a(lib_a-impure.o)
 .bss           0x0000000000000000        0x0 c:/st/stm32cubeide_1.7.0/stm32cubeide/plugins/com.st.stm32cube.ide.mcu.externaltools.gnu-tools-for-stm32.9-2020-q2-update.win32_2.0.0.202105311346/tools/bin/../lib/gcc/arm-none-eabi/9.3.1/../../../../arm-none-eabi/lib/thumb/v7e-m+fp/hard\libc_nano.a(lib_a-impure.o)
 .data._impure_ptr
                0x0000000000000000        0x4 c:/st/stm32cubeide_1.7.0/stm32cubeide/plugins/com.st.stm32cube.ide.mcu.externaltools.gnu-tools-for-stm32.9-2020-q2-update.win32_2.0.0.202105311346/tools/bin/../lib/gcc/arm-none-eabi/9.3.1/../../../../arm-none-eabi/lib/thumb/v7e-m+fp/hard\libc_nano.a(lib_a-impure.o)
 .data.impure_data
                0x0000000000000000       0x60 c:/st/stm32cubeide_1.7.0/stm32cubeide/plugins/com.st.stm32cube.ide.mcu.externaltools.gnu-tools-for-stm32.9-2020-q2-update.win32_2.0.0.202105311346/tools/bin/../lib/gcc/arm-none-eabi/9.3.1/../../../../arm-none-eabi/lib/thumb/v7e-m+fp/hard\libc_nano.a(lib_a-impure.o)
 .rodata._global_impure_ptr
                0x0000000000000000        0x4 c:/st/stm32cubeide_1.7.0/stm32cubeide/plugins/com.st.stm32cube.ide.mcu.externaltools.gnu-tools-for-stm32.9-2020-q2-update.win32_2.0.0.202105311346/tools/bin/../lib/gcc/arm-none-eabi/9.3.1/../../../../arm-none-eabi/lib/thumb/v7e-m+fp/hard\libc_nano.a(lib_a-impure.o)
 .ARM.attributes
                0x0000000000000000       0x32 c:/st/stm32cubeide_1.7.0/stm32cubeide/plugins/com.st.stm32cube.ide.mcu.externaltools.gnu-tools-for-stm32.9-2020-q2-update.win32_2.0.0.202105311346/tools/bin/../lib/gcc/arm-none-eabi/9.3.1/../../../../arm-none-eabi/lib/thumb/v7e-m+fp/hard\libc_nano.a(lib_a-impure.o)
 .text          0x0000000000000000        0x0 c:/st/stm32cubeide_1.7.0/stm32cubeide/plugins/com.st.stm32cube.ide.mcu.externaltools.gnu-tools-for-stm32.9-2020-q2-update.win32_2.0.0.202105311346/tools/bin/../lib/gcc/arm-none-eabi/9.3.1/../../../../arm-none-eabi/lib/thumb/v7e-m+fp/hard\libc_nano.a(lib_a-init.o)
 .data          0x0000000000000000        0x0 c:/st/stm32cubeide_1.7.0/stm32cubeide/plugins/com.st.stm32cube.ide.mcu.externaltools.gnu-tools-for-stm32.9-2020-q2-update.win32_2.0.0.202105311346/tools/bin/../lib/gcc/arm-none-eabi/9.3.1/../../../../arm-none-eabi/lib/thumb/v7e-m+fp/hard\libc_nano.a(lib_a-init.o)
 .bss           0x0000000000000000        0x0 c:/st/stm32cubeide_1.7.0/stm32cubeide/plugins/com.st.stm32cube.ide.mcu.externaltools.gnu-tools-for-stm32.9-2020-q2-update.win32_2.0.0.202105311346/tools/bin/../lib/gcc/arm-none-eabi/9.3.1/../../../../arm-none-eabi/lib/thumb/v7e-m+fp/hard\libc_nano.a(lib_a-init.o)
 .text          0x0000000000000000        0x0 c:/st/stm32cubeide_1.7.0/stm32cubeide/plugins/com.st.stm32cube.ide.mcu.externaltools.gnu-tools-for-stm32.9-2020-q2-update.win32_2.0.0.202105311346/tools/bin/../lib/gcc/arm-none-eabi/9.3.1/../../../../arm-none-eabi/lib/thumb/v7e-m+fp/hard\libc_nano.a(lib_a-memset.o)
 .data          0x0000000000000000        0x0 c:/st/stm32cubeide_1.7.0/stm32cubeide/plugins/com.st.stm32cube.ide.mcu.externaltools.gnu-tools-for-stm32.9-2020-q2-update.win32_2.0.0.202105311346/tools/bin/../lib/gcc/arm-none-eabi/9.3.1/../../../../arm-none-eabi/lib/thumb/v7e-m+fp/hard\libc_nano.a(lib_a-memset.o)
 .bss           0x0000000000000000        0x0 c:/st/stm32cubeide_1.7.0/stm32cubeide/plugins/com.st.stm32cube.ide.mcu.externaltools.gnu-tools-for-stm32.9-2020-q2-update.win32_2.0.0.202105311346/tools/bin/../lib/gcc/arm-none-eabi/9.3.1/../../../../arm-none-eabi/lib/thumb/v7e-m+fp/hard\libc_nano.a(lib_a-memset.o)
 .text.memset   0x0000000000000000       0x10 c:/st/stm32cubeide_1.7.0/stm32cubeide/plugins/com.st.stm32cube.ide.mcu.externaltools.gnu-tools-for-stm32.9-2020-q2-update.win32_2.0.0.202105311346/tools/bin/../lib/gcc/arm-none-eabi/9.3.1/../../../../arm-none-eabi/lib/thumb/v7e-m+fp/hard\libc_nano.a(lib_a-memset.o)
 .debug_frame   0x0000000000000000       0x20 c:/st/stm32cubeide_1.7.0/stm32cubeide/plugins/com.st.stm32cube.ide.mcu.externaltools.gnu-tools-for-stm32.9-2020-q2-update.win32_2.0.0.202105311346/tools/bin/../lib/gcc/arm-none-eabi/9.3.1/../../../../arm-none-eabi/lib/thumb/v7e-m+fp/hard\libc_nano.a(lib_a-memset.o)
 .ARM.attributes
                0x0000000000000000       0x34 c:/st/stm32cubeide_1.7.0/stm32cubeide/plugins/com.st.stm32cube.ide.mcu.externaltools.gnu-tools-for-stm32.9-2020-q2-update.win32_2.0.0.202105311346/tools/bin/../lib/gcc/arm-none-eabi/9.3.1/../../../../arm-none-eabi/lib/thumb/v7e-m+fp/hard\libc_nano.a(lib_a-memset.o)
 .text          0x0000000000000000       0x10 c:/st/stm32cubeide_1.7.0/stm32cubeide/plugins/com.st.stm32cube.ide.mcu.externaltools.gnu-tools-for-stm32.9-2020-q2-update.win32_2.0.0.202105311346/tools/bin/../lib/gcc/arm-none-eabi/9.3.1/../../../../arm-none-eabi/lib/thumb/v7e-m+fp/hard\libc_nano.a(lib_a-strlen.o)
 .data          0x0000000000000000        0x0 c:/st/stm32cubeide_1.7.0/stm32cubeide/plugins/com.st.stm32cube.ide.mcu.externaltools.gnu-tools-for-stm32.9-2020-q2-update.win32_2.0.0.202105311346/tools/bin/../lib/gcc/arm-none-eabi/9.3.1/../../../../arm-none-eabi/lib/thumb/v7e-m+fp/hard\libc_nano.a(lib_a-strlen.o)
 .bss           0x0000000000000000        0x0 c:/st/stm32cubeide_1.7.0/stm32cubeide/plugins/com.st.stm32cube.ide.mcu.externaltools.gnu-tools-for-stm32.9-2020-q2-update.win32_2.0.0.202105311346/tools/bin/../lib/gcc/arm-none-eabi/9.3.1/../../../../arm-none-eabi/lib/thumb/v7e-m+fp/hard\libc_nano.a(lib_a-strlen.o)
 .ARM.attributes
                0x0000000000000000       0x17 c:/st/stm32cubeide_1.7.0/stm32cubeide/plugins/com.st.stm32cube.ide.mcu.externaltools.gnu-tools-for-stm32.9-2020-q2-update.win32_2.0.0.202105311346/tools/bin/../lib/gcc/arm-none-eabi/9.3.1/../../../../arm-none-eabi/lib/thumb/v7e-m+fp/hard\libc_nano.a(lib_a-strlen.o)
 .text          0x0000000000000000        0x0 c:/st/stm32cubeide_1.7.0/stm32cubeide/plugins/com.st.stm32cube.ide.mcu.externaltools.gnu-tools-for-stm32.9-2020-q2-update.win32_2.0.0.202105311346/tools/bin/../lib/gcc/arm-none-eabi/9.3.1/../../../../arm-none-eabi/lib/thumb/v7e-m+fp/hard\libnosys.a(write.o)
 .data          0x0000000000000000        0x0 c:/st/stm32cubeide_1.7.0/stm32cubeide/plugins/com.st.stm32cube.ide.mcu.externaltools.gnu-tools-for-stm32.9-2020-q2-update.win32_2.0.0.202105311346/tools/bin/../lib/gcc/arm-none-eabi/9.3.1/../../../../arm-none-eabi/lib/thumb/v7e-m+fp/hard\libnosys.a(write.o)
 .bss           0x0000000000000000        0x0 c:/st/stm32cubeide_1.7.0/stm32cubeide/plugins/com.st.stm32cube.ide.mcu.externaltools.gnu-tools-for-stm32.9-2020-q2-update.win32_2.0.0.202105311346/tools/bin/../lib/gcc/arm-none-eabi/9.3.1/../../../../arm-none-eabi/lib/thumb/v7e-m+fp/hard\libnosys.a(write.o)
 .stab          0x0000000000000000       0x24 c:/st/stm32cubeide_1.7.0/stm32cubeide/plugins/com.st.stm32cube.ide.mcu.externaltools.gnu-tools-for-stm32.9-2020-q2-update.win32_2.0.0.202105311346/tools/bin/../lib/gcc/arm-none-eabi/9.3.1/../../../../arm-none-eabi/lib/thumb/v7e-m+fp/hard\libnosys.a(write.o)
 .text._write   0x0000000000000000       0x10 c:/st/stm32cubeide_1.7.0/stm32cubeide/plugins/com.st.stm32cube.ide.mcu.externaltools.gnu-tools-for-stm32.9-2020-q2-update.win32_2.0.0.202105311346/tools/bin/../lib/gcc/arm-none-eabi/9.3.1/../../../../arm-none-eabi/lib/thumb/v7e-m+fp/hard\libnosys.a(write.o)
 .debug_frame   0x0000000000000000       0x20 c:/st/stm32cubeide_1.7.0/stm32cubeide/plugins/com.st.stm32cube.ide.mcu.externaltools.gnu-tools-for-stm32.9-2020-q2-update.win32_2.0.0.202105311346/tools/bin/../lib/gcc/arm-none-eabi/9.3.1/../../../../arm-none-eabi/lib/thumb/v7e-m+fp/hard\libnosys.a(write.o)
 .ARM.attributes
                0x0000000000000000       0x34 c:/st/stm32cubeide_1.7.0/stm32cubeide/plugins/com.st.stm32cube.ide.mcu.externaltools.gnu-tools-for-stm32.9-2020-q2-update.win32_2.0.0.202105311346/tools/bin/../lib/gcc/arm-none-eabi/9.3.1/../../../../arm-none-eabi/lib/thumb/v7e-m+fp/hard\libnosys.a(write.o)
 .text          0x0000000000000000        0x0 c:/st/stm32cubeide_1.7.0/stm32cubeide/plugins/com.st.stm32cube.ide.mcu.externaltools.gnu-tools-for-stm32.9-2020-q2-update.win32_2.0.0.202105311346/tools/bin/../lib/gcc/arm-none-eabi/9.3.1/../../../../arm-none-eabi/lib/thumb/v7e-m+fp/hard\libnosys.a(_exit.o)
 .data          0x0000000000000000        0x0 c:/st/stm32cubeide_1.7.0/stm32cubeide/plugins/com.st.stm32cube.ide.mcu.externaltools.gnu-tools-for-stm32.9-2020-q2-update.win32_2.0.0.202105311346/tools/bin/../lib/gcc/arm-none-eabi/9.3.1/../../../../arm-none-eabi/lib/thumb/v7e-m+fp/hard\libnosys.a(_exit.o)
 .bss           0x0000000000000000        0x0 c:/st/stm32cubeide_1.7.0/stm32cubeide/plugins/com.st.stm32cube.ide.mcu.externaltools.gnu-tools-for-stm32.9-2020-q2-update.win32_2.0.0.202105311346/tools/bin/../lib/gcc/arm-none-eabi/9.3.1/../../../../arm-none-eabi/lib/thumb/v7e-m+fp/hard\libnosys.a(_exit.o)
 .text._exit    0x0000000000000000        0x2 c:/st/stm32cubeide_1.7.0/stm32cubeide/plugins/com.st.stm32cube.ide.mcu.externaltools.gnu-tools-for-stm32.9-2020-q2-update.win32_2.0.0.202105311346/tools/bin/../lib/gcc/arm-none-eabi/9.3.1/../../../../arm-none-eabi/lib/thumb/v7e-m+fp/hard\libnosys.a(_exit.o)
 .debug_frame   0x0000000000000000       0x20 c:/st/stm32cubeide_1.7.0/stm32cubeide/plugins/com.st.stm32cube.ide.mcu.externaltools.gnu-tools-for-stm32.9-2020-q2-update.win32_2.0.0.202105311346/tools/bin/../lib/gcc/arm-none-eabi/9.3.1/../../../../arm-none-eabi/lib/thumb/v7e-m+fp/hard\libnosys.a(_exit.o)
 .ARM.attributes
                0x0000000000000000       0x34 c:/st/stm32cubeide_1.7.0/stm32cubeide/plugins/com.st.stm32cube.ide.mcu.externaltools.gnu-tools-for-stm32.9-2020-q2-update.win32_2.0.0.202105311346/tools/bin/../lib/gcc/arm-none-eabi/9.3.1/../../../../arm-none-eabi/lib/thumb/v7e-m+fp/hard\libnosys.a(_exit.o)
 .text          0x0000000000000000        0x0 c:/st/stm32cubeide_1.7.0/stm32cubeide/plugins/com.st.stm32cube.ide.mcu.externaltools.gnu-tools-for-stm32.9-2020-q2-update.win32_2.0.0.202105311346/tools/bin/../lib/gcc/arm-none-eabi/9.3.1/../../../../arm-none-eabi/lib/thumb/v7e-m+fp/hard\libnosys.a(errno.o)
 .data          0x0000000000000000        0x0 c:/st/stm32cubeide_1.7.0/stm32cubeide/plugins/com.st.stm32cube.ide.mcu.externaltools.gnu-tools-for-stm32.9-2020-q2-update.win32_2.0.0.202105311346/tools/bin/../lib/gcc/arm-none-eabi/9.3.1/../../../../arm-none-eabi/lib/thumb/v7e-m+fp/hard\libnosys.a(errno.o)
 .bss           0x0000000000000000        0x0 c:/st/stm32cubeide_1.7.0/stm32cubeide/plugins/com.st.stm32cube.ide.mcu.externaltools.gnu-tools-for-stm32.9-2020-q2-update.win32_2.0.0.202105311346/tools/bin/../lib/gcc/arm-none-eabi/9.3.1/../../../../arm-none-eabi/lib/thumb/v7e-m+fp/hard\libnosys.a(errno.o)
 .ARM.attributes
                0x0000000000000000       0x32 c:/st/stm32cubeide_1.7.0/stm32cubeide/plugins/com.st.stm32cube.ide.mcu.externaltools.gnu-tools-for-stm32.9-2020-q2-update.win32_2.0.0.202105311346/tools/bin/../lib/gcc/arm-none-eabi/9.3.1/../../../../arm-none-eabi/lib/thumb/v7e-m+fp/hard\libnosys.a(errno.o)
 COMMON         0x0000000000000000        0x4 c:/st/stm32cubeide_1.7.0/stm32cubeide/plugins/com.st.stm32cube.ide.mcu.externaltools.gnu-tools-for-stm32.9-2020-q2-update.win32_2.0.0.202105311346/tools/bin/../lib/gcc/arm-none-eabi/9.3.1/../../../../arm-none-eabi/lib/thumb/v7e-m+fp/hard\libnosys.a(errno.o)
 .text          0x0000000000000000        0x0 c:/st/stm32cubeide_1.7.0/stm32cubeide/plugins/com.st.stm32cube.ide.mcu.externaltools.gnu-tools-for-stm32.9-2020-q2-update.win32_2.0.0.202105311346/tools/bin/../lib/gcc/arm-none-eabi/9.3.1/thumb/v7e-m+fp/hard/crtend.o
 .data          0x0000000000000000        0x0 c:/st/stm32cubeide_1.7.0/stm32cubeide/plugins/com.st.stm32cube.ide.mcu.externaltools.gnu-tools-for-stm32.9-2020-q2-update.win32_2.0.0.202105311346/tools/bin/../lib/gcc/arm-none-eabi/9.3.1/thumb/v7e-m+fp/hard/crtend.o
 .bss           0x0000000000000000        0x0 c:/st/stm32cubeide_1.7.0/stm32cubeide/plugins/com.st.stm32cube.ide.mcu.externaltools.gnu-tools-for-stm32.9-2020-q2-update.win32_2.0.0.202105311346/tools/bin/../lib/gcc/arm-none-eabi/9.3.1/thumb/v7e-m+fp/hard/crtend.o
 .eh_frame      0x0000000000000000        0x4 c:/st/stm32cubeide_1.7.0/stm32cubeide/plugins/com.st.stm32cube.ide.mcu.externaltools.gnu-tools-for-stm32.9-2020-q2-update.win32_2.0.0.202105311346/tools/bin/../lib/gcc/arm-none-eabi/9.3.1/thumb/v7e-m+fp/hard/crtend.o
 .ARM.attributes
                0x0000000000000000       0x32 c:/st/stm32cubeide_1.7.0/stm32cubeide/plugins/com.st.stm32cube.ide.mcu.externaltools.gnu-tools-for-stm32.9-2020-q2-update.win32_2.0.0.202105311346/tools/bin/../lib/gcc/arm-none-eabi/9.3.1/thumb/v7e-m+fp/hard/crtend.o
 .text          0x0000000000000000        0x0 c:/st/stm32cubeide_1.7.0/stm32cubeide/plugins/com.st.stm32cube.ide.mcu.externaltools.gnu-tools-for-stm32.9-2020-q2-update.win32_2.0.0.202105311346/tools/bin/../lib/gcc/arm-none-eabi/9.3.1/thumb/v7e-m+fp/hard/crtn.o
 .data          0x0000000000000000        0x0 c:/st/stm32cubeide_1.7.0/stm32cubeide/plugins/com.st.stm32cube.ide.mcu.externaltools.gnu-tools-for-stm32.9-2020-q2-update.win32_2.0.0.202105311346/tools/bin/../lib/gcc/arm-none-eabi/9.3.1/thumb/v7e-m+fp/hard/crtn.o
 .bss           0x0000000000000000        0x0 c:/st/stm32cubeide_1.7.0/stm32cubeide/plugins/com.st.stm32cube.ide.mcu.externaltools.gnu-tools-for-stm32.9-2020-q2-update.win32_2.0.0.202105311346/tools/bin/../lib/gcc/arm-none-eabi/9.3.1/thumb/v7e-m+fp/hard/crtn.o

Memory Configuration

Name             Origin             Length             Attributes
FLASH            0x0000000008000000 0x0000000000080000 xr
RAM              0x0000000020000000 0x0000000000020000 xrw
MEMORY_B1        0x0000000060000000 0x0000000000000000 xr
*default*        0x0000000000000000 0xffffffffffffffff

Linker script and memory map

LOAD c:/st/stm32cubeide_1.7.0/stm32cubeide/plugins/com.st.stm32cube.ide.mcu.externaltools.gnu-tools-for-stm32.9-2020-q2-update.win32_2.0.0.202105311346/tools/bin/../lib/gcc/arm-none-eabi/9.3.1/thumb/v7e-m+fp/hard/crti.o
LOAD c:/st/stm32cubeide_1.7.0/stm32cubeide/plugins/com.st.stm32cube.ide.mcu.externaltools.gnu-tools-for-stm32.9-2020-q2-update.win32_2.0.0.202105311346/tools/bin/../lib/gcc/arm-none-eabi/9.3.1/thumb/v7e-m+fp/hard/crtbegin.o
LOAD c:/st/stm32cubeide_1.7.0/stm32cubeide/plugins/com.st.stm32cube.ide.mcu.externaltools.gnu-tools-for-stm32.9-2020-q2-update.win32_2.0.0.202105311346/tools/bin/../lib/gcc/arm-none-eabi/9.3.1/../../../../arm-none-eabi/lib/thumb/v7e-m+fp/hard/crt0.o
LOAD ./src/main.o
LOAD ./src/startup_stm32f446xx.o
LOAD ./src/system_stm32f4xx.o
LOAD ./src/tiny_printf.o
START GROUP
LOAD c:/st/stm32cubeide_1.7.0/stm32cubeide/plugins/com.st.stm32cube.ide.mcu.externaltools.gnu-tools-for-stm32.9-2020-q2-update.win32_2.0.0.202105311346/tools/bin/../lib/gcc/arm-none-eabi/9.3.1/../../../../arm-none-eabi/lib/thumb/v7e-m+fp/hard\libc_nano.a
LOAD c:/st/stm32cubeide_1.7.0/stm32cubeide/plugins/com.st.stm32cube.ide.mcu.externaltools.gnu-tools-for-stm32.9-2020-q2-update.win32_2.0.0.202105311346/tools/bin/../lib/gcc/arm-none-eabi/9.3.1/../../../../arm-none-eabi/lib/thumb/v7e-m+fp/hard\libm.a
END GROUP
START GROUP
LOAD c:/st/stm32cubeide_1.7.0/stm32cubeide/plugins/com.st.stm32cube.ide.mcu.externaltools.gnu-tools-for-stm32.9-2020-q2-update.win32_2.0.0.202105311346/tools/bin/../lib/gcc/arm-none-eabi/9.3.1/thumb/v7e-m+fp/hard\libgcc.a
LOAD c:/st/stm32cubeide_1.7.0/stm32cubeide/plugins/com.st.stm32cube.ide.mcu.externaltools.gnu-tools-for-stm32.9-2020-q2-update.win32_2.0.0.202105311346/tools/bin/../lib/gcc/arm-none-eabi/9.3.1/../../../../arm-none-eabi/lib/thumb/v7e-m+fp/hard\libc_nano.a
END GROUP
START GROUP
LOAD c:/st/stm32cubeide_1.7.0/stm32cubeide/plugins/com.st.stm32cube.ide.mcu.externaltools.gnu-tools-for-stm32.9-2020-q2-update.win32_2.0.0.202105311346/tools/bin/../lib/gcc/arm-none-eabi/9.3.1/thumb/v7e-m+fp/hard\libgcc.a
LOAD c:/st/stm32cubeide_1.7.0/stm32cubeide/plugins/com.st.stm32cube.ide.mcu.externaltools.gnu-tools-for-stm32.9-2020-q2-update.win32_2.0.0.202105311346/tools/bin/../lib/gcc/arm-none-eabi/9.3.1/../../../../arm-none-eabi/lib/thumb/v7e-m+fp/hard\libc_nano.a
LOAD c:/st/stm32cubeide_1.7.0/stm32cubeide/plugins/com.st.stm32cube.ide.mcu.externaltools.gnu-tools-for-stm32.9-2020-q2-update.win32_2.0.0.202105311346/tools/bin/../lib/gcc/arm-none-eabi/9.3.1/../../../../arm-none-eabi/lib/thumb/v7e-m+fp/hard\libnosys.a
END GROUP
START GROUP
LOAD c:/st/stm32cubeide_1.7.0/stm32cubeide/plugins/com.st.stm32cube.ide.mcu.externaltools.gnu-tools-for-stm32.9-2020-q2-update.win32_2.0.0.202105311346/tools/bin/../lib/gcc/arm-none-eabi/9.3.1/thumb/v7e-m+fp/hard\libgcc.a
LOAD c:/st/stm32cubeide_1.7.0/stm32cubeide/plugins/com.st.stm32cube.ide.mcu.externaltools.gnu-tools-for-stm32.9-2020-q2-update.win32_2.0.0.202105311346/tools/bin/../lib/gcc/arm-none-eabi/9.3.1/../../../../arm-none-eabi/lib/thumb/v7e-m+fp/hard\libc_nano.a
LOAD c:/st/stm32cubeide_1.7.0/stm32cubeide/plugins/com.st.stm32cube.ide.mcu.externaltools.gnu-tools-for-stm32.9-2020-q2-update.win32_2.0.0.202105311346/tools/bin/../lib/gcc/arm-none-eabi/9.3.1/../../../../arm-none-eabi/lib/thumb/v7e-m+fp/hard\libnosys.a
END GROUP
LOAD c:/st/stm32cubeide_1.7.0/stm32cubeide/plugins/com.st.stm32cube.ide.mcu.externaltools.gnu-tools-for-stm32.9-2020-q2-update.win32_2.0.0.202105311346/tools/bin/../lib/gcc/arm-none-eabi/9.3.1/thumb/v7e-m+fp/hard/crtend.o
LOAD c:/st/stm32cubeide_1.7.0/stm32cubeide/plugins/com.st.stm32cube.ide.mcu.externaltools.gnu-tools-for-stm32.9-2020-q2-update.win32_2.0.0.202105311346/tools/bin/../lib/gcc/arm-none-eabi/9.3.1/thumb/v7e-m+fp/hard/crtn.o
                0x0000000020020000                _estack = 0x20020000
                0x0000000000000000                _Min_Heap_Size = 0x0
                0x0000000000000400                _Min_Stack_Size = 0x400

.isr_vector     0x0000000008000000      0x1c4
                0x0000000008000000                . = ALIGN (0x4)
 *(.isr_vector)
 .isr_vector    0x0000000008000000      0x1c4 ./src/startup_stm32f446xx.o
                0x0000000008000000                g_pfnVectors
                0x00000000080001c4                . = ALIGN (0x4)

.text           0x00000000080001c4      0x310
                0x00000000080001c4                . = ALIGN (0x4)
 *(.text)
 .text          0x00000000080001c4       0x40 c:/st/stm32cubeide_1.7.0/stm32cubeide/plugins/com.st.stm32cube.ide.mcu.externaltools.gnu-tools-for-stm32.9-2020-q2-update.win32_2.0.0.202105311346/tools/bin/../lib/gcc/arm-none-eabi/9.3.1/thumb/v7e-m+fp/hard/crtbegin.o
 *(.text*)
 .text.delay    0x0000000008000204       0x22 ./src/main.o
                0x0000000008000204                delay
 *fill*         0x0000000008000226        0x2 
 .text.RCC_Config
                0x0000000008000228       0xc8 ./src/main.o
                0x0000000008000228                RCC_Config
 .text.GPIO_Config
                0x00000000080002f0       0x50 ./src/main.o
                0x00000000080002f0                GPIO_Config
 .text.main     0x0000000008000340       0x74 ./src/main.o
                0x0000000008000340                main
 .text.Reset_Handler
                0x00000000080003b4       0x50 ./src/startup_stm32f446xx.o
                0x00000000080003b4                Reset_Handler
 .text.Default_Handler
                0x0000000008000404        0x2 ./src/startup_stm32f446xx.o
                0x0000000008000404                RTC_Alarm_IRQHandler
                0x0000000008000404                EXTI2_IRQHandler
                0x0000000008000404                TIM8_CC_IRQHandler
                0x0000000008000404                DebugMon_Handler
                0x0000000008000404                SPI4_IRQHandler
                0x0000000008000404                TIM1_CC_IRQHandler
                0x0000000008000404                QuadSPI_IRQHandler
                0x0000000008000404                DMA2_Stream5_IRQHandler
                0x0000000008000404                HardFault_Handler
                0x0000000008000404                DMA1_Stream5_IRQHandler
                0x0000000008000404                SysTick_Handler
                0x0000000008000404                PVD_IRQHandler
                0x0000000008000404                SDIO_IRQHandler
                0x0000000008000404                TAMP_STAMP_IRQHandler
                0x0000000008000404                PendSV_Handler
                0x0000000008000404                NMI_Handler
                0x0000000008000404                CAN2_RX1_IRQHandler
                0x0000000008000404                EXTI3_IRQHandler
                0x0000000008000404                TIM8_TRG_COM_TIM14_IRQHandler
                0x0000000008000404                TIM1_UP_TIM10_IRQHandler
                0x0000000008000404                TIM8_UP_TIM13_IRQHandler
                0x0000000008000404                I2C3_ER_IRQHandler
                0x0000000008000404                FMPI2C1_Event_IRQHandler
                0x0000000008000404                EXTI0_IRQHandler
                0x0000000008000404                I2C2_EV_IRQHandler
                0x0000000008000404                DMA1_Stream2_IRQHandler
                0x0000000008000404                CAN1_RX0_IRQHandler
                0x0000000008000404                FPU_IRQHandler
                0x0000000008000404                OTG_HS_WKUP_IRQHandler
                0x0000000008000404                UsageFault_Handler
                0x0000000008000404                CAN2_SCE_IRQHandler
                0x0000000008000404                DMA2_Stream2_IRQHandler
                0x0000000008000404                SPI1_IRQHandler
                0x0000000008000404                TIM6_DAC_IRQHandler
                0x0000000008000404                TIM1_BRK_TIM9_IRQHandler
                0x0000000008000404                DCMI_IRQHandler
                0x0000000008000404                CAN2_RX0_IRQHandler
                0x0000000008000404                DMA2_Stream3_IRQHandler
                0x0000000008000404                SAI2_IRQHandler
                0x0000000008000404                USART6_IRQHandler
                0x0000000008000404                USART3_IRQHandler
                0x0000000008000404                CAN1_RX1_IRQHandler
                0x0000000008000404                UART5_IRQHandler
                0x0000000008000404                DMA2_Stream0_IRQHandler
                0x0000000008000404                TIM4_IRQHandler
                0x0000000008000404                I2C1_EV_IRQHandler
                0x0000000008000404                DMA1_Stream6_IRQHandler
                0x0000000008000404                DMA1_Stream1_IRQHandler
                0x0000000008000404                UART4_IRQHandler
                0x0000000008000404                TIM3_IRQHandler
                0x0000000008000404                RCC_IRQHandler
                0x0000000008000404                TIM8_BRK_TIM12_IRQHandler
                0x0000000008000404                Default_Handler
                0x0000000008000404                CEC_IRQHandler
                0x0000000008000404                EXTI15_10_IRQHandler
                0x0000000008000404                ADC_IRQHandler
                0x0000000008000404                DMA1_Stream7_IRQHandler
                0x0000000008000404                TIM7_IRQHandler
                0x0000000008000404                CAN2_TX_IRQHandler
                0x0000000008000404                TIM5_IRQHandler
                0x0000000008000404                DMA2_Stream7_IRQHandler
                0x0000000008000404                I2C3_EV_IRQHandler
                0x0000000008000404                EXTI9_5_IRQHandler
                0x0000000008000404                RTC_WKUP_IRQHandler
                0x0000000008000404                SPDIF_RX_IRQHandler
                0x0000000008000404                SPI2_IRQHandler
                0x0000000008000404                OTG_HS_EP1_IN_IRQHandler
                0x0000000008000404                MemManage_Handler
                0x0000000008000404                DMA1_Stream0_IRQHandler
                0x0000000008000404                CAN1_TX_IRQHandler
                0x0000000008000404                SVC_Handler
                0x0000000008000404                EXTI4_IRQHandler
                0x0000000008000404                OTG_HS_EP1_OUT_IRQHandler
                0x0000000008000404                WWDG_IRQHandler
                0x0000000008000404                TIM2_IRQHandler
                0x0000000008000404                OTG_FS_WKUP_IRQHandler
                0x0000000008000404                TIM1_TRG_COM_TIM11_IRQHandler
                0x0000000008000404                OTG_HS_IRQHandler
                0x0000000008000404                EXTI1_IRQHandler
                0x0000000008000404                USART2_IRQHandler
                0x0000000008000404                I2C2_ER_IRQHandler
                0x0000000008000404                DMA2_Stream1_IRQHandler
                0x0000000008000404                CAN1_SCE_IRQHandler
                0x0000000008000404                FLASH_IRQHandler
                0x0000000008000404                DMA2_Stream4_IRQHandler
                0x0000000008000404                BusFault_Handler
                0x0000000008000404                USART1_IRQHandler
                0x0000000008000404                OTG_FS_IRQHandler
                0x0000000008000404                SPI3_IRQHandler
                0x0000000008000404                DMA1_Stream4_IRQHandler
                0x0000000008000404                I2C1_ER_IRQHandler
                0x0000000008000404                FMC_IRQHandler
                0x0000000008000404                DMA2_Stream6_IRQHandler
                0x0000000008000404                SAI1_IRQHandler
                0x0000000008000404                DMA1_Stream3_IRQHandler
                0x0000000008000404                FMPI2C1_Error_IRQHandler
 *fill*         0x0000000008000406        0x2 
 .text.SystemInit
                0x0000000008000408       0x6c ./src/system_stm32f4xx.o
                0x0000000008000408                SystemInit
 .text.__libc_init_array
                0x0000000008000474       0x48 c:/st/stm32cubeide_1.7.0/stm32cubeide/plugins/com.st.stm32cube.ide.mcu.externaltools.gnu-tools-for-stm32.9-2020-q2-update.win32_2.0.0.202105311346/tools/bin/../lib/gcc/arm-none-eabi/9.3.1/../../../../arm-none-eabi/lib/thumb/v7e-m+fp/hard\libc_nano.a(lib_a-init.o)
                0x0000000008000474                __libc_init_array
 *(.glue_7)
 .glue_7        0x00000000080004bc        0x0 linker stubs
 *(.glue_7t)
 .glue_7t       0x00000000080004bc        0x0 linker stubs
 *(.eh_frame)
 .eh_frame      0x00000000080004bc        0x0 c:/st/stm32cubeide_1.7.0/stm32cubeide/plugins/com.st.stm32cube.ide.mcu.externaltools.gnu-tools-for-stm32.9-2020-q2-update.win32_2.0.0.202105311346/tools/bin/../lib/gcc/arm-none-eabi/9.3.1/thumb/v7e-m+fp/hard/crtbegin.o
 *(.init)
 .init          0x00000000080004bc        0x4 c:/st/stm32cubeide_1.7.0/stm32cubeide/plugins/com.st.stm32cube.ide.mcu.externaltools.gnu-tools-for-stm32.9-2020-q2-update.win32_2.0.0.202105311346/tools/bin/../lib/gcc/arm-none-eabi/9.3.1/thumb/v7e-m+fp/hard/crti.o
                0x00000000080004bc                _init
 .init          0x00000000080004c0        0x8 c:/st/stm32cubeide_1.7.0/stm32cubeide/plugins/com.st.stm32cube.ide.mcu.externaltools.gnu-tools-for-stm32.9-2020-q2-update.win32_2.0.0.202105311346/tools/bin/../lib/gcc/arm-none-eabi/9.3.1/thumb/v7e-m+fp/hard/crtn.o
 *(.fini)
 .fini          0x00000000080004c8        0x4 c:/st/stm32cubeide_1.7.0/stm32cubeide/plugins/com.st.stm32cube.ide.mcu.externaltools.gnu-tools-for-stm32.9-2020-q2-update.win32_2.0.0.202105311346/tools/bin/../lib/gcc/arm-none-eabi/9.3.1/thumb/v7e-m+fp/hard/crti.o
                0x00000000080004c8                _fini
 .fini          0x00000000080004cc        0x8 c:/st/stm32cubeide_1.7.0/stm32cubeide/plugins/com.st.stm32cube.ide.mcu.externaltools.gnu-tools-for-stm32.9-2020-q2-update.win32_2.0.0.202105311346/tools/bin/../lib/gcc/arm-none-eabi/9.3.1/thumb/v7e-m+fp/hard/crtn.o
                0x00000000080004d4                . = ALIGN (0x4)
                0x00000000080004d4                _etext = .

.vfp11_veneer   0x00000000080004d4        0x0
 .vfp11_veneer  0x00000000080004d4        0x0 linker stubs

.v4_bx          0x00000000080004d4        0x0
 .v4_bx         0x00000000080004d4        0x0 linker stubs

.iplt           0x00000000080004d4        0x0
 .iplt          0x00000000080004d4        0x0 c:/st/stm32cubeide_1.7.0/stm32cubeide/plugins/com.st.stm32cube.ide.mcu.externaltools.gnu-tools-for-stm32.9-2020-q2-update.win32_2.0.0.202105311346/tools/bin/../lib/gcc/arm-none-eabi/9.3.1/thumb/v7e-m+fp/hard/crtbegin.o

.rel.dyn        0x00000000080004d4        0x0
 .rel.iplt      0x00000000080004d4        0x0 c:/st/stm32cubeide_1.7.0/stm32cubeide/plugins/com.st.stm32cube.ide.mcu.externaltools.gnu-tools-for-stm32.9-2020-q2-update.win32_2.0.0.202105311346/tools/bin/../lib/gcc/arm-none-eabi/9.3.1/thumb/v7e-m+fp/hard/crtbegin.o

.rodata         0x00000000080004d4        0x0
                0x00000000080004d4                . = ALIGN (0x4)
 *(.rodata)
 *(.rodata*)
                0x00000000080004d4                . = ALIGN (0x4)

.ARM.extab
 *(.ARM.extab* .gnu.linkonce.armextab.*)

.ARM            0x00000000080004d4        0x0
                0x00000000080004d4                __exidx_start = .
 *(.ARM.exidx*)
                0x00000000080004d4                __exidx_end = .

.preinit_array  0x00000000080004d4        0x0
                0x00000000080004d4                PROVIDE (__preinit_array_start = .)
 *(.preinit_array*)
                0x00000000080004d4                PROVIDE (__preinit_array_end = .)

.init_array     0x00000000080004d4        0x4
                0x00000000080004d4                PROVIDE (__init_array_start = .)
 *(SORT_BY_NAME(.init_array.*))
 *(.init_array*)
 .init_array    0x00000000080004d4        0x4 c:/st/stm32cubeide_1.7.0/stm32cubeide/plugins/com.st.stm32cube.ide.mcu.externaltools.gnu-tools-for-stm32.9-2020-q2-update.win32_2.0.0.202105311346/tools/bin/../lib/gcc/arm-none-eabi/9.3.1/thumb/v7e-m+fp/hard/crtbegin.o
                0x00000000080004d8                PROVIDE (__init_array_end = .)

.fini_array     0x00000000080004d8        0x4
                [!provide]                        PROVIDE (__fini_array_start = .)
 *(SORT_BY_NAME(.fini_array.*))
 *(.fini_array*)
 .fini_array    0x00000000080004d8        0x4 c:/st/stm32cubeide_1.7.0/stm32cubeide/plugins/com.st.stm32cube.ide.mcu.externaltools.gnu-tools-for-stm32.9-2020-q2-update.win32_2.0.0.202105311346/tools/bin/../lib/gcc/arm-none-eabi/9.3.1/thumb/v7e-m+fp/hard/crtbegin.o
                [!provide]                        PROVIDE (__fini_array_end = .)
                0x00000000080004dc                _sidata = LOADADDR (.data)

.data           0x0000000020000000        0x0 load address 0x00000000080004dc
                0x0000000020000000                . = ALIGN (0x4)
                0x0000000020000000                _sdata = .
 *(.data)
 *(.data*)
                0x0000000020000000                . = ALIGN (0x4)
                0x0000000020000000                _edata = .

.igot.plt       0x0000000020000000        0x0 load address 0x00000000080004dc
 .igot.plt      0x0000000020000000        0x0 c:/st/stm32cubeide_1.7.0/stm32cubeide/plugins/com.st.stm32cube.ide.mcu.externaltools.gnu-tools-for-stm32.9-2020-q2-update.win32_2.0.0.202105311346/tools/bin/../lib/gcc/arm-none-eabi/9.3.1/thumb/v7e-m+fp/hard/crtbegin.o
                0x0000000020000000                . = ALIGN (0x4)

.bss            0x0000000020000000       0x20 load address 0x00000000080004dc
                0x0000000020000000                _sbss = .
                0x0000000020000000                __bss_start__ = _sbss
 *(.bss)
 .bss           0x0000000020000000       0x1c c:/st/stm32cubeide_1.7.0/stm32cubeide/plugins/com.st.stm32cube.ide.mcu.externaltools.gnu-tools-for-stm32.9-2020-q2-update.win32_2.0.0.202105311346/tools/bin/../lib/gcc/arm-none-eabi/9.3.1/thumb/v7e-m+fp/hard/crtbegin.o
 *(.bss*)
 .bss.count     0x000000002000001c        0x4 ./src/main.o
                0x000000002000001c                count
 *(COMMON)
                0x0000000020000020                . = ALIGN (0x4)
                0x0000000020000020                _ebss = .
                0x0000000020000020                __bss_end__ = _ebss

._user_heap_stack
                0x0000000020000020      0x400 load address 0x00000000080004dc
                0x0000000020000020                . = ALIGN (0x4)
                [!provide]                        PROVIDE (end = .)
                [!provide]                        PROVIDE (_end = .)
                0x0000000020000020                . = (. + _Min_Heap_Size)
                0x0000000020000420                . = (. + _Min_Stack_Size)
 *fill*         0x0000000020000020      0x400 
                0x0000000020000420                . = ALIGN (0x4)

.memory_b1_text
 *(.mb1text)
 *(.mb1text*)
 *(.mb1rodata)
 *(.mb1rodata*)

/DISCARD/
 libc.a(*)
 libm.a(*)
 libgcc.a(*)

.ARM.attributes
                0x0000000000000000       0x30
 *(.ARM.attributes)
 .ARM.attributes
                0x0000000000000000       0x1e c:/st/stm32cubeide_1.7.0/stm32cubeide/plugins/com.st.stm32cube.ide.mcu.externaltools.gnu-tools-for-stm32.9-2020-q2-update.win32_2.0.0.202105311346/tools/bin/../lib/gcc/arm-none-eabi/9.3.1/thumb/v7e-m+fp/hard/crti.o
 .ARM.attributes
                0x000000000000001e       0x34 c:/st/stm32cubeide_1.7.0/stm32cubeide/plugins/com.st.stm32cube.ide.mcu.externaltools.gnu-tools-for-stm32.9-2020-q2-update.win32_2.0.0.202105311346/tools/bin/../lib/gcc/arm-none-eabi/9.3.1/thumb/v7e-m+fp/hard/crtbegin.o
 .ARM.attributes
                0x0000000000000052       0x34 ./src/main.o
 .ARM.attributes
                0x0000000000000086       0x21 ./src/startup_stm32f446xx.o
 .ARM.attributes
                0x00000000000000a7       0x34 ./src/system_stm32f4xx.o
 .ARM.attributes
                0x00000000000000db       0x34 c:/st/stm32cubeide_1.7.0/stm32cubeide/plugins/com.st.stm32cube.ide.mcu.externaltools.gnu-tools-for-stm32.9-2020-q2-update.win32_2.0.0.202105311346/tools/bin/../lib/gcc/arm-none-eabi/9.3.1/../../../../arm-none-eabi/lib/thumb/v7e-m+fp/hard\libc_nano.a(lib_a-init.o)
 .ARM.attributes
                0x000000000000010f       0x1e c:/st/stm32cubeide_1.7.0/stm32cubeide/plugins/com.st.stm32cube.ide.mcu.externaltools.gnu-tools-for-stm32.9-2020-q2-update.win32_2.0.0.202105311346/tools/bin/../lib/gcc/arm-none-eabi/9.3.1/thumb/v7e-m+fp/hard/crtn.o
OUTPUT(03_Reg_446_Take_Data_from_button.elf elf32-littlearm)
LOAD linker stubs
LOAD c:/st/stm32cubeide_1.7.0/stm32cubeide/plugins/com.st.stm32cube.ide.mcu.externaltools.gnu-tools-for-stm32.9-2020-q2-update.win32_2.0.0.202105311346/tools/bin/../lib/gcc/arm-none-eabi/9.3.1/../../../../arm-none-eabi/lib/thumb/v7e-m+fp/hard\libc.a
LOAD c:/st/stm32cubeide_1.7.0/stm32cubeide/plugins/com.st.stm32cube.ide.mcu.externaltools.gnu-tools-for-stm32.9-2020-q2-update.win32_2.0.0.202105311346/tools/bin/../lib/gcc/arm-none-eabi/9.3.1/../../../../arm-none-eabi/lib/thumb/v7e-m+fp/hard\libm.a
LOAD c:/st/stm32cubeide_1.7.0/stm32cubeide/plugins/com.st.stm32cube.ide.mcu.externaltools.gnu-tools-for-stm32.9-2020-q2-update.win32_2.0.0.202105311346/tools/bin/../lib/gcc/arm-none-eabi/9.3.1/thumb/v7e-m+fp/hard\libgcc.a

.debug_info     0x0000000000000000      0x9f8
 .debug_info    0x0000000000000000      0x48a ./src/main.o
 .debug_info    0x000000000000048a       0x22 ./src/startup_stm32f446xx.o
 .debug_info    0x00000000000004ac      0x54c ./src/system_stm32f4xx.o

.debug_abbrev   0x0000000000000000      0x27b
 .debug_abbrev  0x0000000000000000      0x12d ./src/main.o
 .debug_abbrev  0x000000000000012d       0x12 ./src/startup_stm32f446xx.o
 .debug_abbrev  0x000000000000013f      0x13c ./src/system_stm32f4xx.o

.debug_aranges  0x0000000000000000       0x88
 .debug_aranges
                0x0000000000000000       0x38 ./src/main.o
 .debug_aranges
                0x0000000000000038       0x28 ./src/startup_stm32f446xx.o
 .debug_aranges
                0x0000000000000060       0x28 ./src/system_stm32f4xx.o

.debug_ranges   0x0000000000000000       0x60
 .debug_ranges  0x0000000000000000       0x28 ./src/main.o
 .debug_ranges  0x0000000000000028       0x20 ./src/startup_stm32f446xx.o
 .debug_ranges  0x0000000000000048       0x18 ./src/system_stm32f4xx.o

.debug_macro    0x0000000000000000     0xbbb2
 .debug_macro   0x0000000000000000       0xba ./src/main.o
 .debug_macro   0x00000000000000ba      0xa9c ./src/main.o
 .debug_macro   0x0000000000000b56       0x2e ./src/main.o
 .debug_macro   0x0000000000000b84       0x28 ./src/main.o
 .debug_macro   0x0000000000000bac       0x3b ./src/main.o
 .debug_macro   0x0000000000000be7       0x22 ./src/main.o
 .debug_macro   0x0000000000000c09       0x8e ./src/main.o
 .debug_macro   0x0000000000000c97       0x51 ./src/main.o
 .debug_macro   0x0000000000000ce8      0x103 ./src/main.o
 .debug_macro   0x0000000000000deb       0x6a ./src/main.o
 .debug_macro   0x0000000000000e55      0x1df ./src/main.o
 .debug_macro   0x0000000000001034       0x2d ./src/main.o
 .debug_macro   0x0000000000001061       0x26 ./src/main.o
 .debug_macro   0x0000000000001087      0xd39 ./src/main.o
 .debug_macro   0x0000000000001dc0     0x9ce3 ./src/main.o
 .debug_macro   0x000000000000baa3       0x43 ./src/main.o
 .debug_macro   0x000000000000bae6       0xcc ./src/system_stm32f4xx.o

.debug_line     0x0000000000000000      0xa9b
 .debug_line    0x0000000000000000      0x524 ./src/main.o
 .debug_line    0x0000000000000524       0x7b ./src/startup_stm32f446xx.o
 .debug_line    0x000000000000059f      0x4fc ./src/system_stm32f4xx.o

.debug_str      0x0000000000000000    0x421bc
 .debug_str     0x0000000000000000    0x4207d ./src/main.o
                                      0x42215 (size before relaxing)
 .debug_str     0x000000000004207d       0x2b ./src/startup_stm32f446xx.o
                                         0x88 (size before relaxing)
 .debug_str     0x00000000000420a8      0x114 ./src/system_stm32f4xx.o
                                      0x42290 (size before relaxing)

.comment        0x0000000000000000       0x53
 .comment       0x0000000000000000       0x53 ./src/main.o
                                         0x54 (size before relaxing)
 .comment       0x0000000000000053       0x54 ./src/system_stm32f4xx.o

.debug_frame    0x0000000000000000      0x118
 .debug_frame   0x0000000000000000       0x94 ./src/main.o
 .debug_frame   0x0000000000000094       0x58 ./src/system_stm32f4xx.o
 .debug_frame   0x00000000000000ec       0x2c c:/st/stm32cubeide_1.7.0/stm32cubeide/plugins/com.st.stm32cube.ide.mcu.externaltools.gnu-tools-for-stm32.9-2020-q2-update.win32_2.0.0.202105311346/tools/bin/../lib/gcc/arm-none-eabi/9.3.1/../../../../arm-none-eabi/lib/thumb/v7e-m+fp/hard\libc_nano.a(lib_a-init.o)

.stabstr        0x0000000000000000       0x3f
 .stabstr       0x0000000000000000       0x3f c:/st/stm32cubeide_1.7.0/stm32cubeide/plugins/com.st.stm32cube.ide.mcu.externaltools.gnu-tools-for-stm32.9-2020-q2-update.win32_2.0.0.202105311346/tools/bin/../lib/gcc/arm-none-eabi/9.3.1/../../../../arm-none-eabi/lib/thumb/v7e-m+fp/hard\libnosys.a(write.o)
