Archive member included to satisfy reference by file (symbol)

c:/st/stm32cubeide_1.7.0/stm32cubeide/plugins/com.st.stm32cube.ide.mcu.externaltools.gnu-tools-for-stm32.9-2020-q2-update.win32_2.0.0.202105311346/tools/bin/../lib/gcc/arm-none-eabi/9.3.1/../../../../arm-none-eabi/lib/thumb/v7e-m+fp/hard\libc_nano.a(lib_a-exit.o)
                              c:/st/stm32cubeide_1.7.0/stm32cubeide/plugins/com.st.stm32cube.ide.mcu.externaltools.gnu-tools-for-stm32.9-2020-q2-update.win32_2.0.0.202105311346/tools/bin/../lib/gcc/arm-none-eabi/9.3.1/../../../../arm-none-eabi/lib/thumb/v7e-m+fp/hard/crt0.o (exit)
c:/st/stm32cubeide_1.7.0/stm32cubeide/plugins/com.st.stm32cube.ide.mcu.externaltools.gnu-tools-for-stm32.9-2020-q2-update.win32_2.0.0.202105311346/tools/bin/../lib/gcc/arm-none-eabi/9.3.1/../../../../arm-none-eabi/lib/thumb/v7e-m+fp/hard\libc_nano.a(lib_a-impure.o)
                              c:/st/stm32cubeide_1.7.0/stm32cubeide/plugins/com.st.stm32cube.ide.mcu.externaltools.gnu-tools-for-stm32.9-2020-q2-update.win32_2.0.0.202105311346/tools/bin/../lib/gcc/arm-none-eabi/9.3.1/../../../../arm-none-eabi/lib/thumb/v7e-m+fp/hard\libc_nano.a(lib_a-exit.o) (_global_impure_ptr)
c:/st/stm32cubeide_1.7.0/stm32cubeide/plugins/com.st.stm32cube.ide.mcu.externaltools.gnu-tools-for-stm32.9-2020-q2-update.win32_2.0.0.202105311346/tools/bin/../lib/gcc/arm-none-eabi/9.3.1/../../../../arm-none-eabi/lib/thumb/v7e-m+fp/hard\libc_nano.a(lib_a-init.o)
                              c:/st/stm32cubeide_1.7.0/stm32cubeide/plugins/com.st.stm32cube.ide.mcu.externaltools.gnu-tools-for-stm32.9-2020-q2-update.win32_2.0.0.202105311346/tools/bin/../lib/gcc/arm-none-eabi/9.3.1/../../../../arm-none-eabi/lib/thumb/v7e-m+fp/hard/crt0.o (__libc_init_array)
c:/st/stm32cubeide_1.7.0/stm32cubeide/plugins/com.st.stm32cube.ide.mcu.externaltools.gnu-tools-for-stm32.9-2020-q2-update.win32_2.0.0.202105311346/tools/bin/../lib/gcc/arm-none-eabi/9.3.1/../../../../arm-none-eabi/lib/thumb/v7e-m+fp/hard\libc_nano.a(lib_a-memset.o)
                              c:/st/stm32cubeide_1.7.0/stm32cubeide/plugins/com.st.stm32cube.ide.mcu.externaltools.gnu-tools-for-stm32.9-2020-q2-update.win32_2.0.0.202105311346/tools/bin/../lib/gcc/arm-none-eabi/9.3.1/../../../../arm-none-eabi/lib/thumb/v7e-m+fp/hard/crt0.o (memset)
c:/st/stm32cubeide_1.7.0/stm32cubeide/plugins/com.st.stm32cube.ide.mcu.externaltools.gnu-tools-for-stm32.9-2020-q2-update.win32_2.0.0.202105311346/tools/bin/../lib/gcc/arm-none-eabi/9.3.1/thumb/v7e-m+fp/hard\libgcc.a(_aeabi_uldivmod.o)
                              ./Drivers/STM32F4xx_HAL_Driver/Src/stm32f4xx_hal_rcc.o (__aeabi_uldivmod)
c:/st/stm32cubeide_1.7.0/stm32cubeide/plugins/com.st.stm32cube.ide.mcu.externaltools.gnu-tools-for-stm32.9-2020-q2-update.win32_2.0.0.202105311346/tools/bin/../lib/gcc/arm-none-eabi/9.3.1/thumb/v7e-m+fp/hard\libgcc.a(_udivmoddi4.o)
                              c:/st/stm32cubeide_1.7.0/stm32cubeide/plugins/com.st.stm32cube.ide.mcu.externaltools.gnu-tools-for-stm32.9-2020-q2-update.win32_2.0.0.202105311346/tools/bin/../lib/gcc/arm-none-eabi/9.3.1/thumb/v7e-m+fp/hard\libgcc.a(_aeabi_uldivmod.o) (__udivmoddi4)
c:/st/stm32cubeide_1.7.0/stm32cubeide/plugins/com.st.stm32cube.ide.mcu.externaltools.gnu-tools-for-stm32.9-2020-q2-update.win32_2.0.0.202105311346/tools/bin/../lib/gcc/arm-none-eabi/9.3.1/thumb/v7e-m+fp/hard\libgcc.a(_dvmd_tls.o)
                              c:/st/stm32cubeide_1.7.0/stm32cubeide/plugins/com.st.stm32cube.ide.mcu.externaltools.gnu-tools-for-stm32.9-2020-q2-update.win32_2.0.0.202105311346/tools/bin/../lib/gcc/arm-none-eabi/9.3.1/thumb/v7e-m+fp/hard\libgcc.a(_aeabi_uldivmod.o) (__aeabi_ldiv0)
c:/st/stm32cubeide_1.7.0/stm32cubeide/plugins/com.st.stm32cube.ide.mcu.externaltools.gnu-tools-for-stm32.9-2020-q2-update.win32_2.0.0.202105311346/tools/bin/../lib/gcc/arm-none-eabi/9.3.1/../../../../arm-none-eabi/lib/thumb/v7e-m+fp/hard\libnosys.a(_exit.o)
                              c:/st/stm32cubeide_1.7.0/stm32cubeide/plugins/com.st.stm32cube.ide.mcu.externaltools.gnu-tools-for-stm32.9-2020-q2-update.win32_2.0.0.202105311346/tools/bin/../lib/gcc/arm-none-eabi/9.3.1/../../../../arm-none-eabi/lib/thumb/v7e-m+fp/hard\libc_nano.a(lib_a-exit.o) (_exit)

Allocating common symbols
Common symbol       size              file

uwTick              0x4               ./Drivers/STM32F4xx_HAL_Driver/Src/stm32f4xx_hal.o
pFlash              0x20              ./Drivers/STM32F4xx_HAL_Driver/Src/stm32f4xx_hal_flash.o
adc_value           0x2               ./Core/Src/main.o
hadc1               0x48              ./Core/Src/main.o
hdac                0x14              ./Core/Src/main.o
dac_value           0x2               ./Core/Src/main.o

Discarded input sections

 .text          0x0000000000000000        0x0 c:/st/stm32cubeide_1.7.0/stm32cubeide/plugins/com.st.stm32cube.ide.mcu.externaltools.gnu-tools-for-stm32.9-2020-q2-update.win32_2.0.0.202105311346/tools/bin/../lib/gcc/arm-none-eabi/9.3.1/thumb/v7e-m+fp/hard/crti.o
[...]
Memory Configuration

Name             Origin             Length             Attributes
RAM              0x0000000020000000 0x0000000000020000 xrw
FLASH            0x0000000008000000 0x0000000000080000 xr
*default*        0x0000000000000000 0xffffffffffffffff

Linker script and memory map

LOAD c:/st/stm32cubeide_1.7.0/stm32cubeide/plugins/com.st.stm32cube.ide.mcu.externaltools.gnu-tools-for-stm32.9-2020-q2-update.win32_2.0.0.202105311346/tools/bin/../lib/gcc/arm-none-eabi/9.3.1/thumb/v7e-m+fp/hard/crti.o
LOAD c:/st/stm32cubeide_1.7.0/stm32cubeide/plugins/com.st.stm32cube.ide.mcu.externaltools.gnu-tools-for-stm32.9-2020-q2-update.win32_2.0.0.202105311346/tools/bin/../lib/gcc/arm-none-eabi/9.3.1/thumb/v7e-m+fp/hard/crtbegin.o
LOAD c:/st/stm32cubeide_1.7.0/stm32cubeide/plugins/com.st.stm32cube.ide.mcu.externaltools.gnu-tools-for-stm32.9-2020-q2-update.win32_2.0.0.202105311346/tools/bin/../lib/gcc/arm-none-eabi/9.3.1/../../../../arm-none-eabi/lib/thumb/v7e-m+fp/hard/crt0.o
LOAD ./Core/Src/main.o
LOAD ./Core/Src/stm32f4xx_hal_msp.o
LOAD ./Core/Src/stm32f4xx_it.o
LOAD ./Core/Src/system_stm32f4xx.o
LOAD ./Core/Startup/startup_stm32f446retx.o
LOAD ./Drivers/STM32F4xx_HAL_Driver/Src/stm32f4xx_hal.o
LOAD ./Drivers/STM32F4xx_HAL_Driver/Src/stm32f4xx_hal_adc.o
LOAD ./Drivers/STM32F4xx_HAL_Driver/Src/stm32f4xx_hal_adc_ex.o
LOAD ./Drivers/STM32F4xx_HAL_Driver/Src/stm32f4xx_hal_cortex.o
LOAD ./Drivers/STM32F4xx_HAL_Driver/Src/stm32f4xx_hal_dac.o
LOAD ./Drivers/STM32F4xx_HAL_Driver/Src/stm32f4xx_hal_dac_ex.o
LOAD ./Drivers/STM32F4xx_HAL_Driver/Src/stm32f4xx_hal_dma.o
LOAD ./Drivers/STM32F4xx_HAL_Driver/Src/stm32f4xx_hal_dma_ex.o
LOAD ./Drivers/STM32F4xx_HAL_Driver/Src/stm32f4xx_hal_exti.o
LOAD ./Drivers/STM32F4xx_HAL_Driver/Src/stm32f4xx_hal_flash.o
LOAD ./Drivers/STM32F4xx_HAL_Driver/Src/stm32f4xx_hal_flash_ex.o
LOAD ./Drivers/STM32F4xx_HAL_Driver/Src/stm32f4xx_hal_flash_ramfunc.o
LOAD ./Drivers/STM32F4xx_HAL_Driver/Src/stm32f4xx_hal_gpio.o
LOAD ./Drivers/STM32F4xx_HAL_Driver/Src/stm32f4xx_hal_pwr.o
LOAD ./Drivers/STM32F4xx_HAL_Driver/Src/stm32f4xx_hal_pwr_ex.o
LOAD ./Drivers/STM32F4xx_HAL_Driver/Src/stm32f4xx_hal_rcc.o
LOAD ./Drivers/STM32F4xx_HAL_Driver/Src/stm32f4xx_hal_rcc_ex.o
LOAD ./Drivers/STM32F4xx_HAL_Driver/Src/stm32f4xx_hal_tim.o
LOAD ./Drivers/STM32F4xx_HAL_Driver/Src/stm32f4xx_hal_tim_ex.o
LOAD ./Drivers/STM32F4xx_HAL_Driver/Src/stm32f4xx_ll_adc.o
START GROUP
LOAD c:/st/stm32cubeide_1.7.0/stm32cubeide/plugins/com.st.stm32cube.ide.mcu.externaltools.gnu-tools-for-stm32.9-2020-q2-update.win32_2.0.0.202105311346/tools/bin/../lib/gcc/arm-none-eabi/9.3.1/../../../../arm-none-eabi/lib/thumb/v7e-m+fp/hard\libc_nano.a
LOAD c:/st/stm32cubeide_1.7.0/stm32cubeide/plugins/com.st.stm32cube.ide.mcu.externaltools.gnu-tools-for-stm32.9-2020-q2-update.win32_2.0.0.202105311346/tools/bin/../lib/gcc/arm-none-eabi/9.3.1/../../../../arm-none-eabi/lib/thumb/v7e-m+fp/hard\libm.a
END GROUP
START GROUP
LOAD c:/st/stm32cubeide_1.7.0/stm32cubeide/plugins/com.st.stm32cube.ide.mcu.externaltools.gnu-tools-for-stm32.9-2020-q2-update.win32_2.0.0.202105311346/tools/bin/../lib/gcc/arm-none-eabi/9.3.1/thumb/v7e-m+fp/hard\libgcc.a
LOAD c:/st/stm32cubeide_1.7.0/stm32cubeide/plugins/com.st.stm32cube.ide.mcu.externaltools.gnu-tools-for-stm32.9-2020-q2-update.win32_2.0.0.202105311346/tools/bin/../lib/gcc/arm-none-eabi/9.3.1/../../../../arm-none-eabi/lib/thumb/v7e-m+fp/hard\libc_nano.a
END GROUP
START GROUP
LOAD c:/st/stm32cubeide_1.7.0/stm32cubeide/plugins/com.st.stm32cube.ide.mcu.externaltools.gnu-tools-for-stm32.9-2020-q2-update.win32_2.0.0.202105311346/tools/bin/../lib/gcc/arm-none-eabi/9.3.1/thumb/v7e-m+fp/hard\libgcc.a
LOAD c:/st/stm32cubeide_1.7.0/stm32cubeide/plugins/com.st.stm32cube.ide.mcu.externaltools.gnu-tools-for-stm32.9-2020-q2-update.win32_2.0.0.202105311346/tools/bin/../lib/gcc/arm-none-eabi/9.3.1/../../../../arm-none-eabi/lib/thumb/v7e-m+fp/hard\libc_nano.a
LOAD c:/st/stm32cubeide_1.7.0/stm32cubeide/plugins/com.st.stm32cube.ide.mcu.externaltools.gnu-tools-for-stm32.9-2020-q2-update.win32_2.0.0.202105311346/tools/bin/../lib/gcc/arm-none-eabi/9.3.1/../../../../arm-none-eabi/lib/thumb/v7e-m+fp/hard\libnosys.a
END GROUP
START GROUP
LOAD c:/st/stm32cubeide_1.7.0/stm32cubeide/plugins/com.st.stm32cube.ide.mcu.externaltools.gnu-tools-for-stm32.9-2020-q2-update.win32_2.0.0.202105311346/tools/bin/../lib/gcc/arm-none-eabi/9.3.1/thumb/v7e-m+fp/hard\libgcc.a
LOAD c:/st/stm32cubeide_1.7.0/stm32cubeide/plugins/com.st.stm32cube.ide.mcu.externaltools.gnu-tools-for-stm32.9-2020-q2-update.win32_2.0.0.202105311346/tools/bin/../lib/gcc/arm-none-eabi/9.3.1/../../../../arm-none-eabi/lib/thumb/v7e-m+fp/hard\libc_nano.a
LOAD c:/st/stm32cubeide_1.7.0/stm32cubeide/plugins/com.st.stm32cube.ide.mcu.externaltools.gnu-tools-for-stm32.9-2020-q2-update.win32_2.0.0.202105311346/tools/bin/../lib/gcc/arm-none-eabi/9.3.1/../../../../arm-none-eabi/lib/thumb/v7e-m+fp/hard\libnosys.a
END GROUP
LOAD c:/st/stm32cubeide_1.7.0/stm32cubeide/plugins/com.st.stm32cube.ide.mcu.externaltools.gnu-tools-for-stm32.9-2020-q2-update.win32_2.0.0.202105311346/tools/bin/../lib/gcc/arm-none-eabi/9.3.1/thumb/v7e-m+fp/hard/crtend.o
LOAD c:/st/stm32cubeide_1.7.0/stm32cubeide/plugins/com.st.stm32cube.ide.mcu.externaltools.gnu-tools-for-stm32.9-2020-q2-update.win32_2.0.0.202105311346/tools/bin/../lib/gcc/arm-none-eabi/9.3.1/thumb/v7e-m+fp/hard/crtn.o
                0x0000000020020000                _estack = 0x20020000
                0x0000000000000200                _Min_Heap_Size = 0x200
                0x0000000000000400                _Min_Stack_Size = 0x400

.isr_vector     0x0000000008000000      0x1c4
                0x0000000008000000                . = ALIGN (0x4)
 *(.isr_vector)
 .isr_vector    0x0000000008000000      0x1c4 ./Core/Startup/startup_stm32f446retx.o
                0x0000000008000000                g_pfnVectors
                0x00000000080001c4                . = ALIGN (0x4)

.text           0x00000000080001c4     0x21f0
                0x00000000080001c4                . = ALIGN (0x4)
 *(.text)
 .text          0x00000000080001c4       0x40 c:/st/stm32cubeide_1.7.0/stm32cubeide/plugins/com.st.stm32cube.ide.mcu.externaltools.gnu-tools-for-stm32.9-2020-q2-update.win32_2.0.0.202105311346/tools/bin/../lib/gcc/arm-none-eabi/9.3.1/thumb/v7e-m+fp/hard/crtbegin.o
 .text          0x0000000008000204       0x30 c:/st/stm32cubeide_1.7.0/stm32cubeide/plugins/com.st.stm32cube.ide.mcu.externaltools.gnu-tools-for-stm32.9-2020-q2-update.win32_2.0.0.202105311346/tools/bin/../lib/gcc/arm-none-eabi/9.3.1/thumb/v7e-m+fp/hard\libgcc.a(_aeabi_uldivmod.o)
                0x0000000008000204                __aeabi_uldivmod
 .text          0x0000000008000234      0x2c4 c:/st/stm32cubeide_1.7.0/stm32cubeide/plugins/com.st.stm32cube.ide.mcu.externaltools.gnu-tools-for-stm32.9-2020-q2-update.win32_2.0.0.202105311346/tools/bin/../lib/gcc/arm-none-eabi/9.3.1/thumb/v7e-m+fp/hard\libgcc.a(_udivmoddi4.o)
                0x0000000008000234                __udivmoddi4
 .text          0x00000000080004f8        0x4 c:/st/stm32cubeide_1.7.0/stm32cubeide/plugins/com.st.stm32cube.ide.mcu.externaltools.gnu-tools-for-stm32.9-2020-q2-update.win32_2.0.0.202105311346/tools/bin/../lib/gcc/arm-none-eabi/9.3.1/thumb/v7e-m+fp/hard\libgcc.a(_dvmd_tls.o)
                0x00000000080004f8                __aeabi_idiv0
                0x00000000080004f8                __aeabi_ldiv0
 *(.text*)
 .text.Read_ADC
                0x00000000080004fc       0x40 ./Core/Src/main.o
                0x00000000080004fc                Read_ADC
 .text.main     0x000000000800053c       0x44 ./Core/Src/main.o
                0x000000000800053c                main
 .text.SystemClock_Config
                0x0000000008000580       0xd8 ./Core/Src/main.o
                0x0000000008000580                SystemClock_Config
 .text.MX_ADC1_Init
                0x0000000008000658       0xa4 ./Core/Src/main.o
 .text.MX_DAC_Init
                0x00000000080006fc       0x54 ./Core/Src/main.o
 .text.MX_GPIO_Init
                0x0000000008000750       0x34 ./Core/Src/main.o
 .text.Error_Handler
                0x0000000008000784        0xa ./Core/Src/main.o
                0x0000000008000784                Error_Handler
 *fill*         0x000000000800078e        0x2 
 .text.HAL_MspInit
                0x0000000008000790       0x50 ./Core/Src/stm32f4xx_hal_msp.o
                0x0000000008000790                HAL_MspInit
 .text.HAL_ADC_MspInit
                0x00000000080007e0       0x88 ./Core/Src/stm32f4xx_hal_msp.o
                0x00000000080007e0                HAL_ADC_MspInit
 .text.HAL_DAC_MspInit
                0x0000000008000868       0x88 ./Core/Src/stm32f4xx_hal_msp.o
                0x0000000008000868                HAL_DAC_MspInit
 .text.NMI_Handler
                0x00000000080008f0        0x6 ./Core/Src/stm32f4xx_it.o
                0x00000000080008f0                NMI_Handler
 .text.HardFault_Handler
                0x00000000080008f6        0x6 ./Core/Src/stm32f4xx_it.o
                0x00000000080008f6                HardFault_Handler
 .text.MemManage_Handler
                0x00000000080008fc        0x6 ./Core/Src/stm32f4xx_it.o
                0x00000000080008fc                MemManage_Handler
 .text.BusFault_Handler
                0x0000000008000902        0x6 ./Core/Src/stm32f4xx_it.o
                0x0000000008000902                BusFault_Handler
 .text.UsageFault_Handler
                0x0000000008000908        0x6 ./Core/Src/stm32f4xx_it.o
                0x0000000008000908                UsageFault_Handler
 .text.SVC_Handler
                0x000000000800090e        0xe ./Core/Src/stm32f4xx_it.o
                0x000000000800090e                SVC_Handler
 .text.DebugMon_Handler
                0x000000000800091c        0xe ./Core/Src/stm32f4xx_it.o
                0x000000000800091c                DebugMon_Handler
 .text.PendSV_Handler
                0x000000000800092a        0xe ./Core/Src/stm32f4xx_it.o
                0x000000000800092a                PendSV_Handler
 .text.SysTick_Handler
                0x0000000008000938        0xc ./Core/Src/stm32f4xx_it.o
                0x0000000008000938                SysTick_Handler
 .text.SystemInit
                0x0000000008000944       0x24 ./Core/Src/system_stm32f4xx.o
                0x0000000008000944                SystemInit
 .text.Reset_Handler
                0x0000000008000968       0x50 ./Core/Startup/startup_stm32f446retx.o
                0x0000000008000968                Reset_Handler
 .text.Default_Handler
                0x00000000080009b8        0x2 ./Core/Startup/startup_stm32f446retx.o
                0x00000000080009b8                RTC_Alarm_IRQHandler
                0x00000000080009b8                EXTI2_IRQHandler
                0x00000000080009b8                TIM8_CC_IRQHandler
                0x00000000080009b8                FMPI2C1_EV_IRQHandler
                0x00000000080009b8                SPI4_IRQHandler
                0x00000000080009b8                TIM1_CC_IRQHandler
                0x00000000080009b8                DMA2_Stream5_IRQHandler
                0x00000000080009b8                DMA1_Stream5_IRQHandler
                0x00000000080009b8                PVD_IRQHandler
                0x00000000080009b8                SDIO_IRQHandler
                0x00000000080009b8                TAMP_STAMP_IRQHandler
                0x00000000080009b8                CAN2_RX1_IRQHandler
                0x00000000080009b8                EXTI3_IRQHandler
                0x00000000080009b8                TIM8_TRG_COM_TIM14_IRQHandler
                0x00000000080009b8                TIM1_UP_TIM10_IRQHandler
                0x00000000080009b8                TIM8_UP_TIM13_IRQHandler
                0x00000000080009b8                I2C3_ER_IRQHandler
                0x00000000080009b8                EXTI0_IRQHandler
                0x00000000080009b8                I2C2_EV_IRQHandler
                0x00000000080009b8                DMA1_Stream2_IRQHandler
                0x00000000080009b8                CAN1_RX0_IRQHandler
                0x00000000080009b8                FPU_IRQHandler
                0x00000000080009b8                OTG_HS_WKUP_IRQHandler
                0x00000000080009b8                CAN2_SCE_IRQHandler
                0x00000000080009b8                DMA2_Stream2_IRQHandler
                0x00000000080009b8                SPI1_IRQHandler
                0x00000000080009b8                TIM6_DAC_IRQHandler
                0x00000000080009b8                TIM1_BRK_TIM9_IRQHandler
                0x00000000080009b8                DCMI_IRQHandler
                0x00000000080009b8                CAN2_RX0_IRQHandler
                0x00000000080009b8                DMA2_Stream3_IRQHandler
                0x00000000080009b8                SAI2_IRQHandler
                0x00000000080009b8                USART6_IRQHandler
                0x00000000080009b8                USART3_IRQHandler
                0x00000000080009b8                CAN1_RX1_IRQHandler
                0x00000000080009b8                UART5_IRQHandler
                0x00000000080009b8                DMA2_Stream0_IRQHandler
                0x00000000080009b8                TIM4_IRQHandler
                0x00000000080009b8                QUADSPI_IRQHandler
                0x00000000080009b8                I2C1_EV_IRQHandler
                0x00000000080009b8                DMA1_Stream6_IRQHandler
                0x00000000080009b8                DMA1_Stream1_IRQHandler
                0x00000000080009b8                UART4_IRQHandler
                0x00000000080009b8                TIM3_IRQHandler
                0x00000000080009b8                RCC_IRQHandler
                0x00000000080009b8                TIM8_BRK_TIM12_IRQHandler
                0x00000000080009b8                Default_Handler
                0x00000000080009b8                CEC_IRQHandler
                0x00000000080009b8                EXTI15_10_IRQHandler
                0x00000000080009b8                ADC_IRQHandler
                0x00000000080009b8                DMA1_Stream7_IRQHandler
                0x00000000080009b8                TIM7_IRQHandler
                0x00000000080009b8                CAN2_TX_IRQHandler
                0x00000000080009b8                TIM5_IRQHandler
                0x00000000080009b8                DMA2_Stream7_IRQHandler
                0x00000000080009b8                I2C3_EV_IRQHandler
                0x00000000080009b8                EXTI9_5_IRQHandler
                0x00000000080009b8                RTC_WKUP_IRQHandler
                0x00000000080009b8                SPDIF_RX_IRQHandler
                0x00000000080009b8                SPI2_IRQHandler
                0x00000000080009b8                OTG_HS_EP1_IN_IRQHandler
                0x00000000080009b8                DMA1_Stream0_IRQHandler
                0x00000000080009b8                CAN1_TX_IRQHandler
                0x00000000080009b8                FMPI2C1_ER_IRQHandler
                0x00000000080009b8                EXTI4_IRQHandler
                0x00000000080009b8                OTG_HS_EP1_OUT_IRQHandler
                0x00000000080009b8                WWDG_IRQHandler
                0x00000000080009b8                TIM2_IRQHandler
                0x00000000080009b8                OTG_FS_WKUP_IRQHandler
                0x00000000080009b8                TIM1_TRG_COM_TIM11_IRQHandler
                0x00000000080009b8                OTG_HS_IRQHandler
                0x00000000080009b8                EXTI1_IRQHandler
                0x00000000080009b8                USART2_IRQHandler
                0x00000000080009b8                I2C2_ER_IRQHandler
                0x00000000080009b8                DMA2_Stream1_IRQHandler
                0x00000000080009b8                CAN1_SCE_IRQHandler
                0x00000000080009b8                FLASH_IRQHandler
                0x00000000080009b8                DMA2_Stream4_IRQHandler
                0x00000000080009b8                USART1_IRQHandler
                0x00000000080009b8                OTG_FS_IRQHandler
                0x00000000080009b8                SPI3_IRQHandler
                0x00000000080009b8                DMA1_Stream4_IRQHandler
                0x00000000080009b8                I2C1_ER_IRQHandler
                0x00000000080009b8                FMC_IRQHandler
                0x00000000080009b8                DMA2_Stream6_IRQHandler
                0x00000000080009b8                SAI1_IRQHandler
                0x00000000080009b8                DMA1_Stream3_IRQHandler
 *fill*         0x00000000080009ba        0x2 
 .text.HAL_Init
                0x00000000080009bc       0x44 ./Drivers/STM32F4xx_HAL_Driver/Src/stm32f4xx_hal.o
                0x00000000080009bc                HAL_Init
 .text.HAL_InitTick
                0x0000000008000a00       0x60 ./Drivers/STM32F4xx_HAL_Driver/Src/stm32f4xx_hal.o
                0x0000000008000a00                HAL_InitTick
 .text.HAL_IncTick
                0x0000000008000a60       0x28 ./Drivers/STM32F4xx_HAL_Driver/Src/stm32f4xx_hal.o
                0x0000000008000a60                HAL_IncTick
 .text.HAL_GetTick
                0x0000000008000a88       0x18 ./Drivers/STM32F4xx_HAL_Driver/Src/stm32f4xx_hal.o
                0x0000000008000a88                HAL_GetTick
 .text.HAL_ADC_Init
                0x0000000008000aa0       0x86 ./Drivers/STM32F4xx_HAL_Driver/Src/stm32f4xx_hal_adc.o
                0x0000000008000aa0                HAL_ADC_Init
 *fill*         0x0000000008000b26        0x2 
 .text.HAL_ADC_Start
                0x0000000008000b28      0x1a4 ./Drivers/STM32F4xx_HAL_Driver/Src/stm32f4xx_hal_adc.o
                0x0000000008000b28                HAL_ADC_Start
 .text.HAL_ADC_Stop
                0x0000000008000ccc       0x66 ./Drivers/STM32F4xx_HAL_Driver/Src/stm32f4xx_hal_adc.o
                0x0000000008000ccc                HAL_ADC_Stop
 .text.HAL_ADC_PollForConversion
                0x0000000008000d32      0x116 ./Drivers/STM32F4xx_HAL_Driver/Src/stm32f4xx_hal_adc.o
                0x0000000008000d32                HAL_ADC_PollForConversion
 .text.HAL_ADC_GetValue
                0x0000000008000e48       0x1a ./Drivers/STM32F4xx_HAL_Driver/Src/stm32f4xx_hal_adc.o
                0x0000000008000e48                HAL_ADC_GetValue
 *fill*         0x0000000008000e62        0x2 
 .text.HAL_ADC_ConfigChannel
                0x0000000008000e64      0x264 ./Drivers/STM32F4xx_HAL_Driver/Src/stm32f4xx_hal_adc.o
                0x0000000008000e64                HAL_ADC_ConfigChannel
 .text.ADC_Init
                0x00000000080010c8      0x1f8 ./Drivers/STM32F4xx_HAL_Driver/Src/stm32f4xx_hal_adc.o
 .text.__NVIC_SetPriorityGrouping
                0x00000000080012c0       0x48 ./Drivers/STM32F4xx_HAL_Driver/Src/stm32f4xx_hal_cortex.o
 .text.__NVIC_GetPriorityGrouping
                0x0000000008001308       0x1c ./Drivers/STM32F4xx_HAL_Driver/Src/stm32f4xx_hal_cortex.o
 .text.__NVIC_SetPriority
                0x0000000008001324       0x54 ./Drivers/STM32F4xx_HAL_Driver/Src/stm32f4xx_hal_cortex.o
 .text.NVIC_EncodePriority
                0x0000000008001378       0x66 ./Drivers/STM32F4xx_HAL_Driver/Src/stm32f4xx_hal_cortex.o
 *fill*         0x00000000080013de        0x2 
 .text.SysTick_Config
                0x00000000080013e0       0x44 ./Drivers/STM32F4xx_HAL_Driver/Src/stm32f4xx_hal_cortex.o
 .text.HAL_NVIC_SetPriorityGrouping
                0x0000000008001424       0x16 ./Drivers/STM32F4xx_HAL_Driver/Src/stm32f4xx_hal_cortex.o
                0x0000000008001424                HAL_NVIC_SetPriorityGrouping
 .text.HAL_NVIC_SetPriority
                0x000000000800143a       0x38 ./Drivers/STM32F4xx_HAL_Driver/Src/stm32f4xx_hal_cortex.o
                0x000000000800143a                HAL_NVIC_SetPriority
 .text.HAL_SYSTICK_Config
                0x0000000008001472       0x18 ./Drivers/STM32F4xx_HAL_Driver/Src/stm32f4xx_hal_cortex.o
                0x0000000008001472                HAL_SYSTICK_Config
 .text.HAL_DAC_Init
                0x000000000800148a       0x44 ./Drivers/STM32F4xx_HAL_Driver/Src/stm32f4xx_hal_dac.o
                0x000000000800148a                HAL_DAC_Init
 .text.HAL_DAC_Start
                0x00000000080014ce       0xa4 ./Drivers/STM32F4xx_HAL_Driver/Src/stm32f4xx_hal_dac.o
                0x00000000080014ce                HAL_DAC_Start
 .text.HAL_DAC_SetValue
                0x0000000008001572       0x4a ./Drivers/STM32F4xx_HAL_Driver/Src/stm32f4xx_hal_dac.o
                0x0000000008001572                HAL_DAC_SetValue
 .text.HAL_DAC_ConfigChannel
                0x00000000080015bc       0x9e ./Drivers/STM32F4xx_HAL_Driver/Src/stm32f4xx_hal_dac.o
                0x00000000080015bc                HAL_DAC_ConfigChannel
 *fill*         0x000000000800165a        0x2 
 .text.HAL_GPIO_Init
                0x000000000800165c      0x328 ./Drivers/STM32F4xx_HAL_Driver/Src/stm32f4xx_hal_gpio.o
                0x000000000800165c                HAL_GPIO_Init
 .text.HAL_RCC_ClockConfig
                0x0000000008001984      0x1cc ./Drivers/STM32F4xx_HAL_Driver/Src/stm32f4xx_hal_rcc.o
                0x0000000008001984                HAL_RCC_ClockConfig
 .text.HAL_RCC_GetSysClockFreq
                0x0000000008001b50      0x2b8 ./Drivers/STM32F4xx_HAL_Driver/Src/stm32f4xx_hal_rcc_ex.o
                0x0000000008001b50                HAL_RCC_GetSysClockFreq
 .text.HAL_RCC_OscConfig
                0x0000000008001e08      0x53c ./Drivers/STM32F4xx_HAL_Driver/Src/stm32f4xx_hal_rcc_ex.o
                0x0000000008001e08                HAL_RCC_OscConfig
 .text.__libc_init_array
                0x0000000008002344       0x48 c:/st/stm32cubeide_1.7.0/stm32cubeide/plugins/com.st.stm32cube.ide.mcu.externaltools.gnu-tools-for-stm32.9-2020-q2-update.win32_2.0.0.202105311346/tools/bin/../lib/gcc/arm-none-eabi/9.3.1/../../../../arm-none-eabi/lib/thumb/v7e-m+fp/hard\libc_nano.a(lib_a-init.o)
                0x0000000008002344                __libc_init_array
 .text.memset   0x000000000800238c       0x10 c:/st/stm32cubeide_1.7.0/stm32cubeide/plugins/com.st.stm32cube.ide.mcu.externaltools.gnu-tools-for-stm32.9-2020-q2-update.win32_2.0.0.202105311346/tools/bin/../lib/gcc/arm-none-eabi/9.3.1/../../../../arm-none-eabi/lib/thumb/v7e-m+fp/hard\libc_nano.a(lib_a-memset.o)
                0x000000000800238c                memset
 *(.glue_7)
 .glue_7        0x000000000800239c        0x0 linker stubs
 *(.glue_7t)
 .glue_7t       0x000000000800239c        0x0 linker stubs
 *(.eh_frame)
 .eh_frame      0x000000000800239c        0x0 c:/st/stm32cubeide_1.7.0/stm32cubeide/plugins/com.st.stm32cube.ide.mcu.externaltools.gnu-tools-for-stm32.9-2020-q2-update.win32_2.0.0.202105311346/tools/bin/../lib/gcc/arm-none-eabi/9.3.1/thumb/v7e-m+fp/hard/crtbegin.o
 *(.init)
 .init          0x000000000800239c        0x4 c:/st/stm32cubeide_1.7.0/stm32cubeide/plugins/com.st.stm32cube.ide.mcu.externaltools.gnu-tools-for-stm32.9-2020-q2-update.win32_2.0.0.202105311346/tools/bin/../lib/gcc/arm-none-eabi/9.3.1/thumb/v7e-m+fp/hard/crti.o
                0x000000000800239c                _init
 .init          0x00000000080023a0        0x8 c:/st/stm32cubeide_1.7.0/stm32cubeide/plugins/com.st.stm32cube.ide.mcu.externaltools.gnu-tools-for-stm32.9-2020-q2-update.win32_2.0.0.202105311346/tools/bin/../lib/gcc/arm-none-eabi/9.3.1/thumb/v7e-m+fp/hard/crtn.o
 *(.fini)
 .fini          0x00000000080023a8        0x4 c:/st/stm32cubeide_1.7.0/stm32cubeide/plugins/com.st.stm32cube.ide.mcu.externaltools.gnu-tools-for-stm32.9-2020-q2-update.win32_2.0.0.202105311346/tools/bin/../lib/gcc/arm-none-eabi/9.3.1/thumb/v7e-m+fp/hard/crti.o
                0x00000000080023a8                _fini
 .fini          0x00000000080023ac        0x8 c:/st/stm32cubeide_1.7.0/stm32cubeide/plugins/com.st.stm32cube.ide.mcu.externaltools.gnu-tools-for-stm32.9-2020-q2-update.win32_2.0.0.202105311346/tools/bin/../lib/gcc/arm-none-eabi/9.3.1/thumb/v7e-m+fp/hard/crtn.o
                0x00000000080023b4                . = ALIGN (0x4)
                0x00000000080023b4                _etext = .

.vfp11_veneer   0x00000000080023b4        0x0
 .vfp11_veneer  0x00000000080023b4        0x0 linker stubs

.v4_bx          0x00000000080023b4        0x0
 .v4_bx         0x00000000080023b4        0x0 linker stubs

.iplt           0x00000000080023b4        0x0
 .iplt          0x00000000080023b4        0x0 c:/st/stm32cubeide_1.7.0/stm32cubeide/plugins/com.st.stm32cube.ide.mcu.externaltools.gnu-tools-for-stm32.9-2020-q2-update.win32_2.0.0.202105311346/tools/bin/../lib/gcc/arm-none-eabi/9.3.1/thumb/v7e-m+fp/hard/crtbegin.o

.rodata         0x00000000080023b4       0x10
                0x00000000080023b4                . = ALIGN (0x4)
 *(.rodata)
 *(.rodata*)
 .rodata.AHBPrescTable
                0x00000000080023b4       0x10 ./Core/Src/system_stm32f4xx.o
                0x00000000080023b4                AHBPrescTable
                0x00000000080023c4                . = ALIGN (0x4)

.ARM.extab
 *(.ARM.extab* .gnu.linkonce.armextab.*)

.ARM            0x00000000080023c4        0x8
                0x00000000080023c4                __exidx_start = .
 *(.ARM.exidx*)
 .ARM.exidx     0x00000000080023c4        0x8 c:/st/stm32cubeide_1.7.0/stm32cubeide/plugins/com.st.stm32cube.ide.mcu.externaltools.gnu-tools-for-stm32.9-2020-q2-update.win32_2.0.0.202105311346/tools/bin/../lib/gcc/arm-none-eabi/9.3.1/thumb/v7e-m+fp/hard\libgcc.a(_udivmoddi4.o)
                0x00000000080023cc                __exidx_end = .

.rel.dyn        0x00000000080023cc        0x0
 .rel.iplt      0x00000000080023cc        0x0 c:/st/stm32cubeide_1.7.0/stm32cubeide/plugins/com.st.stm32cube.ide.mcu.externaltools.gnu-tools-for-stm32.9-2020-q2-update.win32_2.0.0.202105311346/tools/bin/../lib/gcc/arm-none-eabi/9.3.1/thumb/v7e-m+fp/hard/crtbegin.o

.preinit_array  0x00000000080023cc        0x0
                0x00000000080023cc                PROVIDE (__preinit_array_start = .)
 *(.preinit_array*)
                0x00000000080023cc                PROVIDE (__preinit_array_end = .)

.init_array     0x00000000080023cc        0x4
                0x00000000080023cc                PROVIDE (__init_array_start = .)
 *(SORT_BY_NAME(.init_array.*))
 *(.init_array*)
 .init_array    0x00000000080023cc        0x4 c:/st/stm32cubeide_1.7.0/stm32cubeide/plugins/com.st.stm32cube.ide.mcu.externaltools.gnu-tools-for-stm32.9-2020-q2-update.win32_2.0.0.202105311346/tools/bin/../lib/gcc/arm-none-eabi/9.3.1/thumb/v7e-m+fp/hard/crtbegin.o
                0x00000000080023d0                PROVIDE (__init_array_end = .)

.fini_array     0x00000000080023d0        0x4
                [!provide]                        PROVIDE (__fini_array_start = .)
 *(SORT_BY_NAME(.fini_array.*))
 *(.fini_array*)
 .fini_array    0x00000000080023d0        0x4 c:/st/stm32cubeide_1.7.0/stm32cubeide/plugins/com.st.stm32cube.ide.mcu.externaltools.gnu-tools-for-stm32.9-2020-q2-update.win32_2.0.0.202105311346/tools/bin/../lib/gcc/arm-none-eabi/9.3.1/thumb/v7e-m+fp/hard/crtbegin.o
                [!provide]                        PROVIDE (__fini_array_end = .)
                0x00000000080023d4                _sidata = LOADADDR (.data)

.data           0x0000000020000000        0xc load address 0x00000000080023d4
                0x0000000020000000                . = ALIGN (0x4)
                0x0000000020000000                _sdata = .
 *(.data)
 *(.data*)
 .data.SystemCoreClock
                0x0000000020000000        0x4 ./Core/Src/system_stm32f4xx.o
                0x0000000020000000                SystemCoreClock
 .data.uwTickPrio
                0x0000000020000004        0x4 ./Drivers/STM32F4xx_HAL_Driver/Src/stm32f4xx_hal.o
                0x0000000020000004                uwTickPrio
 .data.uwTickFreq
                0x0000000020000008        0x1 ./Drivers/STM32F4xx_HAL_Driver/Src/stm32f4xx_hal.o
                0x0000000020000008                uwTickFreq
                0x000000002000000c                . = ALIGN (0x4)
 *fill*         0x0000000020000009        0x3 
                0x000000002000000c                _edata = .

.igot.plt       0x000000002000000c        0x0 load address 0x00000000080023e0
 .igot.plt      0x000000002000000c        0x0 c:/st/stm32cubeide_1.7.0/stm32cubeide/plugins/com.st.stm32cube.ide.mcu.externaltools.gnu-tools-for-stm32.9-2020-q2-update.win32_2.0.0.202105311346/tools/bin/../lib/gcc/arm-none-eabi/9.3.1/thumb/v7e-m+fp/hard/crtbegin.o
                0x000000002000000c                . = ALIGN (0x4)

.bss            0x000000002000000c       0x84 load address 0x00000000080023e0
                0x000000002000000c                _sbss = .
                0x000000002000000c                __bss_start__ = _sbss
 *(.bss)
 .bss           0x000000002000000c       0x1c c:/st/stm32cubeide_1.7.0/stm32cubeide/plugins/com.st.stm32cube.ide.mcu.externaltools.gnu-tools-for-stm32.9-2020-q2-update.win32_2.0.0.202105311346/tools/bin/../lib/gcc/arm-none-eabi/9.3.1/thumb/v7e-m+fp/hard/crtbegin.o
 *(.bss*)
 *(COMMON)
 COMMON         0x0000000020000028       0x62 ./Core/Src/main.o
                0x0000000020000028                adc_value
                0x000000002000002c                hadc1
                0x0000000020000074                hdac
                0x0000000020000088                dac_value
 *fill*         0x000000002000008a        0x2 
 COMMON         0x000000002000008c        0x4 ./Drivers/STM32F4xx_HAL_Driver/Src/stm32f4xx_hal.o
                0x000000002000008c                uwTick
                0x0000000020000090                . = ALIGN (0x4)
                0x0000000020000090                _ebss = .
                0x0000000020000090                __bss_end__ = _ebss

._user_heap_stack
                0x0000000020000090      0x600 load address 0x00000000080023e0
                0x0000000020000090                . = ALIGN (0x4)
                [!provide]                        PROVIDE (end = .)
                [!provide]                        PROVIDE (_end = .)
                0x0000000020000290                . = (. + _Min_Heap_Size)
 *fill*         0x0000000020000090      0x200 
                0x0000000020000690                . = (. + _Min_Stack_Size)
 *fill*         0x0000000020000290      0x400 
                0x0000000020000690                . = ALIGN (0x4)

/DISCARD/
 libc.a(*)
 libm.a(*)
 libgcc.a(*)

.ARM.attributes
                0x0000000000000000       0x30
 *(.ARM.attributes)
 .ARM.attributes
                0x0000000000000000       0x1e c:/st/stm32cubeide_1.7.0/stm32cubeide/plugins/com.st.stm32cube.ide.mcu.externaltools.gnu-tools-for-stm32.9-2020-q2-update.win32_2.0.0.202105311346/tools/bin/../lib/gcc/arm-none-eabi/9.3.1/thumb/v7e-m+fp/hard/crti.o
 .ARM.attributes
                0x000000000000001e       0x34 c:/st/stm32cubeide_1.7.0/stm32cubeide/plugins/com.st.stm32cube.ide.mcu.externaltools.gnu-tools-for-stm32.9-2020-q2-update.win32_2.0.0.202105311346/tools/bin/../lib/gcc/arm-none-eabi/9.3.1/thumb/v7e-m+fp/hard/crtbegin.o
 .ARM.attributes
                0x0000000000000052       0x34 ./Core/Src/main.o
 .ARM.attributes
                0x0000000000000086       0x34 ./Core/Src/stm32f4xx_hal_msp.o
 .ARM.attributes
                0x00000000000000ba       0x34 ./Core/Src/stm32f4xx_it.o
 .ARM.attributes
                0x00000000000000ee       0x34 ./Core/Src/system_stm32f4xx.o
 .ARM.attributes
                0x0000000000000122       0x21 ./Core/Startup/startup_stm32f446retx.o
 .ARM.attributes
                0x0000000000000143       0x34 ./Drivers/STM32F4xx_HAL_Driver/Src/stm32f4xx_hal.o
 .ARM.attributes
                0x0000000000000177       0x34 ./Drivers/STM32F4xx_HAL_Driver/Src/stm32f4xx_hal_adc.o
 .ARM.attributes
                0x00000000000001ab       0x34 ./Drivers/STM32F4xx_HAL_Driver/Src/stm32f4xx_hal_cortex.o
 .ARM.attributes
                0x00000000000001df       0x34 ./Drivers/STM32F4xx_HAL_Driver/Src/stm32f4xx_hal_dac.o
 .ARM.attributes
                0x0000000000000213       0x34 ./Drivers/STM32F4xx_HAL_Driver/Src/stm32f4xx_hal_gpio.o
 .ARM.attributes
                0x0000000000000247       0x34 ./Drivers/STM32F4xx_HAL_Driver/Src/stm32f4xx_hal_rcc.o
 .ARM.attributes
                0x000000000000027b       0x34 ./Drivers/STM32F4xx_HAL_Driver/Src/stm32f4xx_hal_rcc_ex.o
 .ARM.attributes
                0x00000000000002af       0x34 c:/st/stm32cubeide_1.7.0/stm32cubeide/plugins/com.st.stm32cube.ide.mcu.externaltools.gnu-tools-for-stm32.9-2020-q2-update.win32_2.0.0.202105311346/tools/bin/../lib/gcc/arm-none-eabi/9.3.1/../../../../arm-none-eabi/lib/thumb/v7e-m+fp/hard\libc_nano.a(lib_a-init.o)
 .ARM.attributes
                0x00000000000002e3       0x34 c:/st/stm32cubeide_1.7.0/stm32cubeide/plugins/com.st.stm32cube.ide.mcu.externaltools.gnu-tools-for-stm32.9-2020-q2-update.win32_2.0.0.202105311346/tools/bin/../lib/gcc/arm-none-eabi/9.3.1/../../../../arm-none-eabi/lib/thumb/v7e-m+fp/hard\libc_nano.a(lib_a-memset.o)
 .ARM.attributes
                0x0000000000000317       0x1e c:/st/stm32cubeide_1.7.0/stm32cubeide/plugins/com.st.stm32cube.ide.mcu.externaltools.gnu-tools-for-stm32.9-2020-q2-update.win32_2.0.0.202105311346/tools/bin/../lib/gcc/arm-none-eabi/9.3.1/thumb/v7e-m+fp/hard\libgcc.a(_aeabi_uldivmod.o)
 .ARM.attributes
                0x0000000000000335       0x34 c:/st/stm32cubeide_1.7.0/stm32cubeide/plugins/com.st.stm32cube.ide.mcu.externaltools.gnu-tools-for-stm32.9-2020-q2-update.win32_2.0.0.202105311346/tools/bin/../lib/gcc/arm-none-eabi/9.3.1/thumb/v7e-m+fp/hard\libgcc.a(_udivmoddi4.o)
 .ARM.attributes
                0x0000000000000369       0x1e c:/st/stm32cubeide_1.7.0/stm32cubeide/plugins/com.st.stm32cube.ide.mcu.externaltools.gnu-tools-for-stm32.9-2020-q2-update.win32_2.0.0.202105311346/tools/bin/../lib/gcc/arm-none-eabi/9.3.1/thumb/v7e-m+fp/hard\libgcc.a(_dvmd_tls.o)
 .ARM.attributes
                0x0000000000000387       0x1e c:/st/stm32cubeide_1.7.0/stm32cubeide/plugins/com.st.stm32cube.ide.mcu.externaltools.gnu-tools-for-stm32.9-2020-q2-update.win32_2.0.0.202105311346/tools/bin/../lib/gcc/arm-none-eabi/9.3.1/thumb/v7e-m+fp/hard/crtn.o
OUTPUT(10_HAL_ADC_WITH_DAC.elf elf32-littlearm)
LOAD linker stubs
LOAD c:/st/stm32cubeide_1.7.0/stm32cubeide/plugins/com.st.stm32cube.ide.mcu.externaltools.gnu-tools-for-stm32.9-2020-q2-update.win32_2.0.0.202105311346/tools/bin/../lib/gcc/arm-none-eabi/9.3.1/../../../../arm-none-eabi/lib/thumb/v7e-m+fp/hard\libc.a
LOAD c:/st/stm32cubeide_1.7.0/stm32cubeide/plugins/com.st.stm32cube.ide.mcu.externaltools.gnu-tools-for-stm32.9-2020-q2-update.win32_2.0.0.202105311346/tools/bin/../lib/gcc/arm-none-eabi/9.3.1/../../../../arm-none-eabi/lib/thumb/v7e-m+fp/hard\libm.a
LOAD c:/st/stm32cubeide_1.7.0/stm32cubeide/plugins/com.st.stm32cube.ide.mcu.externaltools.gnu-tools-for-stm32.9-2020-q2-update.win32_2.0.0.202105311346/tools/bin/../lib/gcc/arm-none-eabi/9.3.1/thumb/v7e-m+fp/hard\libgcc.a

.debug_info     0x0000000000000000     0x70ac
 .debug_info    0x0000000000000000      0xda1 ./Core/Src/main.o
 .debug_info    0x0000000000000da1      0xc7b ./Core/Src/stm32f4xx_hal_msp.o
 .debug_info    0x0000000000001a1c      0x222 ./Core/Src/stm32f4xx_it.o
 .debug_info    0x0000000000001c3e      0x5dc ./Core/Src/system_stm32f4xx.o
 .debug_info    0x000000000000221a       0x22 ./Core/Startup/startup_stm32f446retx.o
 .debug_info    0x000000000000223c      0xa08 ./Drivers/STM32F4xx_HAL_Driver/Src/stm32f4xx_hal.o
 .debug_info    0x0000000000002c44      0xdbc ./Drivers/STM32F4xx_HAL_Driver/Src/stm32f4xx_hal_adc.o
 .debug_info    0x0000000000003a00      0xef5 ./Drivers/STM32F4xx_HAL_Driver/Src/stm32f4xx_hal_cortex.o
 .debug_info    0x00000000000048f5      0xac4 ./Drivers/STM32F4xx_HAL_Driver/Src/stm32f4xx_hal_dac.o
 .debug_info    0x00000000000053b9      0x892 ./Drivers/STM32F4xx_HAL_Driver/Src/stm32f4xx_hal_gpio.o
 .debug_info    0x0000000000005c4b      0x9db ./Drivers/STM32F4xx_HAL_Driver/Src/stm32f4xx_hal_rcc.o
 .debug_info    0x0000000000006626      0xa86 ./Drivers/STM32F4xx_HAL_Driver/Src/stm32f4xx_hal_rcc_ex.o

.debug_abbrev   0x0000000000000000     0x15b4
 .debug_abbrev  0x0000000000000000      0x24d ./Core/Src/main.o
 .debug_abbrev  0x000000000000024d      0x1ac ./Core/Src/stm32f4xx_hal_msp.o
 .debug_abbrev  0x00000000000003f9       0xd2 ./Core/Src/stm32f4xx_it.o
 .debug_abbrev  0x00000000000004cb      0x145 ./Core/Src/system_stm32f4xx.o
 .debug_abbrev  0x0000000000000610       0x12 ./Core/Startup/startup_stm32f446retx.o
 .debug_abbrev  0x0000000000000622      0x1ed ./Drivers/STM32F4xx_HAL_Driver/Src/stm32f4xx_hal.o
 .debug_abbrev  0x000000000000080f      0x22f ./Drivers/STM32F4xx_HAL_Driver/Src/stm32f4xx_hal_adc.o
 .debug_abbrev  0x0000000000000a3e      0x33c ./Drivers/STM32F4xx_HAL_Driver/Src/stm32f4xx_hal_cortex.o
 .debug_abbrev  0x0000000000000d7a      0x1f2 ./Drivers/STM32F4xx_HAL_Driver/Src/stm32f4xx_hal_dac.o
 .debug_abbrev  0x0000000000000f6c      0x1f1 ./Drivers/STM32F4xx_HAL_Driver/Src/stm32f4xx_hal_gpio.o
 .debug_abbrev  0x000000000000115d      0x275 ./Drivers/STM32F4xx_HAL_Driver/Src/stm32f4xx_hal_rcc.o
 .debug_abbrev  0x00000000000013d2      0x1e2 ./Drivers/STM32F4xx_HAL_Driver/Src/stm32f4xx_hal_rcc_ex.o

.debug_aranges  0x0000000000000000      0x648
 .debug_aranges
                0x0000000000000000       0x50 ./Core/Src/main.o
 .debug_aranges
                0x0000000000000050       0x40 ./Core/Src/stm32f4xx_hal_msp.o
 .debug_aranges
                0x0000000000000090       0x60 ./Core/Src/stm32f4xx_it.o
 .debug_aranges
                0x00000000000000f0       0x28 ./Core/Src/system_stm32f4xx.o
 .debug_aranges
                0x0000000000000118       0x28 ./Core/Startup/startup_stm32f446retx.o
 .debug_aranges
                0x0000000000000140       0xf0 ./Drivers/STM32F4xx_HAL_Driver/Src/stm32f4xx_hal.o
 .debug_aranges
                0x0000000000000230       0xe8 ./Drivers/STM32F4xx_HAL_Driver/Src/stm32f4xx_hal_adc.o
 .debug_aranges
                0x0000000000000318      0x118 ./Drivers/STM32F4xx_HAL_Driver/Src/stm32f4xx_hal_cortex.o
 .debug_aranges
                0x0000000000000430       0xc0 ./Drivers/STM32F4xx_HAL_Driver/Src/stm32f4xx_hal_dac.o
 .debug_aranges
                0x00000000000004f0       0x58 ./Drivers/STM32F4xx_HAL_Driver/Src/stm32f4xx_hal_gpio.o
 .debug_aranges
                0x0000000000000548       0x88 ./Drivers/STM32F4xx_HAL_Driver/Src/stm32f4xx_hal_rcc.o
 .debug_aranges
                0x00000000000005d0       0x78 ./Drivers/STM32F4xx_HAL_Driver/Src/stm32f4xx_hal_rcc_ex.o

.debug_ranges   0x0000000000000000      0x590
 .debug_ranges  0x0000000000000000       0x40 ./Core/Src/main.o
 .debug_ranges  0x0000000000000040       0x30 ./Core/Src/stm32f4xx_hal_msp.o
 .debug_ranges  0x0000000000000070       0x50 ./Core/Src/stm32f4xx_it.o
 .debug_ranges  0x00000000000000c0       0x18 ./Core/Src/system_stm32f4xx.o
 .debug_ranges  0x00000000000000d8       0x20 ./Core/Startup/startup_stm32f446retx.o
 .debug_ranges  0x00000000000000f8       0xe0 ./Drivers/STM32F4xx_HAL_Driver/Src/stm32f4xx_hal.o
 .debug_ranges  0x00000000000001d8       0xd8 ./Drivers/STM32F4xx_HAL_Driver/Src/stm32f4xx_hal_adc.o
 .debug_ranges  0x00000000000002b0      0x108 ./Drivers/STM32F4xx_HAL_Driver/Src/stm32f4xx_hal_cortex.o
 .debug_ranges  0x00000000000003b8       0xb0 ./Drivers/STM32F4xx_HAL_Driver/Src/stm32f4xx_hal_dac.o
 .debug_ranges  0x0000000000000468       0x48 ./Drivers/STM32F4xx_HAL_Driver/Src/stm32f4xx_hal_gpio.o
 .debug_ranges  0x00000000000004b0       0x78 ./Drivers/STM32F4xx_HAL_Driver/Src/stm32f4xx_hal_rcc.o
 .debug_ranges  0x0000000000000528       0x68 ./Drivers/STM32F4xx_HAL_Driver/Src/stm32f4xx_hal_rcc_ex.o

.debug_macro    0x0000000000000000    0x21556
 .debug_macro   0x0000000000000000      0x1f6 ./Core/Src/main.o
 .debug_macro   0x00000000000001f6      0xaa8 ./Core/Src/main.o
 .debug_macro   0x0000000000000c9e      0x29b ./Core/Src/main.o
 .debug_macro   0x0000000000000f39       0x2e ./Core/Src/main.o
 .debug_macro   0x0000000000000f67       0x28 ./Core/Src/main.o
 .debug_macro   0x0000000000000f8f       0x22 ./Core/Src/main.o
 .debug_macro   0x0000000000000fb1       0x8e ./Core/Src/main.o
 .debug_macro   0x000000000000103f       0x51 ./Core/Src/main.o
 .debug_macro   0x0000000000001090      0x103 ./Core/Src/main.o
 .debug_macro   0x0000000000001193       0x6a ./Core/Src/main.o
 .debug_macro   0x00000000000011fd      0x1df ./Core/Src/main.o
 .debug_macro   0x00000000000013dc       0x1c ./Core/Src/main.o
 .debug_macro   0x00000000000013f8       0x22 ./Core/Src/main.o
 .debug_macro   0x000000000000141a       0xdf ./Core/Src/main.o
 .debug_macro   0x00000000000014f9     0x102d ./Core/Src/main.o
 .debug_macro   0x0000000000002526      0x11f ./Core/Src/main.o
 .debug_macro   0x0000000000002645    0x16749 ./Core/Src/main.o
 .debug_macro   0x0000000000018d8e       0x6d ./Core/Src/main.o
 .debug_macro   0x0000000000018dfb     0x3666 ./Core/Src/main.o
 .debug_macro   0x000000000001c461      0x174 ./Core/Src/main.o
 .debug_macro   0x000000000001c5d5       0x5c ./Core/Src/main.o
 .debug_macro   0x000000000001c631      0xc90 ./Core/Src/main.o
 .debug_macro   0x000000000001d2c1      0x9fe ./Core/Src/main.o
 .debug_macro   0x000000000001dcbf      0x116 ./Core/Src/main.o
 .debug_macro   0x000000000001ddd5      0x1a0 ./Core/Src/main.o
 .debug_macro   0x000000000001df75       0xa5 ./Core/Src/main.o
 .debug_macro   0x000000000001e01a      0x16d ./Core/Src/main.o
 .debug_macro   0x000000000001e187      0x287 ./Core/Src/main.o
 .debug_macro   0x000000000001e40e       0x5f ./Core/Src/main.o
 .debug_macro   0x000000000001e46d      0x236 ./Core/Src/main.o
 .debug_macro   0x000000000001e6a3      0xb5b ./Core/Src/main.o
 .debug_macro   0x000000000001f1fe      0x38b ./Core/Src/main.o
 .debug_macro   0x000000000001f589      0x17d ./Core/Src/main.o
 .debug_macro   0x000000000001f706       0xf9 ./Core/Src/main.o
 .debug_macro   0x000000000001f7ff      0x122 ./Core/Src/main.o
 .debug_macro   0x000000000001f921       0xa6 ./Core/Src/main.o
 .debug_macro   0x000000000001f9c7      0x132 ./Core/Src/main.o
 .debug_macro   0x000000000001faf9      0x29c ./Core/Src/main.o
 .debug_macro   0x000000000001fd95       0x2e ./Core/Src/main.o
 .debug_macro   0x000000000001fdc3      0x11a ./Core/Src/main.o
 .debug_macro   0x000000000001fedd       0xe8 ./Core/Src/main.o
 .debug_macro   0x000000000001ffc5       0x89 ./Core/Src/main.o
 .debug_macro   0x000000000002004e      0x126 ./Core/Src/main.o
 .debug_macro   0x0000000000020174      0x1f6 ./Core/Src/stm32f4xx_hal_msp.o
 .debug_macro   0x000000000002036a      0x200 ./Core/Src/stm32f4xx_it.o
 .debug_macro   0x000000000002056a      0x1ec ./Core/Src/system_stm32f4xx.o
 .debug_macro   0x0000000000020756      0x24c ./Drivers/STM32F4xx_HAL_Driver/Src/stm32f4xx_hal.o
 .debug_macro   0x00000000000209a2      0x1ed ./Drivers/STM32F4xx_HAL_Driver/Src/stm32f4xx_hal_adc.o
 .debug_macro   0x0000000000020b8f      0x1ec ./Drivers/STM32F4xx_HAL_Driver/Src/stm32f4xx_hal_cortex.o
 .debug_macro   0x0000000000020d7b      0x1ed ./Drivers/STM32F4xx_HAL_Driver/Src/stm32f4xx_hal_dac.o
 .debug_macro   0x0000000000020f68      0x1f2 ./Drivers/STM32F4xx_HAL_Driver/Src/stm32f4xx_hal_gpio.o
 .debug_macro   0x000000000002115a      0x210 ./Drivers/STM32F4xx_HAL_Driver/Src/stm32f4xx_hal_rcc.o
 .debug_macro   0x000000000002136a      0x1ec ./Drivers/STM32F4xx_HAL_Driver/Src/stm32f4xx_hal_rcc_ex.o

.debug_line     0x0000000000000000     0x8014
 .debug_line    0x0000000000000000      0x84c ./Core/Src/main.o
 .debug_line    0x000000000000084c      0x784 ./Core/Src/stm32f4xx_hal_msp.o
 .debug_line    0x0000000000000fd0      0x7b8 ./Core/Src/stm32f4xx_it.o
 .debug_line    0x0000000000001788      0x777 ./Core/Src/system_stm32f4xx.o
 .debug_line    0x0000000000001eff       0x88 ./Core/Startup/startup_stm32f446retx.o
 .debug_line    0x0000000000001f87      0x9dd ./Drivers/STM32F4xx_HAL_Driver/Src/stm32f4xx_hal.o
 .debug_line    0x0000000000002964     0x126d ./Drivers/STM32F4xx_HAL_Driver/Src/stm32f4xx_hal_adc.o
 .debug_line    0x0000000000003bd1      0xc8c ./Drivers/STM32F4xx_HAL_Driver/Src/stm32f4xx_hal_cortex.o
 .debug_line    0x000000000000485d      0xb2e ./Drivers/STM32F4xx_HAL_Driver/Src/stm32f4xx_hal_dac.o
 .debug_line    0x000000000000538b      0xb3f ./Drivers/STM32F4xx_HAL_Driver/Src/stm32f4xx_hal_gpio.o
 .debug_line    0x0000000000005eca      0xd63 ./Drivers/STM32F4xx_HAL_Driver/Src/stm32f4xx_hal_rcc.o
 .debug_line    0x0000000000006c2d     0x13e7 ./Drivers/STM32F4xx_HAL_Driver/Src/stm32f4xx_hal_rcc_ex.o

.debug_str      0x0000000000000000    0xcfd32
 .debug_str     0x0000000000000000    0xce128 ./Core/Src/main.o
                                      0xce42e (size before relaxing)
 .debug_str     0x00000000000ce128       0xdd ./Core/Src/stm32f4xx_hal_msp.o
                                      0xce2ca (size before relaxing)
 .debug_str     0x00000000000ce205       0xbd ./Core/Src/stm32f4xx_it.o
                                      0xcdc90 (size before relaxing)
 .debug_str     0x00000000000ce2c2       0xaf ./Core/Src/system_stm32f4xx.o
                                      0xcdd99 (size before relaxing)
 .debug_str     0x00000000000ce371       0x36 ./Core/Startup/startup_stm32f446retx.o
                                         0x86 (size before relaxing)
 .debug_str     0x00000000000ce3a7      0xa8f ./Drivers/STM32F4xx_HAL_Driver/Src/stm32f4xx_hal.o
                                      0xce8bc (size before relaxing)
 .debug_str     0x00000000000cee36      0x2b1 ./Drivers/STM32F4xx_HAL_Driver/Src/stm32f4xx_hal_adc.o
                                      0xce320 (size before relaxing)
 .debug_str     0x00000000000cf0e7      0x397 ./Drivers/STM32F4xx_HAL_Driver/Src/stm32f4xx_hal_cortex.o
                                      0xce686 (size before relaxing)
 .debug_str     0x00000000000cf47e      0x1c4 ./Drivers/STM32F4xx_HAL_Driver/Src/stm32f4xx_hal_dac.o
                                      0xce1aa (size before relaxing)
 .debug_str     0x00000000000cf642      0x17b ./Drivers/STM32F4xx_HAL_Driver/Src/stm32f4xx_hal_gpio.o
                                      0xcdf40 (size before relaxing)
 .debug_str     0x00000000000cf7bd      0x259 ./Drivers/STM32F4xx_HAL_Driver/Src/stm32f4xx_hal_rcc.o
                                      0xce1a0 (size before relaxing)
 .debug_str     0x00000000000cfa16      0x31c ./Drivers/STM32F4xx_HAL_Driver/Src/stm32f4xx_hal_rcc_ex.o
                                      0xce1fd (size before relaxing)

.comment        0x0000000000000000       0x53
 .comment       0x0000000000000000       0x53 ./Core/Src/main.o
                                         0x54 (size before relaxing)
 .comment       0x0000000000000053       0x54 ./Core/Src/stm32f4xx_hal_msp.o
 .comment       0x0000000000000053       0x54 ./Core/Src/stm32f4xx_it.o
 .comment       0x0000000000000053       0x54 ./Core/Src/system_stm32f4xx.o
 .comment       0x0000000000000053       0x54 ./Drivers/STM32F4xx_HAL_Driver/Src/stm32f4xx_hal.o
 .comment       0x0000000000000053       0x54 ./Drivers/STM32F4xx_HAL_Driver/Src/stm32f4xx_hal_adc.o
 .comment       0x0000000000000053       0x54 ./Drivers/STM32F4xx_HAL_Driver/Src/stm32f4xx_hal_cortex.o
 .comment       0x0000000000000053       0x54 ./Drivers/STM32F4xx_HAL_Driver/Src/stm32f4xx_hal_dac.o
 .comment       0x0000000000000053       0x54 ./Drivers/STM32F4xx_HAL_Driver/Src/stm32f4xx_hal_gpio.o
 .comment       0x0000000000000053       0x54 ./Drivers/STM32F4xx_HAL_Driver/Src/stm32f4xx_hal_rcc.o
 .comment       0x0000000000000053       0x54 ./Drivers/STM32F4xx_HAL_Driver/Src/stm32f4xx_hal_rcc_ex.o

.debug_frame    0x0000000000000000     0x1820
 .debug_frame   0x0000000000000000       0xf4 ./Core/Src/main.o
 .debug_frame   0x00000000000000f4       0xc8 ./Core/Src/stm32f4xx_hal_msp.o
 .debug_frame   0x00000000000001bc      0x104 ./Core/Src/stm32f4xx_it.o
 .debug_frame   0x00000000000002c0       0x58 ./Core/Src/system_stm32f4xx.o
 .debug_frame   0x0000000000000318      0x374 ./Drivers/STM32F4xx_HAL_Driver/Src/stm32f4xx_hal.o
 .debug_frame   0x000000000000068c      0x3fc ./Drivers/STM32F4xx_HAL_Driver/Src/stm32f4xx_hal_adc.o
 .debug_frame   0x0000000000000a88      0x498 ./Drivers/STM32F4xx_HAL_Driver/Src/stm32f4xx_hal_cortex.o
 .debug_frame   0x0000000000000f20      0x338 ./Drivers/STM32F4xx_HAL_Driver/Src/stm32f4xx_hal_dac.o
 .debug_frame   0x0000000000001258      0x14c ./Drivers/STM32F4xx_HAL_Driver/Src/stm32f4xx_hal_gpio.o
 .debug_frame   0x00000000000013a4      0x1ec ./Drivers/STM32F4xx_HAL_Driver/Src/stm32f4xx_hal_rcc.o
 .debug_frame   0x0000000000001590      0x1e4 ./Drivers/STM32F4xx_HAL_Driver/Src/stm32f4xx_hal_rcc_ex.o
 .debug_frame   0x0000000000001774       0x2c c:/st/stm32cubeide_1.7.0/stm32cubeide/plugins/com.st.stm32cube.ide.mcu.externaltools.gnu-tools-for-stm32.9-2020-q2-update.win32_2.0.0.202105311346/tools/bin/../lib/gcc/arm-none-eabi/9.3.1/../../../../arm-none-eabi/lib/thumb/v7e-m+fp/hard\libc_nano.a(lib_a-init.o)
 .debug_frame   0x00000000000017a0       0x20 c:/st/stm32cubeide_1.7.0/stm32cubeide/plugins/com.st.stm32cube.ide.mcu.externaltools.gnu-tools-for-stm32.9-2020-q2-update.win32_2.0.0.202105311346/tools/bin/../lib/gcc/arm-none-eabi/9.3.1/../../../../arm-none-eabi/lib/thumb/v7e-m+fp/hard\libc_nano.a(lib_a-memset.o)
 .debug_frame   0x00000000000017c0       0x2c c:/st/stm32cubeide_1.7.0/stm32cubeide/plugins/com.st.stm32cube.ide.mcu.externaltools.gnu-tools-for-stm32.9-2020-q2-update.win32_2.0.0.202105311346/tools/bin/../lib/gcc/arm-none-eabi/9.3.1/thumb/v7e-m+fp/hard\libgcc.a(_aeabi_uldivmod.o)
 .debug_frame   0x00000000000017ec       0x34 c:/st/stm32cubeide_1.7.0/stm32cubeide/plugins/com.st.stm32cube.ide.mcu.externaltools.gnu-tools-for-stm32.9-2020-q2-update.win32_2.0.0.202105311346/tools/bin/../lib/gcc/arm-none-eabi/9.3.1/thumb/v7e-m+fp/hard\libgcc.a(_udivmoddi4.o)
