Archive member included to satisfy reference by file (symbol)

c:/st/stm32cubeide_1.7.0/stm32cubeide/plugins/com.st.stm32cube.ide.mcu.externaltools.gnu-tools-for-stm32.9-2020-q2-update.win32_2.0.0.202105311346/tools/bin/../lib/gcc/arm-none-eabi/9.3.1/../../../../arm-none-eabi/lib/thumb/v7e-m+fp/hard\libc_nano.a(lib_a-errno.o)
                              ./Core/Src/syscalls.o (__errno)
c:/st/stm32cubeide_1.7.0/stm32cubeide/plugins/com.st.stm32cube.ide.mcu.externaltools.gnu-tools-for-stm32.9-2020-q2-update.win32_2.0.0.202105311346/tools/bin/../lib/gcc/arm-none-eabi/9.3.1/../../../../arm-none-eabi/lib/thumb/v7e-m+fp/hard\libc_nano.a(lib_a-exit.o)
                              c:/st/stm32cubeide_1.7.0/stm32cubeide/plugins/com.st.stm32cube.ide.mcu.externaltools.gnu-tools-for-stm32.9-2020-q2-update.win32_2.0.0.202105311346/tools/bin/../lib/gcc/arm-none-eabi/9.3.1/../../../../arm-none-eabi/lib/thumb/v7e-m+fp/hard/crt0.o (exit)
c:/st/stm32cubeide_1.7.0/stm32cubeide/plugins/com.st.stm32cube.ide.mcu.externaltools.gnu-tools-for-stm32.9-2020-q2-update.win32_2.0.0.202105311346/tools/bin/../lib/gcc/arm-none-eabi/9.3.1/../../../../arm-none-eabi/lib/thumb/v7e-m+fp/hard\libc_nano.a(lib_a-impure.o)
                              c:/st/stm32cubeide_1.7.0/stm32cubeide/plugins/com.st.stm32cube.ide.mcu.externaltools.gnu-tools-for-stm32.9-2020-q2-update.win32_2.0.0.202105311346/tools/bin/../lib/gcc/arm-none-eabi/9.3.1/../../../../arm-none-eabi/lib/thumb/v7e-m+fp/hard\libc_nano.a(lib_a-exit.o) (_global_impure_ptr)
c:/st/stm32cubeide_1.7.0/stm32cubeide/plugins/com.st.stm32cube.ide.mcu.externaltools.gnu-tools-for-stm32.9-2020-q2-update.win32_2.0.0.202105311346/tools/bin/../lib/gcc/arm-none-eabi/9.3.1/../../../../arm-none-eabi/lib/thumb/v7e-m+fp/hard\libc_nano.a(lib_a-init.o)
                              c:/st/stm32cubeide_1.7.0/stm32cubeide/plugins/com.st.stm32cube.ide.mcu.externaltools.gnu-tools-for-stm32.9-2020-q2-update.win32_2.0.0.202105311346/tools/bin/../lib/gcc/arm-none-eabi/9.3.1/../../../../arm-none-eabi/lib/thumb/v7e-m+fp/hard/crt0.o (__libc_init_array)
c:/st/stm32cubeide_1.7.0/stm32cubeide/plugins/com.st.stm32cube.ide.mcu.externaltools.gnu-tools-for-stm32.9-2020-q2-update.win32_2.0.0.202105311346/tools/bin/../lib/gcc/arm-none-eabi/9.3.1/../../../../arm-none-eabi/lib/thumb/v7e-m+fp/hard\libc_nano.a(lib_a-memset.o)
                              c:/st/stm32cubeide_1.7.0/stm32cubeide/plugins/com.st.stm32cube.ide.mcu.externaltools.gnu-tools-for-stm32.9-2020-q2-update.win32_2.0.0.202105311346/tools/bin/../lib/gcc/arm-none-eabi/9.3.1/../../../../arm-none-eabi/lib/thumb/v7e-m+fp/hard/crt0.o (memset)
c:/st/stm32cubeide_1.7.0/stm32cubeide/plugins/com.st.stm32cube.ide.mcu.externaltools.gnu-tools-for-stm32.9-2020-q2-update.win32_2.0.0.202105311346/tools/bin/../lib/gcc/arm-none-eabi/9.3.1/../../../../arm-none-eabi/lib/thumb/v7e-m+fp/hard\libc_nano.a(lib_a-strlen.o)
                              ./Core/Src/main.o (strlen)
c:/st/stm32cubeide_1.7.0/stm32cubeide/plugins/com.st.stm32cube.ide.mcu.externaltools.gnu-tools-for-stm32.9-2020-q2-update.win32_2.0.0.202105311346/tools/bin/../lib/gcc/arm-none-eabi/9.3.1/thumb/v7e-m+fp/hard\libgcc.a(_aeabi_uldivmod.o)
                              ./Drivers/STM32F4xx_HAL_Driver/Src/stm32f4xx_hal_rcc.o (__aeabi_uldivmod)
c:/st/stm32cubeide_1.7.0/stm32cubeide/plugins/com.st.stm32cube.ide.mcu.externaltools.gnu-tools-for-stm32.9-2020-q2-update.win32_2.0.0.202105311346/tools/bin/../lib/gcc/arm-none-eabi/9.3.1/thumb/v7e-m+fp/hard\libgcc.a(_udivmoddi4.o)
                              c:/st/stm32cubeide_1.7.0/stm32cubeide/plugins/com.st.stm32cube.ide.mcu.externaltools.gnu-tools-for-stm32.9-2020-q2-update.win32_2.0.0.202105311346/tools/bin/../lib/gcc/arm-none-eabi/9.3.1/thumb/v7e-m+fp/hard\libgcc.a(_aeabi_uldivmod.o) (__udivmoddi4)
c:/st/stm32cubeide_1.7.0/stm32cubeide/plugins/com.st.stm32cube.ide.mcu.externaltools.gnu-tools-for-stm32.9-2020-q2-update.win32_2.0.0.202105311346/tools/bin/../lib/gcc/arm-none-eabi/9.3.1/thumb/v7e-m+fp/hard\libgcc.a(_dvmd_tls.o)
                              c:/st/stm32cubeide_1.7.0/stm32cubeide/plugins/com.st.stm32cube.ide.mcu.externaltools.gnu-tools-for-stm32.9-2020-q2-update.win32_2.0.0.202105311346/tools/bin/../lib/gcc/arm-none-eabi/9.3.1/thumb/v7e-m+fp/hard\libgcc.a(_aeabi_uldivmod.o) (__aeabi_ldiv0)

Allocating common symbols
Common symbol       size              file

fre_clust           0x4               ./Core/Src/main.o
USERPath            0x4               ./FATFS/App/fatfs.o
fs                  0x1038            ./Core/Src/main.o
uwTick              0x4               ./Drivers/STM32F4xx_HAL_Driver/Src/stm32f4xx_hal.o
br                  0x4               ./Core/Src/main.o
pFlash              0x20              ./Drivers/STM32F4xx_HAL_Driver/Src/stm32f4xx_hal_flash.o
file                0x1030            ./Core/Src/main.o
free_space          0x4               ./Core/Src/main.o
buffer              0x400             ./Core/Src/main.o
[...]
Memory Configuration

Name             Origin             Length             Attributes
RAM              0x0000000020000000 0x0000000000020000 xrw
FLASH            0x0000000008000000 0x0000000000080000 xr
*default*        0x0000000000000000 0xffffffffffffffff

Linker script and memory map

LOAD c:/st/stm32cubeide_1.7.0/stm32cubeide/plugins/com.st.stm32cube.ide.mcu.externaltools.gnu-tools-for-stm32.9-2020-q2-update.win32_2.0.0.202105311346/tools/bin/../lib/gcc/arm-none-eabi/9.3.1/thumb/v7e-m+fp/hard/crti.o
LOAD c:/st/stm32cubeide_1.7.0/stm32cubeide/plugins/com.st.stm32cube.ide.mcu.externaltools.gnu-tools-for-stm32.9-2020-q2-update.win32_2.0.0.202105311346/tools/bin/../lib/gcc/arm-none-eabi/9.3.1/thumb/v7e-m+fp/hard/crtbegin.o
LOAD c:/st/stm32cubeide_1.7.0/stm32cubeide/plugins/com.st.stm32cube.ide.mcu.externaltools.gnu-tools-for-stm32.9-2020-q2-update.win32_2.0.0.202105311346/tools/bin/../lib/gcc/arm-none-eabi/9.3.1/../../../../arm-none-eabi/lib/thumb/v7e-m+fp/hard/crt0.o
LOAD ./Core/Src/fatfs_sd.o
LOAD ./Core/Src/main.o
LOAD ./Core/Src/stm32f4xx_hal_msp.o
LOAD ./Core/Src/stm32f4xx_it.o
LOAD ./Core/Src/syscalls.o
LOAD ./Core/Src/sysmem.o
LOAD ./Core/Src/system_stm32f4xx.o
LOAD ./Core/Startup/startup_stm32f446retx.o
LOAD ./Drivers/STM32F4xx_HAL_Driver/Src/stm32f4xx_hal.o
LOAD ./Drivers/STM32F4xx_HAL_Driver/Src/stm32f4xx_hal_cortex.o
LOAD ./Drivers/STM32F4xx_HAL_Driver/Src/stm32f4xx_hal_dma.o
LOAD ./Drivers/STM32F4xx_HAL_Driver/Src/stm32f4xx_hal_dma_ex.o
LOAD ./Drivers/STM32F4xx_HAL_Driver/Src/stm32f4xx_hal_exti.o
LOAD ./Drivers/STM32F4xx_HAL_Driver/Src/stm32f4xx_hal_flash.o
LOAD ./Drivers/STM32F4xx_HAL_Driver/Src/stm32f4xx_hal_flash_ex.o
LOAD ./Drivers/STM32F4xx_HAL_Driver/Src/stm32f4xx_hal_flash_ramfunc.o
LOAD ./Drivers/STM32F4xx_HAL_Driver/Src/stm32f4xx_hal_gpio.o
LOAD ./Drivers/STM32F4xx_HAL_Driver/Src/stm32f4xx_hal_pwr.o
LOAD ./Drivers/STM32F4xx_HAL_Driver/Src/stm32f4xx_hal_pwr_ex.o
LOAD ./Drivers/STM32F4xx_HAL_Driver/Src/stm32f4xx_hal_rcc.o
LOAD ./Drivers/STM32F4xx_HAL_Driver/Src/stm32f4xx_hal_rcc_ex.o
LOAD ./Drivers/STM32F4xx_HAL_Driver/Src/stm32f4xx_hal_spi.o
LOAD ./Drivers/STM32F4xx_HAL_Driver/Src/stm32f4xx_hal_tim.o
LOAD ./Drivers/STM32F4xx_HAL_Driver/Src/stm32f4xx_hal_tim_ex.o
LOAD ./FATFS/App/fatfs.o
LOAD ./FATFS/Target/user_diskio.o
LOAD ./Middlewares/Third_Party/FatFs/src/diskio.o
LOAD ./Middlewares/Third_Party/FatFs/src/ff.o
LOAD ./Middlewares/Third_Party/FatFs/src/ff_gen_drv.o
LOAD ./Middlewares/Third_Party/FatFs/src/option/ccsbcs.o
LOAD ./Middlewares/Third_Party/FatFs/src/option/syscall.o
START GROUP
LOAD c:/st/stm32cubeide_1.7.0/stm32cubeide/plugins/com.st.stm32cube.ide.mcu.externaltools.gnu-tools-for-stm32.9-2020-q2-update.win32_2.0.0.202105311346/tools/bin/../lib/gcc/arm-none-eabi/9.3.1/../../../../arm-none-eabi/lib/thumb/v7e-m+fp/hard\libc_nano.a
LOAD c:/st/stm32cubeide_1.7.0/stm32cubeide/plugins/com.st.stm32cube.ide.mcu.externaltools.gnu-tools-for-stm32.9-2020-q2-update.win32_2.0.0.202105311346/tools/bin/../lib/gcc/arm-none-eabi/9.3.1/../../../../arm-none-eabi/lib/thumb/v7e-m+fp/hard\libm.a
END GROUP
START GROUP
LOAD c:/st/stm32cubeide_1.7.0/stm32cubeide/plugins/com.st.stm32cube.ide.mcu.externaltools.gnu-tools-for-stm32.9-2020-q2-update.win32_2.0.0.202105311346/tools/bin/../lib/gcc/arm-none-eabi/9.3.1/thumb/v7e-m+fp/hard\libgcc.a
LOAD c:/st/stm32cubeide_1.7.0/stm32cubeide/plugins/com.st.stm32cube.ide.mcu.externaltools.gnu-tools-for-stm32.9-2020-q2-update.win32_2.0.0.202105311346/tools/bin/../lib/gcc/arm-none-eabi/9.3.1/../../../../arm-none-eabi/lib/thumb/v7e-m+fp/hard\libc_nano.a
END GROUP
START GROUP
LOAD c:/st/stm32cubeide_1.7.0/stm32cubeide/plugins/com.st.stm32cube.ide.mcu.externaltools.gnu-tools-for-stm32.9-2020-q2-update.win32_2.0.0.202105311346/tools/bin/../lib/gcc/arm-none-eabi/9.3.1/thumb/v7e-m+fp/hard\libgcc.a
LOAD c:/st/stm32cubeide_1.7.0/stm32cubeide/plugins/com.st.stm32cube.ide.mcu.externaltools.gnu-tools-for-stm32.9-2020-q2-update.win32_2.0.0.202105311346/tools/bin/../lib/gcc/arm-none-eabi/9.3.1/../../../../arm-none-eabi/lib/thumb/v7e-m+fp/hard\libc_nano.a
LOAD c:/st/stm32cubeide_1.7.0/stm32cubeide/plugins/com.st.stm32cube.ide.mcu.externaltools.gnu-tools-for-stm32.9-2020-q2-update.win32_2.0.0.202105311346/tools/bin/../lib/gcc/arm-none-eabi/9.3.1/../../../../arm-none-eabi/lib/thumb/v7e-m+fp/hard\libnosys.a
END GROUP
START GROUP
LOAD c:/st/stm32cubeide_1.7.0/stm32cubeide/plugins/com.st.stm32cube.ide.mcu.externaltools.gnu-tools-for-stm32.9-2020-q2-update.win32_2.0.0.202105311346/tools/bin/../lib/gcc/arm-none-eabi/9.3.1/thumb/v7e-m+fp/hard\libgcc.a
LOAD c:/st/stm32cubeide_1.7.0/stm32cubeide/plugins/com.st.stm32cube.ide.mcu.externaltools.gnu-tools-for-stm32.9-2020-q2-update.win32_2.0.0.202105311346/tools/bin/../lib/gcc/arm-none-eabi/9.3.1/../../../../arm-none-eabi/lib/thumb/v7e-m+fp/hard\libc_nano.a
LOAD c:/st/stm32cubeide_1.7.0/stm32cubeide/plugins/com.st.stm32cube.ide.mcu.externaltools.gnu-tools-for-stm32.9-2020-q2-update.win32_2.0.0.202105311346/tools/bin/../lib/gcc/arm-none-eabi/9.3.1/../../../../arm-none-eabi/lib/thumb/v7e-m+fp/hard\libnosys.a
END GROUP
LOAD c:/st/stm32cubeide_1.7.0/stm32cubeide/plugins/com.st.stm32cube.ide.mcu.externaltools.gnu-tools-for-stm32.9-2020-q2-update.win32_2.0.0.202105311346/tools/bin/../lib/gcc/arm-none-eabi/9.3.1/thumb/v7e-m+fp/hard/crtend.o
LOAD c:/st/stm32cubeide_1.7.0/stm32cubeide/plugins/com.st.stm32cube.ide.mcu.externaltools.gnu-tools-for-stm32.9-2020-q2-update.win32_2.0.0.202105311346/tools/bin/../lib/gcc/arm-none-eabi/9.3.1/thumb/v7e-m+fp/hard/crtn.o
                0x0000000020020000                _estack = (ORIGIN (RAM) + LENGTH (RAM))
                0x0000000000000200                _Min_Heap_Size = 0x200
                0x0000000000000400                _Min_Stack_Size = 0x400

.isr_vector     0x0000000008000000      0x1c4
                0x0000000008000000                . = ALIGN (0x4)
 *(.isr_vector)
 .isr_vector    0x0000000008000000      0x1c4 ./Core/Startup/startup_stm32f446retx.o
                0x0000000008000000                g_pfnVectors
                0x00000000080001c4                . = ALIGN (0x4)

.text           0x00000000080001c4     0x2cb8
                0x00000000080001c4                . = ALIGN (0x4)
 *(.text)
 .text          0x00000000080001c4       0x40 c:/st/stm32cubeide_1.7.0/stm32cubeide/plugins/com.st.stm32cube.ide.mcu.externaltools.gnu-tools-for-stm32.9-2020-q2-update.win32_2.0.0.202105311346/tools/bin/../lib/gcc/arm-none-eabi/9.3.1/thumb/v7e-m+fp/hard/crtbegin.o
 .text          0x0000000008000204       0x30 c:/st/stm32cubeide_1.7.0/stm32cubeide/plugins/com.st.stm32cube.ide.mcu.externaltools.gnu-tools-for-stm32.9-2020-q2-update.win32_2.0.0.202105311346/tools/bin/../lib/gcc/arm-none-eabi/9.3.1/thumb/v7e-m+fp/hard\libgcc.a(_aeabi_uldivmod.o)
                0x0000000008000204                __aeabi_uldivmod
 .text          0x0000000008000234      0x2c4 c:/st/stm32cubeide_1.7.0/stm32cubeide/plugins/com.st.stm32cube.ide.mcu.externaltools.gnu-tools-for-stm32.9-2020-q2-update.win32_2.0.0.202105311346/tools/bin/../lib/gcc/arm-none-eabi/9.3.1/thumb/v7e-m+fp/hard\libgcc.a(_udivmoddi4.o)
                0x0000000008000234                __udivmoddi4
 .text          0x00000000080004f8        0x4 c:/st/stm32cubeide_1.7.0/stm32cubeide/plugins/com.st.stm32cube.ide.mcu.externaltools.gnu-tools-for-stm32.9-2020-q2-update.win32_2.0.0.202105311346/tools/bin/../lib/gcc/arm-none-eabi/9.3.1/thumb/v7e-m+fp/hard\libgcc.a(_dvmd_tls.o)
                0x00000000080004f8                __aeabi_idiv0
                0x00000000080004f8                __aeabi_ldiv0
 *(.text*)
 .text.SELECT   0x00000000080004fc       0x18 ./Core/Src/fatfs_sd.o
 .text.DESELECT
                0x0000000008000514       0x18 ./Core/Src/fatfs_sd.o
 .text.SPI_TxByte
                0x000000000800052c       0x34 ./Core/Src/fatfs_sd.o
 .text.SPI_RxByte
                0x0000000008000560       0x3c ./Core/Src/fatfs_sd.o
 .text.SPI_RxBytePtr
                0x000000000800059c       0x1c ./Core/Src/fatfs_sd.o
 .text.SD_ReadyWait
                0x00000000080005b8       0x38 ./Core/Src/fatfs_sd.o
 .text.SD_PowerOn
                0x00000000080005f0       0x98 ./Core/Src/fatfs_sd.o
 .text.SD_PowerOff
                0x0000000008000688       0x18 ./Core/Src/fatfs_sd.o
 .text.SD_CheckPower
                0x00000000080006a0       0x18 ./Core/Src/fatfs_sd.o
 .text.SD_RxDataBlock
                0x00000000080006b8       0x6c ./Core/Src/fatfs_sd.o
 .text.SD_TxDataBlock
                0x0000000008000724       0xa8 ./Core/Src/fatfs_sd.o
 .text.SD_SendCmd
                0x00000000080007cc       0xa4 ./Core/Src/fatfs_sd.o
 .text.SD_disk_initialize
                0x0000000008000870      0x1d4 ./Core/Src/fatfs_sd.o
                0x0000000008000870                SD_disk_initialize
 .text.SD_disk_status
                0x0000000008000a44       0x2c ./Core/Src/fatfs_sd.o
                0x0000000008000a44                SD_disk_status
 .text.SD_disk_read
                0x0000000008000a70       0xd4 ./Core/Src/fatfs_sd.o
                0x0000000008000a70                SD_disk_read
 .text.SD_disk_write
                0x0000000008000b44      0x108 ./Core/Src/fatfs_sd.o
                0x0000000008000b44                SD_disk_write
 .text.SD_disk_ioctl
                0x0000000008000c4c      0x264 ./Core/Src/fatfs_sd.o
                0x0000000008000c4c                SD_disk_ioctl
 .text.main     0x0000000008000eb0       0x1a ./Core/Src/main.o
                0x0000000008000eb0                main
 *fill*         0x0000000008000eca        0x2 
 .text.SystemClock_Config
                0x0000000008000ecc       0xe4 ./Core/Src/main.o
                0x0000000008000ecc                SystemClock_Config
 .text.MX_SPI1_Init
                0x0000000008000fb0       0x6c ./Core/Src/main.o
 .text.MX_GPIO_Init
                0x000000000800101c       0xa0 ./Core/Src/main.o
 .text.Error_Handler
                0x00000000080010bc        0xa ./Core/Src/main.o
                0x00000000080010bc                Error_Handler
 *fill*         0x00000000080010c6        0x2 
 .text.HAL_MspInit
                0x00000000080010c8       0x50 ./Core/Src/stm32f4xx_hal_msp.o
                0x00000000080010c8                HAL_MspInit
 .text.HAL_SPI_MspInit
                0x0000000008001118       0x90 ./Core/Src/stm32f4xx_hal_msp.o
                0x0000000008001118                HAL_SPI_MspInit
 .text.SDTimer_Handler
                0x00000000080011a8       0x48 ./Core/Src/stm32f4xx_it.o
                0x00000000080011a8                SDTimer_Handler
 .text.NMI_Handler
                0x00000000080011f0        0x6 ./Core/Src/stm32f4xx_it.o
                0x00000000080011f0                NMI_Handler
 .text.HardFault_Handler
                0x00000000080011f6        0x6 ./Core/Src/stm32f4xx_it.o
                0x00000000080011f6                HardFault_Handler
 .text.MemManage_Handler
                0x00000000080011fc        0x6 ./Core/Src/stm32f4xx_it.o
                0x00000000080011fc                MemManage_Handler
 .text.BusFault_Handler
                0x0000000008001202        0x6 ./Core/Src/stm32f4xx_it.o
                0x0000000008001202                BusFault_Handler
 .text.UsageFault_Handler
                0x0000000008001208        0x6 ./Core/Src/stm32f4xx_it.o
                0x0000000008001208                UsageFault_Handler
 .text.SVC_Handler
                0x000000000800120e        0xe ./Core/Src/stm32f4xx_it.o
                0x000000000800120e                SVC_Handler
 .text.DebugMon_Handler
                0x000000000800121c        0xe ./Core/Src/stm32f4xx_it.o
                0x000000000800121c                DebugMon_Handler
 .text.PendSV_Handler
                0x000000000800122a        0xe ./Core/Src/stm32f4xx_it.o
                0x000000000800122a                PendSV_Handler
 .text.SysTick_Handler
                0x0000000008001238       0x34 ./Core/Src/stm32f4xx_it.o
                0x0000000008001238                SysTick_Handler
 .text.SystemInit
                0x000000000800126c       0x24 ./Core/Src/system_stm32f4xx.o
                0x000000000800126c                SystemInit
 .text.Reset_Handler
                0x0000000008001290       0x50 ./Core/Startup/startup_stm32f446retx.o
                0x0000000008001290                Reset_Handler
 .text.Default_Handler
                0x00000000080012e0        0x2 ./Core/Startup/startup_stm32f446retx.o
                0x00000000080012e0                RTC_Alarm_IRQHandler
                0x00000000080012e0                EXTI2_IRQHandler
                0x00000000080012e0                TIM8_CC_IRQHandler
                0x00000000080012e0                FMPI2C1_EV_IRQHandler
                0x00000000080012e0                SPI4_IRQHandler
                0x00000000080012e0                TIM1_CC_IRQHandler
                0x00000000080012e0                DMA2_Stream5_IRQHandler
                0x00000000080012e0                DMA1_Stream5_IRQHandler
                0x00000000080012e0                PVD_IRQHandler
                0x00000000080012e0                SDIO_IRQHandler
                0x00000000080012e0                TAMP_STAMP_IRQHandler
                0x00000000080012e0                CAN2_RX1_IRQHandler
                0x00000000080012e0                EXTI3_IRQHandler
                0x00000000080012e0                TIM8_TRG_COM_TIM14_IRQHandler
                0x00000000080012e0                TIM1_UP_TIM10_IRQHandler
                0x00000000080012e0                TIM8_UP_TIM13_IRQHandler
                0x00000000080012e0                I2C3_ER_IRQHandler
                0x00000000080012e0                EXTI0_IRQHandler
                0x00000000080012e0                I2C2_EV_IRQHandler
                0x00000000080012e0                DMA1_Stream2_IRQHandler
                0x00000000080012e0                CAN1_RX0_IRQHandler
                0x00000000080012e0                FPU_IRQHandler
                0x00000000080012e0                OTG_HS_WKUP_IRQHandler
                0x00000000080012e0                CAN2_SCE_IRQHandler
                0x00000000080012e0                DMA2_Stream2_IRQHandler
                0x00000000080012e0                SPI1_IRQHandler
                0x00000000080012e0                TIM6_DAC_IRQHandler
                0x00000000080012e0                TIM1_BRK_TIM9_IRQHandler
                0x00000000080012e0                DCMI_IRQHandler
                0x00000000080012e0                CAN2_RX0_IRQHandler
                0x00000000080012e0                DMA2_Stream3_IRQHandler
                0x00000000080012e0                SAI2_IRQHandler
                0x00000000080012e0                USART6_IRQHandler
                0x00000000080012e0                USART3_IRQHandler
                0x00000000080012e0                CAN1_RX1_IRQHandler
                0x00000000080012e0                UART5_IRQHandler
                0x00000000080012e0                DMA2_Stream0_IRQHandler
                0x00000000080012e0                TIM4_IRQHandler
                0x00000000080012e0                QUADSPI_IRQHandler
                0x00000000080012e0                I2C1_EV_IRQHandler
                0x00000000080012e0                DMA1_Stream6_IRQHandler
                0x00000000080012e0                DMA1_Stream1_IRQHandler
                0x00000000080012e0                UART4_IRQHandler
                0x00000000080012e0                TIM3_IRQHandler
                0x00000000080012e0                RCC_IRQHandler
                0x00000000080012e0                TIM8_BRK_TIM12_IRQHandler
                0x00000000080012e0                Default_Handler
                0x00000000080012e0                CEC_IRQHandler
                0x00000000080012e0                EXTI15_10_IRQHandler
                0x00000000080012e0                ADC_IRQHandler
                0x00000000080012e0                DMA1_Stream7_IRQHandler
                0x00000000080012e0                TIM7_IRQHandler
                0x00000000080012e0                CAN2_TX_IRQHandler
                0x00000000080012e0                TIM5_IRQHandler
                0x00000000080012e0                DMA2_Stream7_IRQHandler
                0x00000000080012e0                I2C3_EV_IRQHandler
                0x00000000080012e0                EXTI9_5_IRQHandler
                0x00000000080012e0                RTC_WKUP_IRQHandler
                0x00000000080012e0                SPDIF_RX_IRQHandler
                0x00000000080012e0                SPI2_IRQHandler
                0x00000000080012e0                OTG_HS_EP1_IN_IRQHandler
                0x00000000080012e0                DMA1_Stream0_IRQHandler
                0x00000000080012e0                CAN1_TX_IRQHandler
                0x00000000080012e0                FMPI2C1_ER_IRQHandler
                0x00000000080012e0                EXTI4_IRQHandler
                0x00000000080012e0                OTG_HS_EP1_OUT_IRQHandler
                0x00000000080012e0                WWDG_IRQHandler
                0x00000000080012e0                TIM2_IRQHandler
                0x00000000080012e0                OTG_FS_WKUP_IRQHandler
                0x00000000080012e0                TIM1_TRG_COM_TIM11_IRQHandler
                0x00000000080012e0                OTG_HS_IRQHandler
                0x00000000080012e0                EXTI1_IRQHandler
                0x00000000080012e0                USART2_IRQHandler
                0x00000000080012e0                I2C2_ER_IRQHandler
                0x00000000080012e0                DMA2_Stream1_IRQHandler
                0x00000000080012e0                CAN1_SCE_IRQHandler
                0x00000000080012e0                FLASH_IRQHandler
                0x00000000080012e0                DMA2_Stream4_IRQHandler
                0x00000000080012e0                USART1_IRQHandler
                0x00000000080012e0                OTG_FS_IRQHandler
                0x00000000080012e0                SPI3_IRQHandler
                0x00000000080012e0                DMA1_Stream4_IRQHandler
                0x00000000080012e0                I2C1_ER_IRQHandler
                0x00000000080012e0                FMC_IRQHandler
                0x00000000080012e0                DMA2_Stream6_IRQHandler
                0x00000000080012e0                SAI1_IRQHandler
                0x00000000080012e0                DMA1_Stream3_IRQHandler
 *fill*         0x00000000080012e2        0x2 
 .text.HAL_Init
                0x00000000080012e4       0x44 ./Drivers/STM32F4xx_HAL_Driver/Src/stm32f4xx_hal.o
                0x00000000080012e4                HAL_Init
 .text.HAL_InitTick
                0x0000000008001328       0x60 ./Drivers/STM32F4xx_HAL_Driver/Src/stm32f4xx_hal.o
                0x0000000008001328                HAL_InitTick
 .text.HAL_IncTick
                0x0000000008001388       0x28 ./Drivers/STM32F4xx_HAL_Driver/Src/stm32f4xx_hal.o
                0x0000000008001388                HAL_IncTick
 .text.HAL_GetTick
                0x00000000080013b0       0x18 ./Drivers/STM32F4xx_HAL_Driver/Src/stm32f4xx_hal.o
                0x00000000080013b0                HAL_GetTick
 .text.__NVIC_SetPriorityGrouping
                0x00000000080013c8       0x48 ./Drivers/STM32F4xx_HAL_Driver/Src/stm32f4xx_hal_cortex.o
 .text.__NVIC_GetPriorityGrouping
                0x0000000008001410       0x1c ./Drivers/STM32F4xx_HAL_Driver/Src/stm32f4xx_hal_cortex.o
 .text.__NVIC_SetPriority
                0x000000000800142c       0x54 ./Drivers/STM32F4xx_HAL_Driver/Src/stm32f4xx_hal_cortex.o
 .text.NVIC_EncodePriority
                0x0000000008001480       0x66 ./Drivers/STM32F4xx_HAL_Driver/Src/stm32f4xx_hal_cortex.o
 *fill*         0x00000000080014e6        0x2 
 .text.SysTick_Config
                0x00000000080014e8       0x44 ./Drivers/STM32F4xx_HAL_Driver/Src/stm32f4xx_hal_cortex.o
 .text.HAL_NVIC_SetPriorityGrouping
                0x000000000800152c       0x16 ./Drivers/STM32F4xx_HAL_Driver/Src/stm32f4xx_hal_cortex.o
                0x000000000800152c                HAL_NVIC_SetPriorityGrouping
 .text.HAL_NVIC_SetPriority
                0x0000000008001542       0x38 ./Drivers/STM32F4xx_HAL_Driver/Src/stm32f4xx_hal_cortex.o
                0x0000000008001542                HAL_NVIC_SetPriority
 .text.HAL_SYSTICK_Config
                0x000000000800157a       0x18 ./Drivers/STM32F4xx_HAL_Driver/Src/stm32f4xx_hal_cortex.o
                0x000000000800157a                HAL_SYSTICK_Config
 *fill*         0x0000000008001592        0x2 
 .text.HAL_GPIO_Init
                0x0000000008001594      0x328 ./Drivers/STM32F4xx_HAL_Driver/Src/stm32f4xx_hal_gpio.o
                0x0000000008001594                HAL_GPIO_Init
 .text.HAL_GPIO_WritePin
                0x00000000080018bc       0x32 ./Drivers/STM32F4xx_HAL_Driver/Src/stm32f4xx_hal_gpio.o
                0x00000000080018bc                HAL_GPIO_WritePin
 *fill*         0x00000000080018ee        0x2 
 .text.HAL_PWREx_EnableOverDrive
                0x00000000080018f0       0xa0 ./Drivers/STM32F4xx_HAL_Driver/Src/stm32f4xx_hal_pwr_ex.o
                0x00000000080018f0                HAL_PWREx_EnableOverDrive
 .text.HAL_RCC_ClockConfig
                0x0000000008001990      0x1cc ./Drivers/STM32F4xx_HAL_Driver/Src/stm32f4xx_hal_rcc.o
                0x0000000008001990                HAL_RCC_ClockConfig
 .text.HAL_RCC_GetSysClockFreq
                0x0000000008001b5c      0x364 ./Drivers/STM32F4xx_HAL_Driver/Src/stm32f4xx_hal_rcc_ex.o
                0x0000000008001b5c                HAL_RCC_GetSysClockFreq
 .text.HAL_RCC_OscConfig
                0x0000000008001ec0      0x53c ./Drivers/STM32F4xx_HAL_Driver/Src/stm32f4xx_hal_rcc_ex.o
                0x0000000008001ec0                HAL_RCC_OscConfig
 .text.HAL_SPI_Init
                0x00000000080023fc      0x112 ./Drivers/STM32F4xx_HAL_Driver/Src/stm32f4xx_hal_spi.o
                0x00000000080023fc                HAL_SPI_Init
 .text.HAL_SPI_Transmit
                0x000000000800250e      0x278 ./Drivers/STM32F4xx_HAL_Driver/Src/stm32f4xx_hal_spi.o
                0x000000000800250e                HAL_SPI_Transmit
 .text.HAL_SPI_TransmitReceive
                0x0000000008002786      0x344 ./Drivers/STM32F4xx_HAL_Driver/Src/stm32f4xx_hal_spi.o
                0x0000000008002786                HAL_SPI_TransmitReceive
 .text.HAL_SPI_GetState
                0x0000000008002aca       0x1c ./Drivers/STM32F4xx_HAL_Driver/Src/stm32f4xx_hal_spi.o
                0x0000000008002aca                HAL_SPI_GetState
 *fill*         0x0000000008002ae6        0x2 
 .text.SPI_WaitFlagStateUntilTimeout
                0x0000000008002ae8      0x110 ./Drivers/STM32F4xx_HAL_Driver/Src/stm32f4xx_hal_spi.o
 .text.SPI_EndRxTxTransaction
                0x0000000008002bf8       0x84 ./Drivers/STM32F4xx_HAL_Driver/Src/stm32f4xx_hal_spi.o
 .text.MX_FATFS_Init
                0x0000000008002c7c       0x24 ./FATFS/App/fatfs.o
                0x0000000008002c7c                MX_FATFS_Init
 .text.USER_initialize
                0x0000000008002ca0       0x1e ./FATFS/Target/user_diskio.o
                0x0000000008002ca0                USER_initialize
 .text.USER_status
                0x0000000008002cbe       0x1e ./FATFS/Target/user_diskio.o
                0x0000000008002cbe                USER_status
 .text.USER_read
                0x0000000008002cdc       0x28 ./FATFS/Target/user_diskio.o
                0x0000000008002cdc                USER_read
 .text.USER_write
                0x0000000008002d04       0x28 ./FATFS/Target/user_diskio.o
                0x0000000008002d04                USER_write
 .text.USER_ioctl
                0x0000000008002d2c       0x28 ./FATFS/Target/user_diskio.o
                0x0000000008002d2c                USER_ioctl
 .text.FATFS_LinkDriverEx
                0x0000000008002d54       0x98 ./Middlewares/Third_Party/FatFs/src/ff_gen_drv.o
                0x0000000008002d54                FATFS_LinkDriverEx
 .text.FATFS_LinkDriver
                0x0000000008002dec       0x1e ./Middlewares/Third_Party/FatFs/src/ff_gen_drv.o
                0x0000000008002dec                FATFS_LinkDriver
 *fill*         0x0000000008002e0a        0x2 
 .text.__libc_init_array
                0x0000000008002e0c       0x48 c:/st/stm32cubeide_1.7.0/stm32cubeide/plugins/com.st.stm32cube.ide.mcu.externaltools.gnu-tools-for-stm32.9-2020-q2-update.win32_2.0.0.202105311346/tools/bin/../lib/gcc/arm-none-eabi/9.3.1/../../../../arm-none-eabi/lib/thumb/v7e-m+fp/hard\libc_nano.a(lib_a-init.o)
                0x0000000008002e0c                __libc_init_array
 .text.memset   0x0000000008002e54       0x10 c:/st/stm32cubeide_1.7.0/stm32cubeide/plugins/com.st.stm32cube.ide.mcu.externaltools.gnu-tools-for-stm32.9-2020-q2-update.win32_2.0.0.202105311346/tools/bin/../lib/gcc/arm-none-eabi/9.3.1/../../../../arm-none-eabi/lib/thumb/v7e-m+fp/hard\libc_nano.a(lib_a-memset.o)
                0x0000000008002e54                memset
 *(.glue_7)
 .glue_7        0x0000000008002e64        0x0 linker stubs
 *(.glue_7t)
 .glue_7t       0x0000000008002e64        0x0 linker stubs
 *(.eh_frame)
 .eh_frame      0x0000000008002e64        0x0 c:/st/stm32cubeide_1.7.0/stm32cubeide/plugins/com.st.stm32cube.ide.mcu.externaltools.gnu-tools-for-stm32.9-2020-q2-update.win32_2.0.0.202105311346/tools/bin/../lib/gcc/arm-none-eabi/9.3.1/thumb/v7e-m+fp/hard/crtbegin.o
 *(.init)
 .init          0x0000000008002e64        0x4 c:/st/stm32cubeide_1.7.0/stm32cubeide/plugins/com.st.stm32cube.ide.mcu.externaltools.gnu-tools-for-stm32.9-2020-q2-update.win32_2.0.0.202105311346/tools/bin/../lib/gcc/arm-none-eabi/9.3.1/thumb/v7e-m+fp/hard/crti.o
                0x0000000008002e64                _init
 .init          0x0000000008002e68        0x8 c:/st/stm32cubeide_1.7.0/stm32cubeide/plugins/com.st.stm32cube.ide.mcu.externaltools.gnu-tools-for-stm32.9-2020-q2-update.win32_2.0.0.202105311346/tools/bin/../lib/gcc/arm-none-eabi/9.3.1/thumb/v7e-m+fp/hard/crtn.o
 *(.fini)
 .fini          0x0000000008002e70        0x4 c:/st/stm32cubeide_1.7.0/stm32cubeide/plugins/com.st.stm32cube.ide.mcu.externaltools.gnu-tools-for-stm32.9-2020-q2-update.win32_2.0.0.202105311346/tools/bin/../lib/gcc/arm-none-eabi/9.3.1/thumb/v7e-m+fp/hard/crti.o
                0x0000000008002e70                _fini
 .fini          0x0000000008002e74        0x8 c:/st/stm32cubeide_1.7.0/stm32cubeide/plugins/com.st.stm32cube.ide.mcu.externaltools.gnu-tools-for-stm32.9-2020-q2-update.win32_2.0.0.202105311346/tools/bin/../lib/gcc/arm-none-eabi/9.3.1/thumb/v7e-m+fp/hard/crtn.o
                0x0000000008002e7c                . = ALIGN (0x4)
                0x0000000008002e7c                _etext = .

.vfp11_veneer   0x0000000008002e7c        0x0
 .vfp11_veneer  0x0000000008002e7c        0x0 linker stubs

.v4_bx          0x0000000008002e7c        0x0
 .v4_bx         0x0000000008002e7c        0x0 linker stubs

.iplt           0x0000000008002e7c        0x0
 .iplt          0x0000000008002e7c        0x0 c:/st/stm32cubeide_1.7.0/stm32cubeide/plugins/com.st.stm32cube.ide.mcu.externaltools.gnu-tools-for-stm32.9-2020-q2-update.win32_2.0.0.202105311346/tools/bin/../lib/gcc/arm-none-eabi/9.3.1/thumb/v7e-m+fp/hard/crtbegin.o

.rodata         0x0000000008002e7c       0x10
                0x0000000008002e7c                . = ALIGN (0x4)
 *(.rodata)
 *(.rodata*)
 .rodata.AHBPrescTable
                0x0000000008002e7c       0x10 ./Core/Src/system_stm32f4xx.o
                0x0000000008002e7c                AHBPrescTable
                0x0000000008002e8c                . = ALIGN (0x4)

.ARM.extab      0x0000000008002e8c        0x0
                0x0000000008002e8c                . = ALIGN (0x4)
 *(.ARM.extab* .gnu.linkonce.armextab.*)
                0x0000000008002e8c                . = ALIGN (0x4)

.ARM            0x0000000008002e8c        0x8
                0x0000000008002e8c                . = ALIGN (0x4)
                0x0000000008002e8c                __exidx_start = .
 *(.ARM.exidx*)
 .ARM.exidx     0x0000000008002e8c        0x8 c:/st/stm32cubeide_1.7.0/stm32cubeide/plugins/com.st.stm32cube.ide.mcu.externaltools.gnu-tools-for-stm32.9-2020-q2-update.win32_2.0.0.202105311346/tools/bin/../lib/gcc/arm-none-eabi/9.3.1/thumb/v7e-m+fp/hard\libgcc.a(_udivmoddi4.o)
                0x0000000008002e94                __exidx_end = .
                0x0000000008002e94                . = ALIGN (0x4)

.rel.dyn        0x0000000008002e94        0x0
 .rel.iplt      0x0000000008002e94        0x0 c:/st/stm32cubeide_1.7.0/stm32cubeide/plugins/com.st.stm32cube.ide.mcu.externaltools.gnu-tools-for-stm32.9-2020-q2-update.win32_2.0.0.202105311346/tools/bin/../lib/gcc/arm-none-eabi/9.3.1/thumb/v7e-m+fp/hard/crtbegin.o

.preinit_array  0x0000000008002e94        0x0
                0x0000000008002e94                . = ALIGN (0x4)
                0x0000000008002e94                PROVIDE (__preinit_array_start = .)
 *(.preinit_array*)
                0x0000000008002e94                PROVIDE (__preinit_array_end = .)
                0x0000000008002e94                . = ALIGN (0x4)

.init_array     0x0000000008002e94        0x4
                0x0000000008002e94                . = ALIGN (0x4)
                0x0000000008002e94                PROVIDE (__init_array_start = .)
 *(SORT_BY_NAME(.init_array.*))
 *(.init_array*)
 .init_array    0x0000000008002e94        0x4 c:/st/stm32cubeide_1.7.0/stm32cubeide/plugins/com.st.stm32cube.ide.mcu.externaltools.gnu-tools-for-stm32.9-2020-q2-update.win32_2.0.0.202105311346/tools/bin/../lib/gcc/arm-none-eabi/9.3.1/thumb/v7e-m+fp/hard/crtbegin.o
                0x0000000008002e98                PROVIDE (__init_array_end = .)
                0x0000000008002e98                . = ALIGN (0x4)

.fini_array     0x0000000008002e98        0x4
                0x0000000008002e98                . = ALIGN (0x4)
                [!provide]                        PROVIDE (__fini_array_start = .)
 *(SORT_BY_NAME(.fini_array.*))
 *(.fini_array*)
 .fini_array    0x0000000008002e98        0x4 c:/st/stm32cubeide_1.7.0/stm32cubeide/plugins/com.st.stm32cube.ide.mcu.externaltools.gnu-tools-for-stm32.9-2020-q2-update.win32_2.0.0.202105311346/tools/bin/../lib/gcc/arm-none-eabi/9.3.1/thumb/v7e-m+fp/hard/crtbegin.o
                [!provide]                        PROVIDE (__fini_array_end = .)
                0x0000000008002e9c                . = ALIGN (0x4)
                0x0000000008002e9c                _sidata = LOADADDR (.data)

.data           0x0000000020000000       0x24 load address 0x0000000008002e9c
                0x0000000020000000                . = ALIGN (0x4)
                0x0000000020000000                _sdata = .
 *(.data)
 *(.data*)
 .data.Stat     0x0000000020000000        0x1 ./Core/Src/fatfs_sd.o
 *fill*         0x0000000020000001        0x3 
 .data.SystemCoreClock
                0x0000000020000004        0x4 ./Core/Src/system_stm32f4xx.o
                0x0000000020000004                SystemCoreClock
 .data.uwTickPrio
                0x0000000020000008        0x4 ./Drivers/STM32F4xx_HAL_Driver/Src/stm32f4xx_hal.o
                0x0000000020000008                uwTickPrio
 .data.uwTickFreq
                0x000000002000000c        0x1 ./Drivers/STM32F4xx_HAL_Driver/Src/stm32f4xx_hal.o
                0x000000002000000c                uwTickFreq
 *fill*         0x000000002000000d        0x3 
 .data.USER_Driver
                0x0000000020000010       0x14 ./FATFS/Target/user_diskio.o
                0x0000000020000010                USER_Driver
 *(.RamFunc)
 *(.RamFunc*)
                0x0000000020000024                . = ALIGN (0x4)
                0x0000000020000024                _edata = .

.igot.plt       0x0000000020000024        0x0 load address 0x0000000008002ec0
 .igot.plt      0x0000000020000024        0x0 c:/st/stm32cubeide_1.7.0/stm32cubeide/plugins/com.st.stm32cube.ide.mcu.externaltools.gnu-tools-for-stm32.9-2020-q2-update.win32_2.0.0.202105311346/tools/bin/../lib/gcc/arm-none-eabi/9.3.1/thumb/v7e-m+fp/hard/crtbegin.o
                0x0000000020000024                . = ALIGN (0x4)

.bss            0x0000000020000024     0x4580 load address 0x0000000008002ec0
                0x0000000020000024                _sbss = .
                0x0000000020000024                __bss_start__ = _sbss
 *(.bss)
 .bss           0x0000000020000024       0x1c c:/st/stm32cubeide_1.7.0/stm32cubeide/plugins/com.st.stm32cube.ide.mcu.externaltools.gnu-tools-for-stm32.9-2020-q2-update.win32_2.0.0.202105311346/tools/bin/../lib/gcc/arm-none-eabi/9.3.1/thumb/v7e-m+fp/hard/crtbegin.o
 *(.bss*)
 .bss.CardType  0x0000000020000040        0x1 ./Core/Src/fatfs_sd.o
 .bss.PowerFlag
                0x0000000020000041        0x1 ./Core/Src/fatfs_sd.o
 .bss.FatFsCnt  0x0000000020000042        0x1 ./Core/Src/stm32f4xx_it.o
                0x0000000020000042                FatFsCnt
 *fill*         0x0000000020000043        0x1 
 .bss.disk      0x0000000020000044        0xc ./Middlewares/Third_Party/FatFs/src/ff_gen_drv.o
                0x0000000020000044                disk
 *(COMMON)
 COMMON         0x0000000020000050     0x24dc ./Core/Src/main.o
                0x0000000020000050                fre_clust
                0x0000000020000054                fs
                0x000000002000108c                br
                0x0000000020001090                file
                0x00000000200020c0                free_space
                0x00000000200020c4                buffer
                0x00000000200024c4                bw
                0x00000000200024c8                pfs
                0x00000000200024cc                fresult
                0x00000000200024d0                hspi1
                0x0000000020002528                total
 COMMON         0x000000002000252c        0x2 ./Core/Src/stm32f4xx_it.o
                0x000000002000252c                Timer2
                0x000000002000252d                Timer1
 *fill*         0x000000002000252e        0x2 
 COMMON         0x0000000020002530        0x4 ./Drivers/STM32F4xx_HAL_Driver/Src/stm32f4xx_hal.o
                0x0000000020002530                uwTick
 COMMON         0x0000000020002534     0x2070 ./FATFS/App/fatfs.o
                0x0000000020002534                USERPath
                0x0000000020002538                retUSER
                0x000000002000253c                USERFile
                0x000000002000356c                USERFatFS
                0x00000000200045a4                . = ALIGN (0x4)
                0x00000000200045a4                _ebss = .
                0x00000000200045a4                __bss_end__ = _ebss

._user_heap_stack
                0x00000000200045a4      0x604 load address 0x0000000008002ec0
                0x00000000200045a8                . = ALIGN (0x8)
 *fill*         0x00000000200045a4        0x4 
                [!provide]                        PROVIDE (end = .)
                0x00000000200045a8                PROVIDE (_end = .)
                0x00000000200047a8                . = (. + _Min_Heap_Size)
 *fill*         0x00000000200045a8      0x200 
                0x0000000020004ba8                . = (. + _Min_Stack_Size)
 *fill*         0x00000000200047a8      0x400 
                0x0000000020004ba8                . = ALIGN (0x8)

/DISCARD/
 libc.a(*)
 libm.a(*)
 libgcc.a(*)

.ARM.attributes
                0x0000000000000000       0x30
 *(.ARM.attributes)
 .ARM.attributes
                0x0000000000000000       0x1e c:/st/stm32cubeide_1.7.0/stm32cubeide/plugins/com.st.stm32cube.ide.mcu.externaltools.gnu-tools-for-stm32.9-2020-q2-update.win32_2.0.0.202105311346/tools/bin/../lib/gcc/arm-none-eabi/9.3.1/thumb/v7e-m+fp/hard/crti.o
 .ARM.attributes
                0x000000000000001e       0x34 c:/st/stm32cubeide_1.7.0/stm32cubeide/plugins/com.st.stm32cube.ide.mcu.externaltools.gnu-tools-for-stm32.9-2020-q2-update.win32_2.0.0.202105311346/tools/bin/../lib/gcc/arm-none-eabi/9.3.1/thumb/v7e-m+fp/hard/crtbegin.o
 .ARM.attributes
                0x0000000000000052       0x34 ./Core/Src/fatfs_sd.o
 .ARM.attributes
                0x0000000000000086       0x34 ./Core/Src/main.o
 .ARM.attributes
                0x00000000000000ba       0x34 ./Core/Src/stm32f4xx_hal_msp.o
 .ARM.attributes
                0x00000000000000ee       0x34 ./Core/Src/stm32f4xx_it.o
 .ARM.attributes
                0x0000000000000122       0x34 ./Core/Src/system_stm32f4xx.o
 .ARM.attributes
                0x0000000000000156       0x21 ./Core/Startup/startup_stm32f446retx.o
 .ARM.attributes
                0x0000000000000177       0x34 ./Drivers/STM32F4xx_HAL_Driver/Src/stm32f4xx_hal.o
 .ARM.attributes
                0x00000000000001ab       0x34 ./Drivers/STM32F4xx_HAL_Driver/Src/stm32f4xx_hal_cortex.o
 .ARM.attributes
                0x00000000000001df       0x34 ./Drivers/STM32F4xx_HAL_Driver/Src/stm32f4xx_hal_gpio.o
 .ARM.attributes
                0x0000000000000213       0x34 ./Drivers/STM32F4xx_HAL_Driver/Src/stm32f4xx_hal_pwr_ex.o
 .ARM.attributes
                0x0000000000000247       0x34 ./Drivers/STM32F4xx_HAL_Driver/Src/stm32f4xx_hal_rcc.o
 .ARM.attributes
                0x000000000000027b       0x34 ./Drivers/STM32F4xx_HAL_Driver/Src/stm32f4xx_hal_rcc_ex.o
 .ARM.attributes
                0x00000000000002af       0x34 ./Drivers/STM32F4xx_HAL_Driver/Src/stm32f4xx_hal_spi.o
 .ARM.attributes
                0x00000000000002e3       0x34 ./FATFS/App/fatfs.o
 .ARM.attributes
                0x0000000000000317       0x34 ./FATFS/Target/user_diskio.o
 .ARM.attributes
                0x000000000000034b       0x34 ./Middlewares/Third_Party/FatFs/src/ff_gen_drv.o
 .ARM.attributes
                0x000000000000037f       0x34 c:/st/stm32cubeide_1.7.0/stm32cubeide/plugins/com.st.stm32cube.ide.mcu.externaltools.gnu-tools-for-stm32.9-2020-q2-update.win32_2.0.0.202105311346/tools/bin/../lib/gcc/arm-none-eabi/9.3.1/../../../../arm-none-eabi/lib/thumb/v7e-m+fp/hard\libc_nano.a(lib_a-init.o)
 .ARM.attributes
                0x00000000000003b3       0x34 c:/st/stm32cubeide_1.7.0/stm32cubeide/plugins/com.st.stm32cube.ide.mcu.externaltools.gnu-tools-for-stm32.9-2020-q2-update.win32_2.0.0.202105311346/tools/bin/../lib/gcc/arm-none-eabi/9.3.1/../../../../arm-none-eabi/lib/thumb/v7e-m+fp/hard\libc_nano.a(lib_a-memset.o)
 .ARM.attributes
                0x00000000000003e7       0x1e c:/st/stm32cubeide_1.7.0/stm32cubeide/plugins/com.st.stm32cube.ide.mcu.externaltools.gnu-tools-for-stm32.9-2020-q2-update.win32_2.0.0.202105311346/tools/bin/../lib/gcc/arm-none-eabi/9.3.1/thumb/v7e-m+fp/hard\libgcc.a(_aeabi_uldivmod.o)
 .ARM.attributes
                0x0000000000000405       0x34 c:/st/stm32cubeide_1.7.0/stm32cubeide/plugins/com.st.stm32cube.ide.mcu.externaltools.gnu-tools-for-stm32.9-2020-q2-update.win32_2.0.0.202105311346/tools/bin/../lib/gcc/arm-none-eabi/9.3.1/thumb/v7e-m+fp/hard\libgcc.a(_udivmoddi4.o)
 .ARM.attributes
                0x0000000000000439       0x1e c:/st/stm32cubeide_1.7.0/stm32cubeide/plugins/com.st.stm32cube.ide.mcu.externaltools.gnu-tools-for-stm32.9-2020-q2-update.win32_2.0.0.202105311346/tools/bin/../lib/gcc/arm-none-eabi/9.3.1/thumb/v7e-m+fp/hard\libgcc.a(_dvmd_tls.o)
 .ARM.attributes
                0x0000000000000457       0x1e c:/st/stm32cubeide_1.7.0/stm32cubeide/plugins/com.st.stm32cube.ide.mcu.externaltools.gnu-tools-for-stm32.9-2020-q2-update.win32_2.0.0.202105311346/tools/bin/../lib/gcc/arm-none-eabi/9.3.1/thumb/v7e-m+fp/hard/crtn.o
OUTPUT(37_HAL_SDCard.elf elf32-littlearm)
LOAD linker stubs
LOAD c:/st/stm32cubeide_1.7.0/stm32cubeide/plugins/com.st.stm32cube.ide.mcu.externaltools.gnu-tools-for-stm32.9-2020-q2-update.win32_2.0.0.202105311346/tools/bin/../lib/gcc/arm-none-eabi/9.3.1/../../../../arm-none-eabi/lib/thumb/v7e-m+fp/hard\libc.a
LOAD c:/st/stm32cubeide_1.7.0/stm32cubeide/plugins/com.st.stm32cube.ide.mcu.externaltools.gnu-tools-for-stm32.9-2020-q2-update.win32_2.0.0.202105311346/tools/bin/../lib/gcc/arm-none-eabi/9.3.1/../../../../arm-none-eabi/lib/thumb/v7e-m+fp/hard\libm.a
LOAD c:/st/stm32cubeide_1.7.0/stm32cubeide/plugins/com.st.stm32cube.ide.mcu.externaltools.gnu-tools-for-stm32.9-2020-q2-update.win32_2.0.0.202105311346/tools/bin/../lib/gcc/arm-none-eabi/9.3.1/thumb/v7e-m+fp/hard\libgcc.a

.debug_info     0x0000000000000000     0xb91a
 .debug_info    0x0000000000000000      0xccc ./Core/Src/fatfs_sd.o
 .debug_info    0x0000000000000ccc     0x1ae6 ./Core/Src/main.o
 .debug_info    0x00000000000027b2      0xa88 ./Core/Src/stm32f4xx_hal_msp.o
 .debug_info    0x000000000000323a      0x26f ./Core/Src/stm32f4xx_it.o
 .debug_info    0x00000000000034a9      0x5dc ./Core/Src/system_stm32f4xx.o
 .debug_info    0x0000000000003a85       0x22 ./Core/Startup/startup_stm32f446retx.o
 .debug_info    0x0000000000003aa7      0xa08 ./Drivers/STM32F4xx_HAL_Driver/Src/stm32f4xx_hal.o
 .debug_info    0x00000000000044af      0xef5 ./Drivers/STM32F4xx_HAL_Driver/Src/stm32f4xx_hal_cortex.o
 .debug_info    0x00000000000053a4      0x892 ./Drivers/STM32F4xx_HAL_Driver/Src/stm32f4xx_hal_gpio.o
 .debug_info    0x0000000000005c36      0x7ca ./Drivers/STM32F4xx_HAL_Driver/Src/stm32f4xx_hal_pwr_ex.o
 .debug_info    0x0000000000006400      0x9db ./Drivers/STM32F4xx_HAL_Driver/Src/stm32f4xx_hal_rcc.o
 .debug_info    0x0000000000006ddb      0xa86 ./Drivers/STM32F4xx_HAL_Driver/Src/stm32f4xx_hal_rcc_ex.o
 .debug_info    0x0000000000007861     0x17c0 ./Drivers/STM32F4xx_HAL_Driver/Src/stm32f4xx_hal_spi.o
 .debug_info    0x0000000000009021      0xe90 ./FATFS/App/fatfs.o
 .debug_info    0x0000000000009eb1      0xd30 ./FATFS/Target/user_diskio.o
 .debug_info    0x000000000000abe1      0xd39 ./Middlewares/Third_Party/FatFs/src/ff_gen_drv.o

.debug_abbrev   0x0000000000000000     0x1fee
 .debug_abbrev  0x0000000000000000      0x298 ./Core/Src/fatfs_sd.o
 .debug_abbrev  0x0000000000000298      0x30f ./Core/Src/main.o
 .debug_abbrev  0x00000000000005a7      0x1ac ./Core/Src/stm32f4xx_hal_msp.o
 .debug_abbrev  0x0000000000000753       0xe5 ./Core/Src/stm32f4xx_it.o
 .debug_abbrev  0x0000000000000838      0x145 ./Core/Src/system_stm32f4xx.o
 .debug_abbrev  0x000000000000097d       0x12 ./Core/Startup/startup_stm32f446retx.o
 .debug_abbrev  0x000000000000098f      0x1ed ./Drivers/STM32F4xx_HAL_Driver/Src/stm32f4xx_hal.o
 .debug_abbrev  0x0000000000000b7c      0x33c ./Drivers/STM32F4xx_HAL_Driver/Src/stm32f4xx_hal_cortex.o
 .debug_abbrev  0x0000000000000eb8      0x1f1 ./Drivers/STM32F4xx_HAL_Driver/Src/stm32f4xx_hal_gpio.o
 .debug_abbrev  0x00000000000010a9      0x1da ./Drivers/STM32F4xx_HAL_Driver/Src/stm32f4xx_hal_pwr_ex.o
 .debug_abbrev  0x0000000000001283      0x275 ./Drivers/STM32F4xx_HAL_Driver/Src/stm32f4xx_hal_rcc.o
 .debug_abbrev  0x00000000000014f8      0x1e2 ./Drivers/STM32F4xx_HAL_Driver/Src/stm32f4xx_hal_rcc_ex.o
 .debug_abbrev  0x00000000000016da      0x26e ./Drivers/STM32F4xx_HAL_Driver/Src/stm32f4xx_hal_spi.o
 .debug_abbrev  0x0000000000001948      0x209 ./FATFS/App/fatfs.o
 .debug_abbrev  0x0000000000001b51      0x235 ./FATFS/Target/user_diskio.o
 .debug_abbrev  0x0000000000001d86      0x268 ./Middlewares/Third_Party/FatFs/src/ff_gen_drv.o

.debug_aranges  0x0000000000000000      0x810
 .debug_aranges
                0x0000000000000000       0xa0 ./Core/Src/fatfs_sd.o
 .debug_aranges
                0x00000000000000a0       0x50 ./Core/Src/main.o
 .debug_aranges
                0x00000000000000f0       0x30 ./Core/Src/stm32f4xx_hal_msp.o
 .debug_aranges
                0x0000000000000120       0x68 ./Core/Src/stm32f4xx_it.o
 .debug_aranges
                0x0000000000000188       0x28 ./Core/Src/system_stm32f4xx.o
 .debug_aranges
                0x00000000000001b0       0x28 ./Core/Startup/startup_stm32f446retx.o
 .debug_aranges
                0x00000000000001d8       0xf0 ./Drivers/STM32F4xx_HAL_Driver/Src/stm32f4xx_hal.o
 .debug_aranges
                0x00000000000002c8      0x118 ./Drivers/STM32F4xx_HAL_Driver/Src/stm32f4xx_hal_cortex.o
 .debug_aranges
                0x00000000000003e0       0x58 ./Drivers/STM32F4xx_HAL_Driver/Src/stm32f4xx_hal_gpio.o
 .debug_aranges
                0x0000000000000438       0x60 ./Drivers/STM32F4xx_HAL_Driver/Src/stm32f4xx_hal_pwr_ex.o
 .debug_aranges
                0x0000000000000498       0x88 ./Drivers/STM32F4xx_HAL_Driver/Src/stm32f4xx_hal_rcc.o
 .debug_aranges
                0x0000000000000520       0x78 ./Drivers/STM32F4xx_HAL_Driver/Src/stm32f4xx_hal_rcc_ex.o
 .debug_aranges
                0x0000000000000598      0x1d0 ./Drivers/STM32F4xx_HAL_Driver/Src/stm32f4xx_hal_spi.o
 .debug_aranges
                0x0000000000000768       0x28 ./FATFS/App/fatfs.o
 .debug_aranges
                0x0000000000000790       0x40 ./FATFS/Target/user_diskio.o
 .debug_aranges
                0x00000000000007d0       0x40 ./Middlewares/Third_Party/FatFs/src/ff_gen_drv.o

.debug_ranges   0x0000000000000000      0x718
 .debug_ranges  0x0000000000000000       0x90 ./Core/Src/fatfs_sd.o
 .debug_ranges  0x0000000000000090       0x40 ./Core/Src/main.o
 .debug_ranges  0x00000000000000d0       0x20 ./Core/Src/stm32f4xx_hal_msp.o
 .debug_ranges  0x00000000000000f0       0x58 ./Core/Src/stm32f4xx_it.o
 .debug_ranges  0x0000000000000148       0x18 ./Core/Src/system_stm32f4xx.o
 .debug_ranges  0x0000000000000160       0x20 ./Core/Startup/startup_stm32f446retx.o
 .debug_ranges  0x0000000000000180       0xe0 ./Drivers/STM32F4xx_HAL_Driver/Src/stm32f4xx_hal.o
 .debug_ranges  0x0000000000000260      0x108 ./Drivers/STM32F4xx_HAL_Driver/Src/stm32f4xx_hal_cortex.o
 .debug_ranges  0x0000000000000368       0x48 ./Drivers/STM32F4xx_HAL_Driver/Src/stm32f4xx_hal_gpio.o
 .debug_ranges  0x00000000000003b0       0x50 ./Drivers/STM32F4xx_HAL_Driver/Src/stm32f4xx_hal_pwr_ex.o
 .debug_ranges  0x0000000000000400       0x78 ./Drivers/STM32F4xx_HAL_Driver/Src/stm32f4xx_hal_rcc.o
 .debug_ranges  0x0000000000000478       0x68 ./Drivers/STM32F4xx_HAL_Driver/Src/stm32f4xx_hal_rcc_ex.o
 .debug_ranges  0x00000000000004e0      0x1c0 ./Drivers/STM32F4xx_HAL_Driver/Src/stm32f4xx_hal_spi.o
 .debug_ranges  0x00000000000006a0       0x18 ./FATFS/App/fatfs.o
 .debug_ranges  0x00000000000006b8       0x30 ./FATFS/Target/user_diskio.o
 .debug_ranges  0x00000000000006e8       0x30 ./Middlewares/Third_Party/FatFs/src/ff_gen_drv.o

.debug_macro    0x0000000000000000    0x21ba6
 .debug_macro   0x0000000000000000      0x1f9 ./Core/Src/fatfs_sd.o
 .debug_macro   0x00000000000001f9      0xaa8 ./Core/Src/fatfs_sd.o
 .debug_macro   0x0000000000000ca1      0x295 ./Core/Src/fatfs_sd.o
 .debug_macro   0x0000000000000f36       0x2e ./Core/Src/fatfs_sd.o
 .debug_macro   0x0000000000000f64       0x28 ./Core/Src/fatfs_sd.o
 .debug_macro   0x0000000000000f8c       0x22 ./Core/Src/fatfs_sd.o
 .debug_macro   0x0000000000000fae       0x8e ./Core/Src/fatfs_sd.o
 .debug_macro   0x000000000000103c       0x51 ./Core/Src/fatfs_sd.o
 .debug_macro   0x000000000000108d      0x103 ./Core/Src/fatfs_sd.o
 .debug_macro   0x0000000000001190       0x6a ./Core/Src/fatfs_sd.o
 .debug_macro   0x00000000000011fa      0x1df ./Core/Src/fatfs_sd.o
 .debug_macro   0x00000000000013d9       0x1c ./Core/Src/fatfs_sd.o
 .debug_macro   0x00000000000013f5       0x22 ./Core/Src/fatfs_sd.o
 .debug_macro   0x0000000000001417       0xdf ./Core/Src/fatfs_sd.o
 .debug_macro   0x00000000000014f6     0x102d ./Core/Src/fatfs_sd.o
 .debug_macro   0x0000000000002523      0x11f ./Core/Src/fatfs_sd.o
 .debug_macro   0x0000000000002642    0x16749 ./Core/Src/fatfs_sd.o
 .debug_macro   0x0000000000018d8b       0x6d ./Core/Src/fatfs_sd.o
 .debug_macro   0x0000000000018df8     0x3666 ./Core/Src/fatfs_sd.o
 .debug_macro   0x000000000001c45e      0x174 ./Core/Src/fatfs_sd.o
 .debug_macro   0x000000000001c5d2       0x5c ./Core/Src/fatfs_sd.o
 .debug_macro   0x000000000001c62e      0xc90 ./Core/Src/fatfs_sd.o
 .debug_macro   0x000000000001d2be      0x9fe ./Core/Src/fatfs_sd.o
 .debug_macro   0x000000000001dcbc      0x116 ./Core/Src/fatfs_sd.o
 .debug_macro   0x000000000001ddd2      0x1a0 ./Core/Src/fatfs_sd.o
 .debug_macro   0x000000000001df72       0xa5 ./Core/Src/fatfs_sd.o
 .debug_macro   0x000000000001e017      0x16d ./Core/Src/fatfs_sd.o
 .debug_macro   0x000000000001e184      0x287 ./Core/Src/fatfs_sd.o
 .debug_macro   0x000000000001e40b       0x5f ./Core/Src/fatfs_sd.o
 .debug_macro   0x000000000001e46a      0x236 ./Core/Src/fatfs_sd.o
 .debug_macro   0x000000000001e6a0      0x132 ./Core/Src/fatfs_sd.o
 .debug_macro   0x000000000001e7d2      0x29c ./Core/Src/fatfs_sd.o
 .debug_macro   0x000000000001ea6e       0x2e ./Core/Src/fatfs_sd.o
 .debug_macro   0x000000000001ea9c      0x11a ./Core/Src/fatfs_sd.o
 .debug_macro   0x000000000001ebb6       0xe8 ./Core/Src/fatfs_sd.o
 .debug_macro   0x000000000001ec9e       0x89 ./Core/Src/fatfs_sd.o
 .debug_macro   0x000000000001ed27      0x225 ./Core/Src/fatfs_sd.o
 .debug_macro   0x000000000001ef4c      0x126 ./Core/Src/fatfs_sd.o
 .debug_macro   0x000000000001f072       0x16 ./Core/Src/fatfs_sd.o
 .debug_macro   0x000000000001f088       0x7c ./Core/Src/fatfs_sd.o
 .debug_macro   0x000000000001f104       0x70 ./Core/Src/fatfs_sd.o
 .debug_macro   0x000000000001f174      0x327 ./Core/Src/main.o
 .debug_macro   0x000000000001f49b       0x10 ./Core/Src/main.o
 .debug_macro   0x000000000001f4ab       0xeb ./Core/Src/main.o
 .debug_macro   0x000000000001f596       0x18 ./Core/Src/main.o
 .debug_macro   0x000000000001f5ae       0x52 ./Core/Src/main.o
 .debug_macro   0x000000000001f600       0x3c ./Core/Src/main.o
 .debug_macro   0x000000000001f63c       0x34 ./Core/Src/main.o
 .debug_macro   0x000000000001f670       0x16 ./Core/Src/main.o
 .debug_macro   0x000000000001f686       0x35 ./Core/Src/main.o
 .debug_macro   0x000000000001f6bb       0x16 ./Core/Src/main.o
 .debug_macro   0x000000000001f6d1       0x43 ./Core/Src/main.o
 .debug_macro   0x000000000001f714       0x34 ./Core/Src/main.o
 .debug_macro   0x000000000001f748       0x10 ./Core/Src/main.o
 .debug_macro   0x000000000001f758       0x58 ./Core/Src/main.o
 .debug_macro   0x000000000001f7b0       0x71 ./Core/Src/main.o
 .debug_macro   0x000000000001f821       0x1c ./Core/Src/main.o
 .debug_macro   0x000000000001f83d      0x12a ./Core/Src/main.o
 .debug_macro   0x000000000001f967      0x333 ./Core/Src/main.o
 .debug_macro   0x000000000001fc9a       0x16 ./Core/Src/main.o
 .debug_macro   0x000000000001fcb0       0x29 ./Core/Src/main.o
 .debug_macro   0x000000000001fcd9       0x12 ./Core/Src/main.o
 .debug_macro   0x000000000001fceb       0xe2 ./Core/Src/main.o
 .debug_macro   0x000000000001fdcd       0x8e ./Core/Src/main.o
 .debug_macro   0x000000000001fe5b       0x16 ./Core/Src/main.o
 .debug_macro   0x000000000001fe71       0x20 ./Core/Src/main.o
 .debug_macro   0x000000000001fe91      0x1c9 ./Core/Src/stm32f4xx_hal_msp.o
 .debug_macro   0x000000000002005a      0x1d3 ./Core/Src/stm32f4xx_it.o
 .debug_macro   0x000000000002022d      0x1ba ./Core/Src/system_stm32f4xx.o
 .debug_macro   0x00000000000203e7      0x21a ./Drivers/STM32F4xx_HAL_Driver/Src/stm32f4xx_hal.o
 .debug_macro   0x0000000000020601      0x1ba ./Drivers/STM32F4xx_HAL_Driver/Src/stm32f4xx_hal_cortex.o
 .debug_macro   0x00000000000207bb      0x1c0 ./Drivers/STM32F4xx_HAL_Driver/Src/stm32f4xx_hal_gpio.o
 .debug_macro   0x000000000002097b      0x1d2 ./Drivers/STM32F4xx_HAL_Driver/Src/stm32f4xx_hal_pwr_ex.o
 .debug_macro   0x0000000000020b4d      0x1de ./Drivers/STM32F4xx_HAL_Driver/Src/stm32f4xx_hal_rcc.o
 .debug_macro   0x0000000000020d2b      0x1ba ./Drivers/STM32F4xx_HAL_Driver/Src/stm32f4xx_hal_rcc_ex.o
 .debug_macro   0x0000000000020ee5      0x1c9 ./Drivers/STM32F4xx_HAL_Driver/Src/stm32f4xx_hal_spi.o
 .debug_macro   0x00000000000210ae      0x2ee ./FATFS/App/fatfs.o
 .debug_macro   0x000000000002139c       0xe5 ./FATFS/App/fatfs.o
 .debug_macro   0x0000000000021481      0x30b ./FATFS/Target/user_diskio.o
 .debug_macro   0x000000000002178c       0x10 ./FATFS/Target/user_diskio.o
 .debug_macro   0x000000000002179c       0xd9 ./FATFS/Target/user_diskio.o
 .debug_macro   0x0000000000021875       0x56 ./FATFS/Target/user_diskio.o
 .debug_macro   0x00000000000218cb      0x2db ./Middlewares/Third_Party/FatFs/src/ff_gen_drv.o

.debug_line     0x0000000000000000     0xad5e
 .debug_line    0x0000000000000000      0xd4f ./Core/Src/fatfs_sd.o
 .debug_line    0x0000000000000d4f      0x9da ./Core/Src/main.o
 .debug_line    0x0000000000001729      0x6e2 ./Core/Src/stm32f4xx_hal_msp.o
 .debug_line    0x0000000000001e0b      0x78a ./Core/Src/stm32f4xx_it.o
 .debug_line    0x0000000000002595      0x716 ./Core/Src/system_stm32f4xx.o
 .debug_line    0x0000000000002cab       0x88 ./Core/Startup/startup_stm32f446retx.o
 .debug_line    0x0000000000002d33      0x97c ./Drivers/STM32F4xx_HAL_Driver/Src/stm32f4xx_hal.o
 .debug_line    0x00000000000036af      0xc2b ./Drivers/STM32F4xx_HAL_Driver/Src/stm32f4xx_hal_cortex.o
 .debug_line    0x00000000000042da      0xade ./Drivers/STM32F4xx_HAL_Driver/Src/stm32f4xx_hal_gpio.o
 .debug_line    0x0000000000004db8      0x8ab ./Drivers/STM32F4xx_HAL_Driver/Src/stm32f4xx_hal_pwr_ex.o
 .debug_line    0x0000000000005663      0xd04 ./Drivers/STM32F4xx_HAL_Driver/Src/stm32f4xx_hal_rcc.o
 .debug_line    0x0000000000006367     0x138a ./Drivers/STM32F4xx_HAL_Driver/Src/stm32f4xx_hal_rcc_ex.o
 .debug_line    0x00000000000076f1     0x1c04 ./Drivers/STM32F4xx_HAL_Driver/Src/stm32f4xx_hal_spi.o
 .debug_line    0x00000000000092f5      0x882 ./FATFS/App/fatfs.o
 .debug_line    0x0000000000009b77      0x8d8 ./FATFS/Target/user_diskio.o
 .debug_line    0x000000000000a44f      0x90f ./Middlewares/Third_Party/FatFs/src/ff_gen_drv.o

.debug_str      0x0000000000000000    0xc792e
 .debug_str     0x0000000000000000    0xc1d52 ./Core/Src/fatfs_sd.o
                                      0xc206d (size before relaxing)
 .debug_str     0x00000000000c1d52     0x3cc6 ./Core/Src/main.o
                                      0xc5c82 (size before relaxing)
 .debug_str     0x00000000000c5a18       0x53 ./Core/Src/stm32f4xx_hal_msp.o
                                      0xc1daf (size before relaxing)
 .debug_str     0x00000000000c5a6b       0xd6 ./Core/Src/stm32f4xx_it.o
                                      0xc1874 (size before relaxing)
 .debug_str     0x00000000000c5b41       0xaf ./Core/Src/system_stm32f4xx.o
                                      0xc1931 (size before relaxing)
 .debug_str     0x00000000000c5bf0       0x36 ./Core/Startup/startup_stm32f446retx.o
                                         0x76 (size before relaxing)
 .debug_str     0x00000000000c5c26      0xa85 ./Drivers/STM32F4xx_HAL_Driver/Src/stm32f4xx_hal.o
                                      0xc2454 (size before relaxing)
 .debug_str     0x00000000000c66ab      0x399 ./Drivers/STM32F4xx_HAL_Driver/Src/stm32f4xx_hal_cortex.o
                                      0xc221e (size before relaxing)
 .debug_str     0x00000000000c6a44      0x15f ./Drivers/STM32F4xx_HAL_Driver/Src/stm32f4xx_hal_gpio.o
                                      0xc1ad8 (size before relaxing)
 .debug_str     0x00000000000c6ba3      0x135 ./Drivers/STM32F4xx_HAL_Driver/Src/stm32f4xx_hal_pwr_ex.o
                                      0xc1b29 (size before relaxing)
 .debug_str     0x00000000000c6cd8      0x259 ./Drivers/STM32F4xx_HAL_Driver/Src/stm32f4xx_hal_rcc.o
                                      0xc1d38 (size before relaxing)
 .debug_str     0x00000000000c6f31      0x31c ./Drivers/STM32F4xx_HAL_Driver/Src/stm32f4xx_hal_rcc_ex.o
                                      0xc1d95 (size before relaxing)
 .debug_str     0x00000000000c724d      0x57a ./Drivers/STM32F4xx_HAL_Driver/Src/stm32f4xx_hal_spi.o
                                      0xc21b0 (size before relaxing)
 .debug_str     0x00000000000c77c7       0x2f ./FATFS/App/fatfs.o
                                      0xc5217 (size before relaxing)
 .debug_str     0x00000000000c77f6       0x6d ./FATFS/Target/user_diskio.o
                                      0xc51ee (size before relaxing)
 .debug_str     0x00000000000c7863       0xcb ./Middlewares/Third_Party/FatFs/src/ff_gen_drv.o
                                      0xc5175 (size before relaxing)

.comment        0x0000000000000000       0x53
 .comment       0x0000000000000000       0x53 ./Core/Src/fatfs_sd.o
                                         0x54 (size before relaxing)
 .comment       0x0000000000000053       0x54 ./Core/Src/main.o
 .comment       0x0000000000000053       0x54 ./Core/Src/stm32f4xx_hal_msp.o
 .comment       0x0000000000000053       0x54 ./Core/Src/stm32f4xx_it.o
 .comment       0x0000000000000053       0x54 ./Core/Src/system_stm32f4xx.o
 .comment       0x0000000000000053       0x54 ./Drivers/STM32F4xx_HAL_Driver/Src/stm32f4xx_hal.o
 .comment       0x0000000000000053       0x54 ./Drivers/STM32F4xx_HAL_Driver/Src/stm32f4xx_hal_cortex.o
 .comment       0x0000000000000053       0x54 ./Drivers/STM32F4xx_HAL_Driver/Src/stm32f4xx_hal_gpio.o
 .comment       0x0000000000000053       0x54 ./Drivers/STM32F4xx_HAL_Driver/Src/stm32f4xx_hal_pwr_ex.o
 .comment       0x0000000000000053       0x54 ./Drivers/STM32F4xx_HAL_Driver/Src/stm32f4xx_hal_rcc.o
 .comment       0x0000000000000053       0x54 ./Drivers/STM32F4xx_HAL_Driver/Src/stm32f4xx_hal_rcc_ex.o
 .comment       0x0000000000000053       0x54 ./Drivers/STM32F4xx_HAL_Driver/Src/stm32f4xx_hal_spi.o
 .comment       0x0000000000000053       0x54 ./FATFS/App/fatfs.o
 .comment       0x0000000000000053       0x54 ./FATFS/Target/user_diskio.o
 .comment       0x0000000000000053       0x54 ./Middlewares/Third_Party/FatFs/src/ff_gen_drv.o

.debug_frame    0x0000000000000000     0x1e70
 .debug_frame   0x0000000000000000      0x268 ./Core/Src/fatfs_sd.o
 .debug_frame   0x0000000000000268       0xe8 ./Core/Src/main.o
 .debug_frame   0x0000000000000350       0x80 ./Core/Src/stm32f4xx_hal_msp.o
 .debug_frame   0x00000000000003d0      0x124 ./Core/Src/stm32f4xx_it.o
 .debug_frame   0x00000000000004f4       0x58 ./Core/Src/system_stm32f4xx.o
 .debug_frame   0x000000000000054c      0x374 ./Drivers/STM32F4xx_HAL_Driver/Src/stm32f4xx_hal.o
 .debug_frame   0x00000000000008c0      0x498 ./Drivers/STM32F4xx_HAL_Driver/Src/stm32f4xx_hal_cortex.o
 .debug_frame   0x0000000000000d58      0x14c ./Drivers/STM32F4xx_HAL_Driver/Src/stm32f4xx_hal_gpio.o
 .debug_frame   0x0000000000000ea4      0x14c ./Drivers/STM32F4xx_HAL_Driver/Src/stm32f4xx_hal_pwr_ex.o
 .debug_frame   0x0000000000000ff0      0x1f0 ./Drivers/STM32F4xx_HAL_Driver/Src/stm32f4xx_hal_rcc.o
 .debug_frame   0x00000000000011e0      0x1e8 ./Drivers/STM32F4xx_HAL_Driver/Src/stm32f4xx_hal_rcc_ex.o
 .debug_frame   0x00000000000013c8      0x824 ./Drivers/STM32F4xx_HAL_Driver/Src/stm32f4xx_hal_spi.o
 .debug_frame   0x0000000000001bec       0x4c ./FATFS/App/fatfs.o
 .debug_frame   0x0000000000001c38       0xc4 ./FATFS/Target/user_diskio.o
 .debug_frame   0x0000000000001cfc       0xc8 ./Middlewares/Third_Party/FatFs/src/ff_gen_drv.o
 .debug_frame   0x0000000000001dc4       0x2c c:/st/stm32cubeide_1.7.0/stm32cubeide/plugins/com.st.stm32cube.ide.mcu.externaltools.gnu-tools-for-stm32.9-2020-q2-update.win32_2.0.0.202105311346/tools/bin/../lib/gcc/arm-none-eabi/9.3.1/../../../../arm-none-eabi/lib/thumb/v7e-m+fp/hard\libc_nano.a(lib_a-init.o)
 .debug_frame   0x0000000000001df0       0x20 c:/st/stm32cubeide_1.7.0/stm32cubeide/plugins/com.st.stm32cube.ide.mcu.externaltools.gnu-tools-for-stm32.9-2020-q2-update.win32_2.0.0.202105311346/tools/bin/../lib/gcc/arm-none-eabi/9.3.1/../../../../arm-none-eabi/lib/thumb/v7e-m+fp/hard\libc_nano.a(lib_a-memset.o)
 .debug_frame   0x0000000000001e10       0x2c c:/st/stm32cubeide_1.7.0/stm32cubeide/plugins/com.st.stm32cube.ide.mcu.externaltools.gnu-tools-for-stm32.9-2020-q2-update.win32_2.0.0.202105311346/tools/bin/../lib/gcc/arm-none-eabi/9.3.1/thumb/v7e-m+fp/hard\libgcc.a(_aeabi_uldivmod.o)
 .debug_frame   0x0000000000001e3c       0x34 c:/st/stm32cubeide_1.7.0/stm32cubeide/plugins/com.st.stm32cube.ide.mcu.externaltools.gnu-tools-for-stm32.9-2020-q2-update.win32_2.0.0.202105311346/tools/bin/../lib/gcc/arm-none-eabi/9.3.1/thumb/v7e-m+fp/hard\libgcc.a(_udivmoddi4.o)
